stations: train=11 test=[Dingling] (held out) | dev=cpu
air-quality irregular sweep | held-out Dingling | 10 seeds | Δt supplied to every arch | task: 6h ['PM2.5', 'TEMP'] from 48h history
pre-registered rule: domain won iff mt_lnn |t|>=2 vs gru_d AND lstm AND gru at the sparsest tier; claim needs >=2 of 3 domains

drop=0%  train 3000 / test 800 windows (standardised-space baseline RMSE 0.9219)
    mt_lnn       PM2.5  RMSE 21.842 ± 0.404
    mt_lnn       TEMP   RMSE 4.076 ± 0.071
    mt_lnn       (56,654 params)
    lstm         PM2.5  RMSE 23.026 ± 0.599
    lstm         TEMP   RMSE 4.197 ± 0.091
    lstm         (100,710 params)
    gru          PM2.5  RMSE 23.393 ± 1.077
    gru          TEMP   RMSE 4.232 ± 0.145
    gru          (76,062 params)
    gru_d        PM2.5  RMSE 23.909 ± 0.906
    gru_d        TEMP   RMSE 4.281 ± 0.074
    gru_d        (76,064 params)
/Users/aricredemption/Projects/M1/benchmarks/battery_soh_edge.py:167: UserWarning: enable_nested_tensor is True, but self.use_nested_tensor is False because encoder_layer.norm_first was True
  self.enc = nn.TransformerEncoder(enc, n_layers)
    transformer  PM2.5  RMSE 23.881 ± 0.960
    transformer  TEMP   RMSE 4.288 ± 0.113
    transformer  (153,906 params)

drop=30%  train 3000 / test 800 windows (standardised-space baseline RMSE 0.9433)
    mt_lnn       PM2.5  RMSE 22.957 ± 0.672
    mt_lnn       TEMP   RMSE 4.124 ± 0.055
    mt_lnn       (56,654 params)
    lstm         PM2.5  RMSE 24.493 ± 0.511
    lstm         TEMP   RMSE 4.274 ± 0.041
    lstm         (100,710 params)
    gru          PM2.5  RMSE 24.511 ± 0.773
    gru          TEMP   RMSE 4.261 ± 0.106
    gru          (76,062 params)
    gru_d        PM2.5  RMSE 24.624 ± 0.756
    gru_d        TEMP   RMSE 4.250 ± 0.144
    gru_d        (76,064 params)
    transformer  PM2.5  RMSE 24.080 ± 0.822
    transformer  TEMP   RMSE 4.232 ± 0.073
    transformer  (153,906 params)

drop=60%  train 3000 / test 800 windows (standardised-space baseline RMSE 0.9224)
    mt_lnn       PM2.5  RMSE 24.980 ± 0.504
    mt_lnn       TEMP   RMSE 4.366 ± 0.092
    mt_lnn       (56,654 params)
    lstm         PM2.5  RMSE 26.495 ± 0.362
    lstm         TEMP   RMSE 4.463 ± 0.088
    lstm         (100,710 params)
    gru          PM2.5  RMSE 27.675 ± 1.496
    gru          TEMP   RMSE 4.621 ± 0.161
    gru          (76,062 params)
    gru_d        PM2.5  RMSE 27.439 ± 1.082
    gru_d        TEMP   RMSE 4.630 ± 0.132
    gru_d        (76,064 params)
    transformer  PM2.5  RMSE 26.954 ± 1.068
    transformer  TEMP   RMSE 4.589 ± 0.152
    transformer  (153,906 params)

==================================================================
pairwise Welch t at drop=60% (positive = first arch lower RMSE)
  PM2.5  mt_lnn vs transformer  t=+5.29 SIGNIFICANT
  PM2.5  lstm vs mt_lnn       t=-7.72 SIGNIFICANT
  PM2.5  lstm vs transformer  t=+1.29 within noise
  PM2.5  gru vs mt_lnn       t=-5.40 SIGNIFICANT
  PM2.5  gru vs lstm         t=-2.43 SIGNIFICANT
  PM2.5  gru vs gru_d        t=-0.41 within noise
  PM2.5  gru vs transformer  t=-1.24 within noise
  PM2.5  gru_d vs mt_lnn       t=-6.51 SIGNIFICANT
  PM2.5  gru_d vs lstm         t=-2.61 SIGNIFICANT
  PM2.5  gru_d vs transformer  t=-1.01 within noise
  TEMP   mt_lnn vs transformer  t=+3.97 SIGNIFICANT
  TEMP   lstm vs mt_lnn       t=-2.42 SIGNIFICANT
  TEMP   lstm vs transformer  t=+2.27 SIGNIFICANT
  TEMP   gru vs mt_lnn       t=-4.35 SIGNIFICANT
  TEMP   gru vs lstm         t=-2.72 SIGNIFICANT
  TEMP   gru vs gru_d        t=+0.13 within noise
  TEMP   gru vs transformer  t=-0.45 within noise
  TEMP   gru_d vs mt_lnn       t=-5.20 SIGNIFICANT
  TEMP   gru_d vs lstm         t=-3.33 SIGNIFICANT
  TEMP   gru_d vs transformer  t=-0.64 within noise

results -> benchmarks/results/airquality_irregular_10seed.json
