== FIXED sweep pointer_chase difficulty=2 n_values=8 T=30 vocab=18 device=cuda depths=[1, 4] ==
  [seed 0] mt_lnn depth=1 fixed (203K params)
    step     0  loss 2.9539
    step   200  loss 2.0486
    step   400  loss 1.9999
    step   600  loss 2.0754
    step   800  loss 2.0405
    step  1000  loss 2.0333
    step  1200  loss 2.0252
    step  1400  loss 2.0671
    step  1600  loss 2.0591
    step  1800  loss 1.9943
    step  2000  loss 2.0359
    step  2200  loss 2.0648
    step  2400  loss 1.9956
    step  2600  loss 2.0527
    step  2800  loss 1.9613
    step  3000  loss 2.0658
    step  3200  loss 2.0254
    step  3400  loss 2.0241
    step  3600  loss 1.9982
    step  3800  loss 2.0025
    step  4000  loss 1.9955
    step  4200  loss 2.0175
    step  4400  loss 2.0625
    step  4600  loss 2.0589
    step  4800  loss 2.0213
    step  5000  loss 2.0207
    step  5200  loss 2.0524
    step  5400  loss 2.0625
    step  5600  loss 2.0150
    step  5800  loss 1.9980
    step  6000  loss 2.0592
    step  6200  loss 2.0007
    step  6400  loss 1.9958
    step  6600  loss 2.0280
    step  6800  loss 2.0399
    step  7000  loss 2.0111
    step  7200  loss 2.0327
    step  7400  loss 2.0294
    step  7600  loss 1.9829
    step  7800  loss 2.0325
    step  8000  loss 2.0204
    step  8200  loss 2.0234
    step  8400  loss 1.9737
    step  8600  loss 2.0156
    step  8800  loss 2.0196
    step  9000  loss 1.9790
    step  9200  loss 2.0736
    step  9400  loss 2.0044
    step  9600  loss 1.9864
    step  9800  loss 2.0069
    step 10000  loss 2.0250
    step 10200  loss 1.9916
    step 10400  loss 2.0369
    step 10600  loss 1.9644
    step 10800  loss 2.0081
    step 11000  loss 1.9862
    step 11200  loss 2.0344
    step 11400  loss 1.9859
    step 11600  loss 2.0156
    step 11800  loss 2.0120
    step 11999  loss 2.0266
    eval depth 1: acc 0.2494
  [seed 0] mt_lnn depth=4 fixed (203K params)
    step     0  loss 2.9540
    step   200  loss 2.0487
    step   400  loss 1.9999
    step   600  loss 2.0754
    step   800  loss 2.0406
    step  1000  loss 2.0333
    step  1200  loss 2.0252
    step  1400  loss 2.0671
    step  1600  loss 2.0591
    step  1800  loss 1.9944
    step  2000  loss 2.0360
    step  2200  loss 2.0649
    step  2400  loss 1.9960
    step  2600  loss 2.0527
    step  2800  loss 1.9610
    step  3000  loss 2.0665
    step  3200  loss 2.0253
    step  3400  loss 2.0239
    step  3600  loss 1.9972
    step  3800  loss 2.0011
    step  4000  loss 1.9931
    step  4200  loss 2.0152
    step  4400  loss 2.0620
    step  4600  loss 2.0580
    step  4800  loss 2.0188
    step  5000  loss 2.0143
    step  5200  loss 2.0469
    step  5400  loss 2.0641
    step  5600  loss 2.0162
    step  5800  loss 1.9968
    step  6000  loss 2.0529
    step  6200  loss 1.9988
    step  6400  loss 2.0014
    step  6600  loss 2.0278
    step  6800  loss 2.0365
    step  7000  loss 2.0138
    step  7200  loss 2.0325
    step  7400  loss 2.0302
    step  7600  loss 1.9750
    step  7800  loss 2.0182
    step  8000  loss 2.0228
    step  8200  loss 2.0166
    step  8400  loss 1.9803
    step  8600  loss 2.0160
    step  8800  loss 2.0306
    step  9000  loss 1.9843
    step  9200  loss 2.0745
    step  9400  loss 2.0026
    step  9600  loss 1.9850
    step  9800  loss 2.0123
    step 10000  loss 2.0247
    step 10200  loss 1.9857
    step 10400  loss 2.0363
    step 10600  loss 1.9638
    step 10800  loss 2.0100
    step 11000  loss 1.9898
    step 11200  loss 2.0347
    step 11400  loss 2.0005
    step 11600  loss 2.0200
    step 11800  loss 2.0117
    step 11999  loss 2.0365
    eval depth 4: acc 0.2498
  [seed 0] transformer 247K params
    step     0  loss 3.0901
    step   200  loss 2.0531
    step   400  loss 2.0036
    step   600  loss 2.0750
    step   800  loss 2.0227
    step  1000  loss 2.0100
    step  1200  loss 1.9998
    step  1400  loss 2.0451
    step  1600  loss 1.9966
    step  1800  loss 1.8588
    step  2000  loss 1.8971
    step  2200  loss 1.8737
    step  2400  loss 1.8238
    step  2600  loss 1.6782
    step  2800  loss 1.5509
    step  3000  loss 1.6273
    step  3200  loss 1.4521
    step  3400  loss 1.2443
    step  3600  loss 1.3346
    step  3800  loss 1.3175
    step  4000  loss 1.0253
    step  4200  loss 1.1086
    step  4400  loss 1.1331
    step  4600  loss 1.0191
    step  4800  loss 0.9005
    step  5000  loss 0.8135
    step  5200  loss 0.9648
    step  5400  loss 0.7883
    step  5600  loss 0.6230
    step  5800  loss 0.6863
    step  6000  loss 0.6969
    step  6200  loss 0.5867
    step  6400  loss 0.5479
    step  6600  loss 0.4202
    step  6800  loss 0.4622
    step  7000  loss 0.4100
    step  7200  loss 0.3627
    step  7400  loss 0.2921
    step  7600  loss 0.2570
    step  7800  loss 0.1995
    step  8000  loss 0.2393
    step  8200  loss 0.1825
    step  8400  loss 0.1342
    step  8600  loss 0.1259
    step  8800  loss 0.0950
    step  9000  loss 0.1206
    step  9200  loss 0.1304
    step  9400  loss 0.1028
    step  9600  loss 0.0696
    step  9800  loss 0.1057
    step 10000  loss 0.0978
    step 10200  loss 0.0690
    step 10400  loss 0.1005
    step 10600  loss 0.0856
    step 10800  loss 0.0863
    step 11000  loss 0.0613
    step 11200  loss 0.0602
    step 11400  loss 0.0699
    step 11600  loss 0.0669
    step 11800  loss 0.0783
    step 11999  loss 0.0728
    eval: acc 0.9932

== summary (mean over seeds, each depth = fresh fixed-depth model) ==
  mt_lnn depth 1: 0.2494 ± 0.0000
  mt_lnn depth 4: 0.2498 ± 0.0000
  transformer   : 0.9932 ± 0.0000

results appended to E:\M1\benchmarks\results\reasoning_depth.jsonl
