== FIXED sweep pointer_chase difficulty=4 n_values=8 T=30 vocab=18 device=cuda depths=[1, 2, 4] mix=True ==
  [seed 0] mt_lnn stack-depth=1 fixed (225K params, n_layers=2, scan=on)
    step     0  loss 2.9517
    step   200  loss 2.0896
    step   400  loss 2.0278
    step   600  loss 2.0982
    step   800  loss 2.0359
    step  1000  loss 2.0596
    step  1200  loss 2.0150
    step  1400  loss 2.0491
    step  1600  loss 2.1072
    step  1800  loss 1.8483
    step  2000  loss 2.0914
    step  2200  loss 2.0175
    step  2400  loss 2.0430
    step  2600  loss 2.0628
    step  2800  loss 1.9157
    step  3000  loss 1.8824
    step  3200  loss 2.0183
    step  3400  loss 1.9180
    step  3600  loss 1.8725
    step  3800  loss 2.0132
    step  4000  loss 2.0351
    step  4200  loss 2.0936
    step  4400  loss 1.7698
    step  4600  loss 2.0629
    step  4800  loss 1.8662
    step  5000  loss 1.7408
    step  5200  loss 2.0645
    step  5400  loss 2.0574
    step  5600  loss 2.0874
    step  5800  loss 2.0846
    step  6000  loss 1.9027
    step  6200  loss 2.0794
    step  6400  loss 2.0801
    step  6600  loss 1.8214
    step  6800  loss 1.9511
    step  7000  loss 2.0235
    step  7200  loss 2.0383
    step  7400  loss 1.8816
    step  7600  loss 1.8747
    step  7800  loss 2.0451
    step  8000  loss 1.8805
    step  8200  loss 2.0293
    step  8400  loss 2.0088
    step  8600  loss 2.0478
    step  8800  loss 2.0001
    step  9000  loss 1.8619
    step  9200  loss 2.0328
    step  9400  loss 1.8317
    step  9600  loss 2.0105
    step  9800  loss 2.0534
    step 10000  loss 2.0041
    step 10200  loss 1.9980
    step 10400  loss 2.0018
    step 10600  loss 1.8510
    step 10800  loss 1.9779
    step 11000  loss 1.9748
    step 11200  loss 1.9785
    step 11400  loss 1.8438
    step 11600  loss 2.0227
    step 11800  loss 2.0180
    step 12000  loss 2.0423
    step 12200  loss 2.0244
    step 12400  loss 1.9510
    step 12600  loss 2.0237
    step 12800  loss 1.7463
    step 13000  loss 2.0205
    step 13200  loss 1.9554
    step 13400  loss 1.7293
    step 13600  loss 1.9890
    step 13800  loss 1.9458
    step 14000  loss 2.0354
    step 14200  loss 1.9531
    step 14400  loss 1.9540
    step 14600  loss 1.9901
    step 14800  loss 1.9193
    step 15000  loss 2.0049
    step 15200  loss 1.9812
    step 15400  loss 1.9875
    step 15600  loss 2.0126
    step 15800  loss 1.9896
    step 16000  loss 1.7810
    step 16200  loss 2.0151
    step 16400  loss 1.9760
    step 16600  loss 2.0674
    step 16800  loss 2.0283
    step 17000  loss 1.9639
    step 17200  loss 1.7871
    step 17400  loss 2.0131
    step 17600  loss 1.9898
    step 17800  loss 1.9517
    step 18000  loss 1.9189
    step 18200  loss 2.0153
    step 18400  loss 1.8269
    step 18600  loss 2.0335
    step 18800  loss 2.0214
    step 19000  loss 1.9966
    step 19200  loss 1.8382
    step 19400  loss 2.0250
    step 19600  loss 2.0592
    step 19800  loss 2.0017
    step 19999  loss 2.0420
    eval depth 1: k=1:0.169  k=2:0.242  k=3:0.254  k=4:0.379
  [seed 0] mt_lnn stack-depth=2 fixed (225K params, n_layers=2, scan=on)
    step     0  loss 2.8948
    step   200  loss 2.0896
    step   400  loss 2.0686
    step   600  loss 2.0997
    step   800  loss 2.0445
    step  1000  loss 2.0554
    step  1200  loss 2.0171
    step  1400  loss 2.0484
    step  1600  loss 2.0916
    step  1800  loss 1.8569
    step  2000  loss 2.0872
    step  2200  loss 2.0178
    step  2400  loss 2.0372
    step  2600  loss 2.0609
    step  2800  loss 1.9153
    step  3000  loss 1.8958
    step  3200  loss 2.0282
    step  3400  loss 1.9207
    step  3600  loss 1.8611
    step  3800  loss 2.0135
    step  4000  loss 2.0396
    step  4200  loss 2.0864
    step  4400  loss 1.7642
    step  4600  loss 2.0586
    step  4800  loss 1.8650
    step  5000  loss 1.7337
    step  5200  loss 2.0611
    step  5400  loss 2.0630
    step  5600  loss 2.0891
    step  5800  loss 2.0790
    step  6000  loss 1.8830
    step  6200  loss 2.0836
    step  6400  loss 2.0864
    step  6600  loss 1.8226
    step  6800  loss 1.9395
    step  7000  loss 2.0303
    step  7200  loss 2.0596
    step  7400  loss 1.8856
    step  7600  loss 1.8999
    step  7800  loss 2.0316
    step  8000  loss 1.8804
    step  8200  loss 2.0354
    step  8400  loss 2.0268
    step  8600  loss 2.0844
    step  8800  loss 2.0846
    step  9000  loss 1.8676
    step  9200  loss 2.0479
    step  9400  loss 1.8394
    step  9600  loss 2.0323
    step  9800  loss 2.0615
    step 10000  loss 1.9951
    step 10200  loss 1.9983
    step 10400  loss 2.0044
    step 10600  loss 1.8483
    step 10800  loss 1.9877
    step 11000  loss 1.9668
    step 11200  loss 1.9813
    step 11400  loss 1.8451
    step 11600  loss 2.0279
    step 11800  loss 2.0231
    step 12000  loss 2.0418
    step 12200  loss 2.0277
    step 12400  loss 1.9465
    step 12600  loss 2.0471
    step 12800  loss 1.7476
    step 13000  loss 2.0143
    step 13200  loss 1.9558
    step 13400  loss 1.7233
    step 13600  loss 1.9876
    step 13800  loss 1.9539
    step 14000  loss 2.0390
    step 14200  loss 1.9527
    step 14400  loss 1.9502
    step 14600  loss 1.9941
    step 14800  loss 1.9261
    step 15000  loss 2.0077
    step 15200  loss 1.9867
    step 15400  loss 1.9835
    step 15600  loss 1.9982
    step 15800  loss 1.9782
    step 16000  loss 1.7789
    step 16200  loss 2.0170
    step 16400  loss 1.9620
    step 16600  loss 2.0734
    step 16800  loss 2.0327
    step 17000  loss 1.9560
    step 17200  loss 1.7848
    step 17400  loss 2.0141
    step 17600  loss 1.9783
    step 17800  loss 1.9593
    step 18000  loss 1.9141
    step 18200  loss 2.0117
    step 18400  loss 1.8280
    step 18600  loss 2.0370
    step 18800  loss 2.0146
    step 19000  loss 1.9954
    step 19200  loss 1.8379
    step 19400  loss 2.0264
    step 19600  loss 2.0318
    step 19800  loss 2.0032
    step 19999  loss 2.0398
    eval depth 2: k=1:0.158  k=2:0.243  k=3:0.252  k=4:0.379
  [seed 0] mt_lnn stack-depth=4 fixed (225K params, n_layers=2, scan=on)
    step     0  loss 2.8731
    step   200  loss 2.0890
    step   400  loss 2.0864
    step   600  loss 2.0850
    step   800  loss 2.0605
    step  1000  loss 2.0800
    step  1200  loss 2.0477
    step  1400  loss 2.0530
    step  1600  loss 2.1239
    step  1800  loss 1.9892
    step  2000  loss 2.1025
    step  2200  loss 2.0197
    step  2400  loss 2.0950
    step  2600  loss 2.0505
    step  2800  loss 1.9709
    step  3000  loss 1.9838
    step  3200  loss 2.0158
    step  3400  loss 1.9209
    step  3600  loss 1.9272
    step  3800  loss 2.0277
    step  4000  loss 2.0462
    step  4200  loss 2.0958
    step  4400  loss 1.7916
    step  4600  loss 2.0665
    step  4800  loss 1.8621
    step  5000  loss 1.7613
    step  5200  loss 2.0708
    step  5400  loss 2.0488
    step  5600  loss 2.0910
    step  5800  loss 2.0831
    step  6000  loss 1.8755
    step  6200  loss 2.0834
    step  6400  loss 2.0826
    step  6600  loss 1.8249
    step  6800  loss 1.9453
    step  7000  loss 2.0373
    step  7200  loss 2.0607
    step  7400  loss 1.8883
    step  7600  loss 1.8889
    step  7800  loss 2.0315
    step  8000  loss 1.8851
    step  8200  loss 2.0266
    step  8400  loss 2.0216
    step  8600  loss 2.0862
    step  8800  loss 2.0321
    step  9000  loss 1.8995
    step  9200  loss 2.0514
    step  9400  loss 1.8375
    step  9600  loss 2.0220
    step  9800  loss 2.0611
    step 10000  loss 2.0043
    step 10200  loss 1.9940
    step 10400  loss 1.9863
    step 10600  loss 1.9512
    step 10800  loss 2.0034
    step 11000  loss 1.9811
    step 11200  loss 1.9828
    step 11400  loss 1.8603
    step 11600  loss 2.0260
    step 11800  loss 2.0327
