== FIXED sweep mod_chain difficulty=8 n_values=10 T=18 vocab=20 device=cuda depths=[1, 2, 4, 8] ==
  [seed 0] mt_lnn depth=1 fixed (203K params)
    step     0  loss 2.9817
    step   200  loss 1.9756
    step   400  loss 1.9634
    step   600  loss 1.8363
    step   800  loss 1.7741
    step  1000  loss 1.8598
    step  1200  loss 1.7786
    step  1400  loss 1.7191
    step  1600  loss 1.7345
    step  1800  loss 1.7291
    step  2000  loss 1.6984
    step  2200  loss 1.6250
    step  2400  loss 1.7622
    step  2600  loss 1.6095
    step  2800  loss 1.6908
    step  3000  loss 1.5960
    step  3200  loss 1.6778
    step  3400  loss 1.6718
    step  3600  loss 1.5601
    step  3800  loss 1.5613
    step  4000  loss 1.5985
    step  4200  loss 1.5355
    step  4400  loss 1.5042
    step  4600  loss 1.4824
    step  4800  loss 1.5365
    step  5000  loss 1.4338
    step  5200  loss 1.4815
    step  5400  loss 1.5390
    step  5600  loss 1.5122
    step  5800  loss 1.5304
    step  5999  loss 1.4066
    eval depth 1: acc 0.2891
  [seed 0] mt_lnn depth=2 fixed (203K params)
    step     0  loss 2.9797
    step   200  loss 1.9759
    step   400  loss 1.9639
    step   600  loss 1.8320
    step   800  loss 1.7705
    step  1000  loss 1.8197
    step  1200  loss 1.7808
    step  1400  loss 1.7362
    step  1600  loss 1.7291
    step  1800  loss 1.7013
    step  2000  loss 1.6894
    step  2200  loss 1.6134
    step  2400  loss 1.6950
    step  2600  loss 1.6147
    step  2800  loss 1.7180
    step  3000  loss 1.5741
    step  3200  loss 1.7671
    step  3400  loss 1.6694
    step  3600  loss 1.5315
    step  3800  loss 1.6947
    step  4000  loss 1.5983
    step  4200  loss 1.5451
    step  4400  loss 1.4922
    step  4600  loss 1.4875
    step  4800  loss 1.5314
    step  5000  loss 1.4568
    step  5200  loss 1.4796
    step  5400  loss 1.5848
    step  5600  loss 1.5159
    step  5800  loss 1.5490
    step  5999  loss 1.4101
    eval depth 2: acc 0.2871
  [seed 0] mt_lnn depth=4 fixed (203K params)
    step     0  loss 2.9794
    step   200  loss 1.9761
    step   400  loss 1.9638
    step   600  loss 1.8324
    step   800  loss 1.7967
    step  1000  loss 1.8173
    step  1200  loss 1.7917
    step  1400  loss 1.7105
    step  1600  loss 1.7309
    step  1800  loss 1.7177
    step  2000  loss 1.6932
    step  2200  loss 1.6378
    step  2400  loss 1.6991
    step  2600  loss 1.6333
    step  2800  loss 1.6881
    step  3000  loss 1.5951
    step  3200  loss 1.6556
    step  3400  loss 1.6935
    step  3600  loss 1.5479
    step  3800  loss 1.5851
    step  4000  loss 1.5707
    step  4200  loss 1.5153
    step  4400  loss 1.4553
    step  4600  loss 1.5092
    step  4800  loss 1.5631
    step  5000  loss 1.4489
    step  5200  loss 1.4875
    step  5400  loss 1.5790
    step  5600  loss 1.5310
    step  5800  loss 1.5474
    step  5999  loss 1.3995
    eval depth 4: acc 0.2889
  [seed 0] mt_lnn depth=8 fixed (203K params)
    step     0  loss 2.9794
    step   200  loss 1.9761
    step   400  loss 1.9638
    step   600  loss 1.8304
    step   800  loss 1.7755
    step  1000  loss 1.8063
    step  1200  loss 1.7925
    step  1400  loss 1.7150
    step  1600  loss 1.7282
    step  1800  loss 1.7347
    step  2000  loss 1.6912
    step  2200  loss 1.6373
    step  2400  loss 1.7286
    step  2600  loss 1.6343
    step  2800  loss 1.7064
    step  3000  loss 1.5940
    step  3200  loss 1.6528
    step  3400  loss 1.6701
    step  3600  loss 1.5325
    step  3800  loss 1.5483
    step  4000  loss 1.6278
    step  4200  loss 1.5190
    step  4400  loss 1.4567
    step  4600  loss 1.5061
    step  4800  loss 1.5607
    step  5000  loss 1.4443
    step  5200  loss 1.4823
    step  5400  loss 1.5692
    step  5600  loss 1.5330
    step  5800  loss 1.5567
    step  5999  loss 1.3943
    eval depth 8: acc 0.2916
  [seed 0] transformer 247K params
    step     0  loss 3.1567
    step   200  loss 1.9699
    step   400  loss 1.8920
    step   600  loss 1.7148
    step   800  loss 1.6572
    step  1000  loss 1.6891
    step  1200  loss 1.5189
    step  1400  loss 1.4400
    step  1600  loss 1.4724
    step  1800  loss 1.4605
    step  2000  loss 1.4826
    step  2200  loss 1.3945
    step  2400  loss 1.4848
    step  2600  loss 1.4163
    step  2800  loss 1.4879
    step  3000  loss 1.3966
    step  3200  loss 1.4716
    step  3400  loss 1.5441
    step  3600  loss 1.4061
    step  3800  loss 1.4438
    step  4000  loss 1.4707
    step  4200  loss 1.4765
    step  4400  loss 1.4067
    step  4600  loss 1.4257
    step  4800  loss 1.4577
    step  5000  loss 1.3769
    step  5200  loss 1.4324
    step  5400  loss 1.4899
    step  5600  loss 1.4463
    step  5800  loss 1.4764
    step  5999  loss 1.3521
    eval: acc 0.2967
  [seed 1] mt_lnn depth=1 fixed (203K params)
    step     0  loss 3.0905
    step   200  loss 2.0037
    step   400  loss 1.9286
    step   600  loss 1.9040
    step   800  loss 1.8235
    step  1000  loss 1.8250
    step  1200  loss 1.7138
    step  1400  loss 1.7454
    step  1600  loss 1.7524
    step  1800  loss 1.8506
    step  2000  loss 1.7485
    step  2200  loss 1.6382
    step  2400  loss 1.5989
    step  2600  loss 1.5877
    step  2800  loss 1.6331
    step  3000  loss 1.5116
    step  3200  loss 1.5086
    step  3400  loss 1.4311
    step  3600  loss 1.4199
    step  3800  loss 1.5071
    step  4000  loss 1.5297
    step  4200  loss 1.4691
    step  4400  loss 1.4532
    step  4600  loss 1.3524
    step  4800  loss 1.4478
    step  5000  loss 1.4190
    step  5200  loss 1.4556
    step  5400  loss 1.4573
    step  5600  loss 1.5081
    step  5800  loss 1.4232
    step  5999  loss 1.4319
    eval depth 1: acc 0.2947
  [seed 1] mt_lnn depth=2 fixed (203K params)
    step     0  loss 3.0887
    step   200  loss 2.0090
    step   400  loss 1.9055
    step   600  loss 1.8743
    step   800  loss 1.7858
    step  1000  loss 1.7977
    step  1200  loss 1.6901
    step  1400  loss 1.7136
    step  1600  loss 1.7479
    step  1800  loss 1.8402
    step  2000  loss 1.6757
    step  2200  loss 1.6359
    step  2400  loss 1.6214
    step  2600  loss 1.5831
    step  2800  loss 1.6621
    step  3000  loss 1.4645
    step  3200  loss 1.6021
    step  3400  loss 1.3886
    step  3600  loss 1.4308
    step  3800  loss 1.4734
    step  4000  loss 1.5509
    step  4200  loss 1.5037
    step  4400  loss 1.4687
    step  4600  loss 1.3654
    step  4800  loss 1.4513
    step  5000  loss 1.4410
    step  5200  loss 1.4312
    step  5400  loss 1.4301
    step  5600  loss 1.4645
    step  5800  loss 1.4285
    step  5999  loss 1.4566
    eval depth 2: acc 0.2975
  [seed 1] mt_lnn depth=4 fixed (203K params)
    step     0  loss 3.0884
    step   200  loss 2.0097
    step   400  loss 1.9350
    step   600  loss 1.8579
    step   800  loss 1.7814
    step  1000  loss 1.7914
    step  1200  loss 1.6878
    step  1400  loss 1.7058
    step  1600  loss 1.7611
    step  1800  loss 1.8212
    step  2000  loss 1.6624
    step  2200  loss 1.6474
    step  2400  loss 1.6361
    step  2600  loss 1.6271
    step  2800  loss 1.6871
    step  3000  loss 1.5422
    step  3200  loss 1.6159
    step  3400  loss 1.4532
    step  3600  loss 1.4839
    step  3800  loss 1.5444
    step  4000  loss 1.5692
    step  4200  loss 1.5121
    step  4400  loss 1.5222
    step  4600  loss 1.3531
    step  4800  loss 1.4861
    step  5000  loss 1.4321
    step  5200  loss 1.4575
    step  5400  loss 1.4543
    step  5600  loss 1.5051
    step  5800  loss 1.4914
    step  5999  loss 1.4476
    eval depth 4: acc 0.2891
  [seed 1] mt_lnn depth=8 fixed (203K params)
    step     0  loss 3.0884
    step   200  loss 2.0097
    step   400  loss 1.9375
    step   600  loss 1.8660
    step   800  loss 1.7790
    step  1000  loss 1.7906
    step  1200  loss 1.6910
    step  1400  loss 1.7023
    step  1600  loss 1.7622
    step  1800  loss 1.8351
    step  2000  loss 1.7026
    step  2200  loss 1.6698
    step  2400  loss 1.6575
    step  2600  loss 1.6426
    step  2800  loss 1.6739
    step  3000  loss 1.5329
    step  3200  loss 1.5483
    step  3400  loss 1.4752
    step  3600  loss 1.4634
    step  3800  loss 1.5305
    step  4000  loss 1.6012
    step  4200  loss 1.5099
    step  4400  loss 1.5126
    step  4600  loss 1.3722
    step  4800  loss 1.4804
    step  5000  loss 1.4707
    step  5200  loss 1.4504
    step  5400  loss 1.5224
    step  5600  loss 1.5000
    step  5800  loss 1.4564
    step  5999  loss 1.4373
    eval depth 8: acc 0.2891
  [seed 1] transformer 247K params
    step     0  loss 3.0936
    step   200  loss 1.9459
    step   400  loss 1.8195
    step   600  loss 1.7730
    step   800  loss 1.6305
    step  1000  loss 1.5499
    step  1200  loss 1.4865
    step  1400  loss 1.4788
    step  1600  loss 1.5571
    step  1800  loss 1.5523
    step  2000  loss 1.5656
    step  2200  loss 1.4266
    step  2400  loss 1.4068
    step  2600  loss 1.4373
    step  2800  loss 1.5136
    step  3000  loss 1.4186
    step  3200  loss 1.4108
    step  3400  loss 1.3380
    step  3600  loss 1.3062
    step  3800  loss 1.3610
    step  4000  loss 1.4039
    step  4200  loss 1.4078
    step  4400  loss 1.3818
    step  4600  loss 1.2575
    step  4800  loss 1.3400
    step  5000  loss 1.2856
    step  5200  loss 1.3443
    step  5400  loss 1.3292
    step  5600  loss 1.3535
    step  5800  loss 1.3452
    step  5999  loss 1.3583
    eval: acc 0.3172
  [seed 2] mt_lnn depth=1 fixed (203K params)
    step     0  loss 3.0576
    step   200  loss 1.9786
    step   400  loss 1.7773
    step   600  loss 1.9473
    step   800  loss 1.7559
    step  1000  loss 1.8106
    step  1200  loss 1.7131
    step  1400  loss 1.7321
    step  1600  loss 1.6406
    step  1800  loss 1.5739
    step  2000  loss 1.5339
    step  2200  loss 1.5258
    step  2400  loss 1.5239
    step  2600  loss 1.5055
    step  2800  loss 1.4762
    step  3000  loss 1.4857
    step  3200  loss 1.3999
    step  3400  loss 1.3834
    step  3600  loss 1.5083
    step  3800  loss 1.4767
    step  4000  loss 1.3245
    step  4200  loss 1.4909
    step  4400  loss 1.3755
    step  4600  loss 1.4308
    step  4800  loss 1.5162
    step  5000  loss 1.4236
    step  5200  loss 1.4393
    step  5400  loss 1.4339
    step  5600  loss 1.3854
    step  5800  loss 1.4170
    step  5999  loss 1.4322
    eval depth 1: acc 0.2838
  [seed 2] mt_lnn depth=2 fixed (203K params)
    step     0  loss 3.0569
    step   200  loss 1.9819
    step   400  loss 1.7829
    step   600  loss 1.9518
    step   800  loss 1.7659
    step  1000  loss 1.8092
    step  1200  loss 1.8131
    step  1400  loss 1.7582
    step  1600  loss 1.7140
    step  1800  loss 1.7171
    step  2000  loss 1.5931
    step  2200  loss 1.6555
    step  2400  loss 1.6073
    step  2600  loss 1.5337
    step  2800  loss 1.5905
    step  3000  loss 1.5982
    step  3200  loss 1.4373
    step  3400  loss 1.4375
    step  3600  loss 1.5518
    step  3800  loss 1.5276
    step  4000  loss 1.3729
    step  4200  loss 1.5131
    step  4400  loss 1.4130
    step  4600  loss 1.4848
    step  4800  loss 1.5390
    step  5000  loss 1.4561
    step  5200  loss 1.4572
    step  5400  loss 1.4781
    step  5600  loss 1.3455
    step  5800  loss 1.4607
    step  5999  loss 1.4516
    eval depth 2: acc 0.3061
  [seed 2] mt_lnn depth=4 fixed (203K params)
    step     0  loss 3.0568
    step   200  loss 1.9823
    step   400  loss 1.7832
    step   600  loss 1.9442
    step   800  loss 1.7697
    step  1000  loss 1.8103
    step  1200  loss 1.8081
    step  1400  loss 1.7596
    step  1600  loss 1.7315
    step  1800  loss 1.6907
    step  2000  loss 1.5659
    step  2200  loss 1.6516
    step  2400  loss 1.5895
    step  2600  loss 1.5117
    step  2800  loss 1.5303
    step  3000  loss 1.5485
    step  3200  loss 1.4174
    step  3400  loss 1.4111
    step  3600  loss 1.5043
    step  3800  loss 1.4624
    step  4000  loss 1.3710
    step  4200  loss 1.5225
    step  4400  loss 1.4101
    step  4600  loss 1.4849
    step  4800  loss 1.5337
    step  5000  loss 1.4446
    step  5200  loss 1.4516
    step  5400  loss 1.4895
    step  5600  loss 1.3425
    step  5800  loss 1.4451
    step  5999  loss 1.4477
    eval depth 4: acc 0.3023
  [seed 2] mt_lnn depth=8 fixed (203K params)
    step     0  loss 3.0568
    step   200  loss 1.9823
    step   400  loss 1.7832
    step   600  loss 1.9438
    step   800  loss 1.7702
    step  1000  loss 1.8103
    step  1200  loss 1.8076
    step  1400  loss 1.7544
    step  1600  loss 1.7329
    step  1800  loss 1.7029
    step  2000  loss 1.5690
    step  2200  loss 1.6474
    step  2400  loss 1.6082
    step  2600  loss 1.5043
    step  2800  loss 1.5151
    step  3000  loss 1.5938
    step  3200  loss 1.4464
    step  3400  loss 1.4238
    step  3600  loss 1.5605
    step  3800  loss 1.5217
    step  4000  loss 1.3938
    step  4200  loss 1.5207
    step  4400  loss 1.3889
    step  4600  loss 1.4989
    step  4800  loss 1.5402
    step  5000  loss 1.4460
    step  5200  loss 1.4510
    step  5400  loss 1.4488
    step  5600  loss 1.3532
    step  5800  loss 1.4764
    step  5999  loss 1.4484
    eval depth 8: acc 0.2988
  [seed 2] transformer 247K params
    step     0  loss 3.1168
    step   200  loss 1.9607
    step   400  loss 1.7560
    step   600  loss 1.8208
    step   800  loss 1.6206
    step  1000  loss 1.7204
    step  1200  loss 1.6414
    step  1400  loss 1.6850
    step  1600  loss 1.5262
    step  1800  loss 1.5083
    step  2000  loss 1.4876
    step  2200  loss 1.5242
    step  2400  loss 1.4736
    step  2600  loss 1.4295
    step  2800  loss 1.4527
    step  3000  loss 1.4905
    step  3200  loss 1.3940
    step  3400  loss 1.3738
    step  3600  loss 1.4399
    step  3800  loss 1.4269
    step  4000  loss 1.3183
    step  4200  loss 1.4591
    step  4400  loss 1.3632
    step  4600  loss 1.4352
    step  4800  loss 1.5055
    step  5000  loss 1.4105
    step  5200  loss 1.4179
    step  5400  loss 1.3955
    step  5600  loss 1.3384
    step  5800  loss 1.3996
    step  5999  loss 1.4114
    eval: acc 0.2930

== summary (mean over seeds, each depth = fresh fixed-depth model) ==
  mt_lnn depth 1: 0.2892 ± 0.0045
  mt_lnn depth 2: 0.2969 ± 0.0077
  mt_lnn depth 4: 0.2934 ± 0.0063
  mt_lnn depth 8: 0.2932 ± 0.0041
  transformer   : 0.3023 ± 0.0107

results appended to E:\M1\benchmarks\results\reasoning_depth.jsonl
