== FIXED sweep pointer_chase difficulty=2 n_values=8 T=30 vocab=18 device=cuda depths=[1] ==
  [seed 0] mt_lnn depth=1 fixed (225K params, n_layers=2, scan=off)
    step     0  loss 2.9651
    step   200  loss 2.0578
    step   400  loss 2.0016
    step   600  loss 2.0756
    step   800  loss 2.0395
    step  1000  loss 2.0330
    step  1200  loss 2.0136
    step  1400  loss 2.0497
    step  1600  loss 1.9849
    step  1800  loss 1.9290
    step  2000  loss 1.9345
    step  2200  loss 1.9407
    step  2400  loss 1.9100
    step  2600  loss 1.9028
    step  2800  loss 1.7703
    step  3000  loss 1.8943
    step  3200  loss 1.8527
    step  3400  loss 1.8268
    step  3600  loss 1.7243
    step  3800  loss 1.6630
    step  4000  loss 1.6378
    step  4200  loss 1.6312
    step  4400  loss 1.6471
    step  4600  loss 1.4907
    step  4800  loss 1.3755
    step  5000  loss 1.2786
    step  5200  loss 1.4234
    step  5400  loss 1.4604
    step  5600  loss 1.3450
    step  5800  loss 1.2705
    step  6000  loss 1.1735
    step  6200  loss 1.2465
    step  6400  loss 1.0801
    step  6600  loss 1.1796
    step  6800  loss 1.1701
    step  7000  loss 1.1821
    step  7200  loss 1.1327
    step  7400  loss 1.1308
    step  7600  loss 1.1296
    step  7800  loss 1.1919
    step  8000  loss 1.0992
    step  8200  loss 0.9251
    step  8400  loss 1.0586
    step  8600  loss 1.1745
    step  8800  loss 0.9022
    step  9000  loss 0.8587
    step  9200  loss 0.9673
    step  9400  loss 0.8117
    step  9600  loss 0.7655
    step  9800  loss 0.8903
    step 10000  loss 0.7627
    step 10200  loss 0.6751
    step 10400  loss 0.6953
    step 10600  loss 0.6901
    step 10800  loss 0.6457
    step 11000  loss 0.6475
    step 11200  loss 0.7565
    step 11400  loss 0.7115
    step 11600  loss 0.6247
    step 11800  loss 0.6058
    step 12000  loss 0.6675
    step 12200  loss 0.5689
    step 12400  loss 0.5976
    step 12600  loss 0.5253
    step 12800  loss 0.5203
    step 13000  loss 0.6105
    step 13200  loss 0.5565
    step 13400  loss 0.5084
    step 13600  loss 0.5764
    step 13800  loss 0.3642
    step 14000  loss 0.3343
    step 14200  loss 0.4106
    step 14400  loss 0.3439
    step 14600  loss 0.3330
    step 14800  loss 0.3967
    step 15000  loss 0.3624
    step 15200  loss 0.2878
    step 15400  loss 0.2754
    step 15600  loss 0.3093
    step 15800  loss 0.2973
    step 16000  loss 0.2112
    step 16200  loss 0.2017
    step 16400  loss 0.1905
    step 16600  loss 0.3472
    step 16800  loss 0.1890
    step 17000  loss 0.1896
    step 17200  loss 0.2007
    step 17400  loss 0.2250
    step 17600  loss 0.2168
    step 17800  loss 0.1169
    step 18000  loss 0.0466
    step 18200  loss 0.1451
    step 18400  loss 0.0546
    step 18600  loss 0.0065
    step 18800  loss 0.0064
    step 19000  loss 0.0189
    step 19200  loss 0.0147
    step 19400  loss 0.0033
    step 19600  loss 0.0004
    step 19800  loss 0.0006
    step 20000  loss 0.0005
    step 20200  loss 0.0004
    step 20400  loss 0.0010
    step 20600  loss 0.0003
    step 20800  loss 0.0003
    step 21000  loss 0.0001
    step 21200  loss 0.0001
    step 21400  loss 0.0002
    step 21600  loss 0.0001
    step 21800  loss 0.0001
    step 22000  loss 0.0001
    step 22200  loss 0.0003
    step 22400  loss 0.0000
    step 22600  loss 0.0002
    step 22800  loss 0.0001
    step 23000  loss 0.0000
    step 23200  loss 0.0000
    step 23400  loss 0.0000
    step 23600  loss 0.0000
    step 23800  loss 0.0000
    step 24000  loss 0.0000
    step 24200  loss 0.0000
    step 24400  loss 0.0000
    step 24600  loss 0.0000
    step 24800  loss 0.0000
    step 25000  loss 0.0000
    step 25200  loss 0.0000
    step 25400  loss 0.0000
    step 25600  loss 0.0000
    step 25800  loss 0.0000
    step 26000  loss 0.0000
    step 26200  loss 0.0000
    step 26400  loss 0.0000
    step 26600  loss 0.0000
    step 26800  loss 0.0000
    step 27000  loss 0.0000
    step 27200  loss 0.0000
    step 27400  loss 0.0000
    step 27600  loss 0.0000
    step 27800  loss 0.0000
    step 28000  loss 0.0000
    step 28200  loss 0.0000
    step 28400  loss 0.0000
    step 28600  loss 0.0000
    step 28800  loss 0.0000
    step 29000  loss 0.0000
    step 29200  loss 0.0000
    step 29400  loss 0.0000
    step 29600  loss 0.0000
    step 29800  loss 0.0000
    step 29999  loss 0.0000
    eval depth 1: acc 1.0000

== summary (mean over seeds, each depth = fresh fixed-depth model) ==
  mt_lnn depth 1: 1.0000 ± 0.0000

results appended to E:\M1\benchmarks\results\reasoning_depth.jsonl
