== FIXED sweep pointer_chase difficulty=4 n_values=8 T=30 vocab=18 device=cuda depths=[1, 2, 4] ==
  [seed 0] mt_lnn stack-depth=1 fixed (225K params, n_layers=2, scan=on)
    step     0  loss 2.9517
    step   200  loss 1.8654
    step   400  loss 1.8501
    step   600  loss 1.9034
    step   800  loss 1.9525
    step  1000  loss 1.9206
    step  1200  loss 1.8342
    step  1400  loss 1.9334
    step  1600  loss 1.9486
    step  1800  loss 1.7985
    step  2000  loss 1.9499
    step  2200  loss 1.9737
    step  2400  loss 1.7932
    step  2600  loss 1.8886
    step  2800  loss 1.7739
    step  3000  loss 1.9664
    step  3200  loss 1.9713
    step  3400  loss 1.9355
    step  3600  loss 1.7955
    step  3800  loss 1.9090
    step  4000  loss 1.9061
    step  4200  loss 1.8462
    step  4400  loss 1.9494
    step  4600  loss 1.9672
    step  4800  loss 1.8760
    step  5000  loss 1.8254
    step  5200  loss 1.9106
    step  5400  loss 1.9346
    step  5600  loss 1.7727
    step  5800  loss 1.8602
    step  6000  loss 1.8758
    step  6200  loss 1.9213
    step  6400  loss 1.8227
    step  6600  loss 1.9063
    step  6800  loss 1.9891
    step  7000  loss 1.9087
    step  7200  loss 1.8945
    step  7400  loss 1.8617
    step  7600  loss 1.8375
    step  7800  loss 1.8720
    step  8000  loss 1.8644
    step  8200  loss 1.8302
    step  8400  loss 1.7722
    step  8600  loss 1.8465
    step  8800  loss 1.8454
    step  9000  loss 1.7457
    step  9200  loss 1.8579
    step  9400  loss 1.7698
    step  9600  loss 1.8253
    step  9800  loss 1.7827
    step 10000  loss 1.8519
    step 10200  loss 1.8080
    step 10400  loss 1.8292
    step 10600  loss 1.7480
    step 10800  loss 1.8160
    step 11000  loss 1.7465
    step 11200  loss 1.7926
    step 11400  loss 1.6919
    step 11600  loss 1.7847
    step 11800  loss 1.7925
    step 12000  loss 1.7359
    step 12200  loss 1.8468
    step 12400  loss 1.6123
    step 12600  loss 1.7055
    step 12800  loss 1.8036
    step 13000  loss 1.8063
    step 13200  loss 1.6839
    step 13400  loss 1.7867
    step 13600  loss 1.7870
    step 13800  loss 1.6693
    step 14000  loss 1.7141
    step 14200  loss 1.7105
    step 14400  loss 1.6940
    step 14600  loss 1.7048
    step 14800  loss 1.8439
    step 15000  loss 1.7280
    step 15200  loss 1.7872
    step 15400  loss 1.7337
    step 15600  loss 1.7745
    step 15800  loss 1.8181
    step 16000  loss 1.7726
    step 16200  loss 1.7648
    step 16400  loss 1.8427
    step 16600  loss 1.8387
    step 16800  loss 1.5865
    step 17000  loss 1.7466
    step 17200  loss 1.7960
    step 17400  loss 1.8269
    step 17600  loss 1.7185
    step 17800  loss 1.9423
    step 18000  loss 1.6689
    step 18200  loss 1.7807
    step 18400  loss 1.7040
    step 18600  loss 1.6678
    step 18800  loss 1.8717
    step 19000  loss 1.8051
    step 19200  loss 1.7020
    step 19400  loss 1.8275
    step 19600  loss 1.6036
    step 19800  loss 1.7913
    step 19999  loss 1.6916
    eval depth 1: acc 0.3729
  [seed 0] mt_lnn stack-depth=2 fixed (225K params, n_layers=2, scan=on)
    step     0  loss 2.8948
    step   200  loss 1.8905
    step   400  loss 1.8592
    step   600  loss 1.9083
    step   800  loss 1.9505
    step  1000  loss 1.9227
    step  1200  loss 1.8335
    step  1400  loss 1.9335
    step  1600  loss 1.9480
    step  1800  loss 1.7955
    step  2000  loss 1.9469
    step  2200  loss 1.9729
    step  2400  loss 1.7922
    step  2600  loss 1.8914
    step  2800  loss 1.7725
    step  3000  loss 1.9654
    step  3200  loss 1.9691
    step  3400  loss 1.9332
    step  3600  loss 1.8008
    step  3800  loss 1.9076
    step  4000  loss 1.9063
    step  4200  loss 1.8473
    step  4400  loss 1.9491
    step  4600  loss 1.9646
    step  4800  loss 1.8757
    step  5000  loss 1.8253
    step  5200  loss 1.9134
    step  5400  loss 1.9358
    step  5600  loss 1.7727
    step  5800  loss 1.8611
    step  6000  loss 1.8755
    step  6200  loss 1.9228
    step  6400  loss 1.8181
    step  6600  loss 1.9009
    step  6800  loss 1.9936
    step  7000  loss 1.9190
    step  7200  loss 1.9133
    step  7400  loss 1.8712
    step  7600  loss 1.8416
    step  7800  loss 1.8868
    step  8000  loss 1.8792
    step  8200  loss 1.8391
    step  8400  loss 1.8140
    step  8600  loss 1.8568
    step  8800  loss 1.8753
    step  9000  loss 1.7794
    step  9200  loss 1.8779
    step  9400  loss 1.7912
    step  9600  loss 1.8561
    step  9800  loss 1.8322
    step 10000  loss 1.8920
    step 10200  loss 1.8646
    step 10400  loss 1.8300
    step 10600  loss 1.7626
    step 10800  loss 1.8802
    step 11000  loss 1.7809
    step 11200  loss 1.8269
    step 11400  loss 1.7888
    step 11600  loss 1.8310
    step 11800  loss 1.8447
    step 12000  loss 1.8347
    step 12200  loss 1.8933
    step 12400  loss 1.6597
    step 12600  loss 1.7844
    step 12800  loss 1.8501
    step 13000  loss 1.8852
    step 13200  loss 1.7537
    step 13400  loss 1.8779
    step 13600  loss 1.8825
    step 13800  loss 1.7889
    step 14000  loss 1.8208
    step 14200  loss 1.7745
    step 14400  loss 1.7666
    step 14600  loss 1.8202
    step 14800  loss 1.9613
    step 15000  loss 1.8271
    step 15200  loss 1.8663
    step 15400  loss 1.8252
    step 15600  loss 1.8661
    step 15800  loss 1.9211
    step 16000  loss 1.8658
    step 16200  loss 1.8719
    step 16400  loss 1.9321
    step 16600  loss 1.9219
    step 16800  loss 1.6381
    step 17000  loss 1.8626
    step 17200  loss 1.8788
    step 17400  loss 1.9395
    step 17600  loss 1.7847
    step 17800  loss 2.0159
    step 18000  loss 1.8308
    step 18200  loss 1.8731
    step 18400  loss 1.8379
    step 18600  loss 1.7666
    step 18800  loss 1.9205
    step 19000  loss 1.8745
    step 19200  loss 1.8200
    step 19400  loss 1.9290
    step 19600  loss 1.7125
    step 19800  loss 1.9492
    step 19999  loss 1.8344
    eval depth 2: acc 0.3729
  [seed 0] mt_lnn stack-depth=4 fixed (225K params, n_layers=2, scan=on)
    step     0  loss 2.8731
    step   200  loss 2.0757
    step   400  loss 1.8862
    step   600  loss 1.9189
    step   800  loss 1.9558
    step  1000  loss 1.9226
    step  1200  loss 1.8320
    step  1400  loss 1.9349
    step  1600  loss 1.9530
    step  1800  loss 1.8000
    step  2000  loss 1.9483
    step  2200  loss 1.9730
    step  2400  loss 1.7933
    step  2600  loss 1.8883
    step  2800  loss 1.7717
    step  3000  loss 1.9685
    step  3200  loss 1.9663
    step  3400  loss 1.9346
    step  3600  loss 1.7932
    step  3800  loss 1.9150
    step  4000  loss 1.9014
    step  4200  loss 1.8460
    step  4400  loss 1.9499
    step  4600  loss 1.9626
    step  4800  loss 1.8724
    step  5000  loss 1.8171
    step  5200  loss 1.9080
    step  5400  loss 1.9157
    step  5600  loss 1.7484
    step  5800  loss 1.8460
    step  6000  loss 1.8626
    step  6200  loss 1.9177
    step  6400  loss 1.7860
    step  6600  loss 1.8917
    step  6800  loss 1.9381
    step  7000  loss 1.8792
    step  7200  loss 1.8968
    step  7400  loss 1.8207
    step  7600  loss 1.8172
    step  7800  loss 1.8507
    step  8000  loss 1.8706
    step  8200  loss 1.8204
    step  8400  loss 1.7587
    step  8600  loss 1.8519
    step  8800  loss 1.8233
    step  9000  loss 1.7411
    step  9200  loss 1.8637
    step  9400  loss 1.7637
    step  9600  loss 1.8393
    step  9800  loss 1.8059
    step 10000  loss 1.8707
    step 10200  loss 1.8025
    step 10400  loss 1.8319
    step 10600  loss 1.7509
    step 10800  loss 1.7732
    step 11000  loss 1.7462
    step 11200  loss 1.7819
    step 11400  loss 1.7079
    step 11600  loss 1.7894
    step 11800  loss 1.8243
    step 12000  loss 1.8035
    step 12200  loss 1.8604
    step 12400  loss 1.6417
    step 12600  loss 1.7027
    step 12800  loss 1.8349
    step 13000  loss 1.8109
    step 13200  loss 1.7600
    step 13400  loss 1.7964
    step 13600  loss 1.8172
    step 13800  loss 1.7554
    step 14000  loss 1.8083
    step 14200  loss 1.7243
    step 14400  loss 1.7342
    step 14600  loss 1.7870
    step 14800  loss 1.8573
    step 15000  loss 1.8090
    step 15200  loss 1.7761
    step 15400  loss 1.7379
    step 15600  loss 1.8161
    step 15800  loss 1.8430
    step 16000  loss 1.8356
    step 16200  loss 1.8405
    step 16400  loss 1.8369
    step 16600  loss 1.8586
    step 16800  loss 1.6430
    step 17000  loss 1.7669
    step 17200  loss 1.8115
    step 17400  loss 1.8751
    step 17600  loss 1.7032
    step 17800  loss 1.9053
    step 18000  loss 1.7105
    step 18200  loss 1.7908
    step 18400  loss 1.7934
    step 18600  loss 1.7408
    step 18800  loss 1.8940
    step 19000  loss 1.8204
    step 19200  loss 1.7674
    step 19400  loss 1.8049
    step 19600  loss 1.6531
    step 19800  loss 1.8451
    step 19999  loss 1.7265
    eval depth 4: acc 0.3727
  [seed 0] transformer 247K params
    step     0  loss 3.0795
    step   200  loss 1.8648
    step   400  loss 1.8457
    step   600  loss 1.9067
    step   800  loss 1.9244
    step  1000  loss 1.8809
    step  1200  loss 1.7687
    step  1400  loss 1.8371
    step  1600  loss 1.8441
    step  1800  loss 1.6820
    step  2000  loss 1.8035
    step  2200  loss 1.8226
    step  2400  loss 1.6369
    step  2600  loss 1.6806
    step  2800  loss 1.5414
    step  3000  loss 1.7646
    step  3200  loss 1.7168
    step  3400  loss 1.6743
    step  3600  loss 1.5735
    step  3800  loss 1.6139
    step  4000  loss 1.5077
    step  4200  loss 1.5705
    step  4400  loss 1.6593
    step  4600  loss 1.7255
    step  4800  loss 1.5627
    step  5000  loss 1.5817
    step  5200  loss 1.6103
    step  5400  loss 1.6318
    step  5600  loss 1.4954
    step  5800  loss 1.5222
    step  6000  loss 1.6059
    step  6200  loss 1.5279
    step  6400  loss 1.5249
    step  6600  loss 1.5269
    step  6800  loss 1.6614
    step  7000  loss 1.5427
    step  7200  loss 1.5682
    step  7400  loss 1.5799
    step  7600  loss 1.4514
    step  7800  loss 1.5576
    step  8000  loss 1.5543
    step  8200  loss 1.5523
    step  8400  loss 1.4695
    step  8600  loss 1.5572
    step  8800  loss 1.5360
    step  9000  loss 1.4208
    step  9200  loss 1.6658
    step  9400  loss 1.4745
    step  9600  loss 1.4790
    step  9800  loss 1.5429
    step 10000  loss 1.5546
    step 10200  loss 1.4726
    step 10400  loss 1.5714
    step 10600  loss 1.3828
    step 10800  loss 1.5440
    step 11000  loss 1.4566
    step 11200  loss 1.5582
    step 11400  loss 1.4997
    step 11600  loss 1.5344
    step 11800  loss 1.5342
    step 12000  loss 1.4384
    step 12200  loss 1.5515
    step 12400  loss 1.3700
    step 12600  loss 1.4458
    step 12800  loss 1.5708
    step 13000  loss 1.5032
    step 13200  loss 1.4007
    step 13400  loss 1.5932
    step 13600  loss 1.5259
    step 13800  loss 1.4747
    step 14000  loss 1.5516
    step 14200  loss 1.4859
    step 14400  loss 1.5637
    step 14600  loss 1.4716
    step 14800  loss 1.5970
    step 15000  loss 1.4947
    step 15200  loss 1.5150
    step 15400  loss 1.4699
    step 15600  loss 1.5428
    step 15800  loss 1.5865
    step 16000  loss 1.4927
    step 16200  loss 1.5280
    step 16400  loss 1.5772
    step 16600  loss 1.5501
    step 16800  loss 1.3787
    step 17000  loss 1.5241
    step 17200  loss 1.5851
    step 17400  loss 1.6999
    step 17600  loss 1.5212
    step 17800  loss 1.7316
    step 18000  loss 1.5122
    step 18200  loss 1.5775
    step 18400  loss 1.4823
    step 18600  loss 1.4219
    step 18800  loss 1.7207
    step 19000  loss 1.6097
    step 19200  loss 1.5034
    step 19400  loss 1.5313
    step 19600  loss 1.3954
    step 19800  loss 1.5551
    step 19999  loss 1.4824
    eval: acc 0.3740

== summary (mean over seeds, each depth = fresh fixed-depth model) ==
  mt_lnn depth 1: 0.3729 ± 0.0000
  mt_lnn depth 2: 0.3729 ± 0.0000
  mt_lnn depth 4: 0.3727 ± 0.0000
  transformer   : 0.3740 ± 0.0000

results appended to E:\M1\benchmarks\results\reasoning_depth.jsonl
