== FIXED sweep pointer_chase difficulty=4 n_values=8 T=30 vocab=18 device=cuda depths=[1, 2, 4] mix=True ==
  [seed 0] mt_lnn stack-depth=1 fixed (225K params, n_layers=2, scan=on)
    step     0  loss 2.9440
    step   200  loss 2.0288
    step   400  loss 1.9624
    step   600  loss 1.9880
    step   800  loss 1.9510
    step  1000  loss 1.9891
    step  1200  loss 1.9879
    step  1400  loss 1.9423
    step  1600  loss 1.9785
    step  1800  loss 1.9542
    step  2000  loss 1.9657
    step  2200  loss 1.9793
    step  2400  loss 1.9568
    step  2600  loss 1.9524
    step  2800  loss 1.9438
    step  3000  loss 1.9626
    step  3200  loss 1.9627
    step  3400  loss 1.9593
    step  3600  loss 1.9628
    step  3800  loss 1.9499
    step  4000  loss 1.9785
    step  4200  loss 1.9576
    step  4400  loss 1.9657
    step  4600  loss 1.9566
    step  4800  loss 1.9579
    step  5000  loss 1.9517
    step  5200  loss 1.9525
    step  5400  loss 1.9694
    step  5600  loss 1.9570
    step  5800  loss 1.9595
    step  6000  loss 1.9633
    step  6200  loss 1.9680
    step  6400  loss 1.9498
    step  6600  loss 1.9678
    step  6800  loss 1.9563
    step  7000  loss 1.9423
    step  7200  loss 1.9539
    step  7400  loss 1.9514
    step  7600  loss 1.9568
    step  7800  loss 1.9611
    step  8000  loss 1.9596
    step  8200  loss 1.9677
    step  8400  loss 1.9737
    step  8600  loss 1.9445
    step  8800  loss 1.9592
    step  9000  loss 1.9499
    step  9200  loss 1.9558
    step  9400  loss 1.9572
    step  9600  loss 1.9459
    step  9800  loss 1.9501
    step 10000  loss 1.9536
    step 10200  loss 1.9720
    step 10400  loss 1.9658
    step 10600  loss 1.9637
    step 10800  loss 1.9381
    step 11000  loss 1.9455
    step 11200  loss 1.9534
    step 11400  loss 1.9503
    step 11600  loss 1.9459
    step 11800  loss 1.9568
    step 12000  loss 1.9556
    step 12200  loss 1.9508
    step 12400  loss 1.9450
    step 12600  loss 1.9604
    step 12800  loss 1.9539
    step 13000  loss 1.9422
    step 13200  loss 1.9594
    step 13400  loss 1.9456
    step 13600  loss 1.9526
    step 13800  loss 1.9524
    step 14000  loss 1.9512
    step 14200  loss 1.9557
    step 14400  loss 1.9484
    step 14600  loss 1.9527
    step 14800  loss 1.9427
    step 15000  loss 1.9398
    step 15200  loss 1.9392
    step 15400  loss 1.9593
    step 15600  loss 1.9483
    step 15800  loss 1.9480
    step 16000  loss 1.9475
    step 16200  loss 1.9448
    step 16400  loss 1.9487
    step 16600  loss 1.9550
    step 16800  loss 1.9577
    step 17000  loss 1.9482
    step 17200  loss 1.9396
    step 17400  loss 1.9502
    step 17600  loss 1.9501
    step 17800  loss 1.9420
    step 18000  loss 1.9457
    step 18200  loss 1.9440
    step 18400  loss 1.9477
    step 18600  loss 1.9542
    step 18800  loss 1.9465
    step 19000  loss 1.9504
    step 19200  loss 1.9447
    step 19400  loss 1.9481
    step 19600  loss 1.9518
    step 19800  loss 1.9416
    step 20000  loss 1.9541
    step 20200  loss 1.9626
    step 20400  loss 1.9497
    step 20600  loss 1.9519
    step 20800  loss 1.9374
    step 21000  loss 1.9564
    step 21200  loss 1.9440
    step 21400  loss 1.9509
    step 21600  loss 1.9527
    step 21800  loss 1.9461
    step 22000  loss 1.9483
    step 22200  loss 1.9454
    step 22400  loss 1.9504
    step 22600  loss 1.9523
    step 22800  loss 1.9524
    step 23000  loss 1.9473
    step 23200  loss 1.9473
    step 23400  loss 1.9500
    step 23600  loss 1.9407
    step 23800  loss 1.9466
    step 24000  loss 1.9479
    step 24200  loss 1.9485
    step 24400  loss 1.9546
    step 24600  loss 1.9450
    step 24800  loss 1.9438
    step 25000  loss 1.9435
    step 25200  loss 1.9483
    step 25400  loss 1.9455
    step 25600  loss 1.9459
    step 25800  loss 1.9491
    step 26000  loss 1.9464
    step 26200  loss 1.9489
    step 26400  loss 1.9475
    step 26600  loss 1.9479
    step 26800  loss 1.9453
    step 27000  loss 1.9494
    step 27200  loss 1.9460
    step 27400  loss 1.9476
    step 27600  loss 1.9480
    step 27800  loss 1.9474
    step 28000  loss 1.9454
    step 28200  loss 1.9483
    step 28400  loss 1.9468
    step 28600  loss 1.9437
    step 28800  loss 1.9460
    step 29000  loss 1.9487
    step 29200  loss 1.9469
    step 29400  loss 1.9473
    step 29600  loss 1.9479
    step 29800  loss 1.9458
    step 29999  loss 1.9470
    eval depth 1: k=1:0.147  k=2:0.150  k=3:0.129  k=4:0.148
  [seed 0] mt_lnn stack-depth=2 fixed (225K params, n_layers=2, scan=on)
    step     0  loss 2.8926
    step   200  loss 2.0898
    step   400  loss 1.9766
    step   600  loss 1.9960
    step   800  loss 1.9700
    step  1000  loss 2.0040
    step  1200  loss 1.9892
    step  1400  loss 1.9498
    step  1600  loss 1.9621
    step  1800  loss 1.9535
    step  2000  loss 1.9536
    step  2200  loss 1.9840
    step  2400  loss 1.9663
    step  2600  loss 1.9369
    step  2800  loss 1.9299
    step  3000  loss 1.9557
    step  3200  loss 1.9081
    step  3400  loss 1.9359
    step  3600  loss 1.9069
    step  3800  loss 1.8905
    step  4000  loss 1.9073
    step  4200  loss 0.4235
    step  4400  loss 1.8909
    step  4600  loss 1.8019
    step  4800  loss 1.7614
    step  5000  loss 1.8084
    step  5200  loss 1.8314
    step  5400  loss 1.8609
    step  5600  loss 0.1273
    step  5800  loss 0.1281
    step  6000  loss 1.6799
    step  6200  loss 0.2378
    step  6400  loss 0.0121
    step  6600  loss 1.6507
    step  6800  loss 1.6224
    step  7000  loss 1.6444
    step  7200  loss 1.6151
    step  7400  loss 1.5640
    step  7600  loss 1.5952
    step  7800  loss 1.5932
    step  8000  loss 1.6163
    step  8200  loss 1.6039
    step  8400  loss 1.5734
    step  8600  loss 0.0024
    step  8800  loss 0.0035
    step  9000  loss 1.5185
    step  9200  loss 1.5686
    step  9400  loss 1.5809
    step  9600  loss 0.0020
    step  9800  loss 1.4748
    step 10000  loss 1.4510
    step 10200  loss 1.5055
    step 10400  loss 1.4123
    step 10600  loss 1.5168
    step 10800  loss 1.5282
    step 11000  loss 1.5002
    step 11200  loss 1.4235
    step 11400  loss 1.4920
    step 11600  loss 1.3515
    step 11800  loss 0.0022
    step 12000  loss 0.0182
    step 12200  loss 0.0011
    step 12400  loss 1.4219
    step 12600  loss 0.0062
    step 12800  loss 1.4344
    step 13000  loss 0.0008
    step 13200  loss 1.3373
    step 13400  loss 1.4892
    step 13600  loss 1.3698
    step 13800  loss 1.4237
    step 14000  loss 0.0008
    step 14200  loss 1.3752
    step 14400  loss 1.4095
    step 14600  loss 1.4185
    step 14800  loss 1.3621
    step 15000  loss 0.0014
    step 15200  loss 0.0011
    step 15400  loss 1.1620
    step 15600  loss 1.4121
    step 15800  loss 0.0009
    step 16000  loss 1.4237
    step 16200  loss 0.0008
    step 16400  loss 1.0636
    step 16600  loss 1.1199
    step 16800  loss 1.1132
    step 17000  loss 1.0763
    step 17200  loss 1.3831
    step 17400  loss 1.3362
    step 17600  loss 1.3093
    step 17800  loss 1.2880
    step 18000  loss 0.9164
    step 18200  loss 0.8510
    step 18400  loss 1.3397
    step 18600  loss 1.2754
    step 18800  loss 0.0019
    step 19000  loss 0.8990
    step 19200  loss 1.3772
    step 19400  loss 0.9661
    step 19600  loss 0.0004
    step 19800  loss 0.8671
    step 20000  loss 0.9645
    step 20200  loss 0.0003
    step 20400  loss 0.0003
    step 20600  loss 0.0004
    step 20800  loss 0.0004
    step 21000  loss 0.8889
    step 21200  loss 0.0017
    step 21400  loss 0.8520
    step 21600  loss 0.0006
    step 21800  loss 0.0005
    step 22000  loss 1.2250
    step 22200  loss 0.8690
    step 22400  loss 0.0006
    step 22600  loss 0.9355
    step 22800  loss 1.2658
    step 23000  loss 1.3164
    step 23200  loss 1.1919
    step 23400  loss 1.2107
    step 23600  loss 1.1417
    step 23800  loss 1.1463
    step 24000  loss 1.2460
    step 24200  loss 0.0003
    step 24400  loss 0.8031
    step 24600  loss 0.0006
    step 24800  loss 0.0008
    step 25000  loss 1.2770
    step 25200  loss 1.2905
    step 25400  loss 0.7859
    step 25600  loss 0.0004
    step 25800  loss 1.1740
    step 26000  loss 1.2660
    step 26200  loss 1.2166
    step 26400  loss 0.8683
    step 26600  loss 1.1536
    step 26800  loss 1.1586
    step 27000  loss 1.1041
    step 27200  loss 0.0004
    step 27400  loss 1.1061
    step 27600  loss 0.8959
    step 27800  loss 1.0992
    step 28000  loss 0.7857
    step 28200  loss 0.0003
    step 28400  loss 0.0004
    step 28600  loss 0.8260
    step 28800  loss 0.7735
    step 29000  loss 0.0003
    step 29200  loss 1.1497
    step 29400  loss 1.1031
    step 29600  loss 1.2436
    step 29800  loss 1.2578
    step 29999  loss 0.7618
    eval depth 2: k=1:1.000  k=2:0.621  k=3:0.423  k=4:0.340
  [seed 0] mt_lnn stack-depth=4 fixed (225K params, n_layers=2, scan=on)
    step     0  loss 2.8633
    step   200  loss 2.0973
    step   400  loss 2.0065
    step   600  loss 1.9907
    step   800  loss 1.9721
    step  1000  loss 2.0074
    step  1200  loss 1.9874
    step  1400  loss 1.9572
    step  1600  loss 1.9696
    step  1800  loss 1.9509
    step  2000  loss 1.9636
    step  2200  loss 1.9765
    step  2400  loss 1.9660
    step  2600  loss 1.9533
    step  2800  loss 1.9463
    step  3000  loss 1.9598
    step  3200  loss 1.9628
    step  3400  loss 1.9519
    step  3600  loss 1.9639
    step  3800  loss 1.9463
    step  4000  loss 1.9871
    step  4200  loss 1.9466
    step  4400  loss 1.9589
    step  4600  loss 1.9520
    step  4800  loss 1.9560
    step  5000  loss 1.9503
    step  5200  loss 1.9466
    step  5400  loss 1.9732
    step  5600  loss 1.9513
    step  5800  loss 1.9261
    step  6000  loss 1.9526
    step  6200  loss 1.9679
    step  6400  loss 1.9414
    step  6600  loss 1.9669
    step  6800  loss 1.9491
    step  7000  loss 1.9407
    step  7200  loss 1.9495
    step  7400  loss 1.9357
    step  7600  loss 1.9571
    step  7800  loss 1.9550
    step  8000  loss 1.9388
    step  8200  loss 1.9673
    step  8400  loss 1.9429
    step  8600  loss 1.9170
    step  8800  loss 1.9296
    step  9000  loss 1.9564
    step  9200  loss 1.9222
    step  9400  loss 1.9602
    step  9600  loss 1.8844
    step  9800  loss 1.9029
    step 10000  loss 1.8817
    step 10200  loss 1.9069
    step 10400  loss 1.8535
    step 10600  loss 1.8296
    step 10800  loss 1.7833
    step 11000  loss 1.7471
    step 11200  loss 1.7289
    step 11400  loss 1.8006
    step 11600  loss 1.7206
    step 11800  loss 1.6727
    step 12000  loss 1.5891
    step 12200  loss 1.6067
    step 12400  loss 1.5578
    step 12600  loss 1.5386
    step 12800  loss 1.6003
    step 13000  loss 1.1629
    step 13200  loss 1.5495
    step 13400  loss 1.4888
    step 13600  loss 1.3150
    step 13800  loss 1.2471
    step 14000  loss 0.2751
    step 14200  loss 1.2809
    step 14400  loss 1.0407
    step 14600  loss 1.0170
    step 14800  loss 0.9684
    step 15000  loss 0.0032
    step 15200  loss 0.0016
    step 15400  loss 0.2033
    step 15600  loss 0.7099
    step 15800  loss 0.0012
    step 16000  loss 0.6181
    step 16200  loss 0.0006
    step 16400  loss 0.0564
    step 16600  loss 0.0088
    step 16800  loss 0.0110
    step 17000  loss 0.0140
    step 17200  loss 0.2842
    step 17400  loss 0.3787
    step 17600  loss 0.3712
    step 17800  loss 0.0916
    step 18000  loss 0.0014
    step 18200  loss 0.0019
    step 18400  loss 0.0528
    step 18600  loss 0.0995
    step 18800  loss 0.0001
    step 19000  loss 0.0015
    step 19200  loss 0.0464
    step 19400  loss 0.0003
    step 19600  loss 0.0000
    step 19800  loss 0.0001
    step 20000  loss 0.0005
    step 20200  loss 0.0001
    step 20400  loss 0.0001
    step 20600  loss 0.0001
    step 20800  loss 0.0000
    step 21000  loss 0.0004
    step 21200  loss 0.0000
    step 21400  loss 0.0001
    step 21600  loss 0.0000
    step 21800  loss 0.0000
    step 22000  loss 0.0004
    step 22200  loss 0.0001
    step 22400  loss 0.0000
    step 22600  loss 0.0001
    step 22800  loss 0.0045
    step 23000  loss 0.0087
    step 23200  loss 0.0001
    step 23400  loss 0.0003
    step 23600  loss 0.0025
    step 23800  loss 0.0001
    step 24000  loss 0.0025
    step 24200  loss 0.0000
    step 24400  loss 0.0000
    step 24600  loss 0.0000
    step 24800  loss 0.0000
    step 25000  loss 0.0009
    step 25200  loss 0.0004
    step 25400  loss 0.0000
    step 25600  loss 0.0000
    step 25800  loss 0.0000
    step 26000  loss 0.0011
    step 26200  loss 0.0010
    step 26400  loss 0.0000
    step 26600  loss 0.0000
    step 26800  loss 0.0000
    step 27000  loss 0.0001
    step 27200  loss 0.0000
    step 27400  loss 0.0000
    step 27600  loss 0.0000
    step 27800  loss 0.0000
    step 28000  loss 0.0000
    step 28200  loss 0.0000
    step 28400  loss 0.0000
    step 28600  loss 0.0000
