== FIXED sweep pointer_chase difficulty=2 n_values=8 T=30 vocab=18 device=cuda depths=[1] ==
  [seed 0] mt_lnn depth=1 fixed (225K params, n_layers=2, scan=on)
    step     0  loss 2.9507
    step   200  loss 2.0580
    step   400  loss 2.0009
    step   600  loss 2.0756
    step   800  loss 2.0395
    step  1000  loss 2.0337
    step  1200  loss 2.0224
    step  1400  loss 2.0676
    step  1600  loss 2.0506
    step  1800  loss 1.9762
    step  2000  loss 1.9969
    step  2200  loss 2.0340
    step  2400  loss 1.9604
    step  2600  loss 2.0057
    step  2800  loss 1.7956
    step  3000  loss 1.9200
    step  3200  loss 1.8140
    step  3400  loss 1.8444
    step  3600  loss 1.7050
    step  3800  loss 1.7583
    step  4000  loss 1.6584
    step  4200  loss 1.5752
    step  4400  loss 1.6847
    step  4600  loss 1.5810
    step  4800  loss 1.4642
    step  5000  loss 1.3723
    step  5200  loss 1.3615
    step  5400  loss 1.4632
    step  5600  loss 1.3902
    step  5800  loss 1.3277
    step  6000  loss 1.2051
    step  6200  loss 1.1850
    step  6400  loss 1.1233
    step  6600  loss 1.1494
    step  6800  loss 1.1641
    step  7000  loss 0.9370
    step  7200  loss 0.7989
    step  7400  loss 0.8159
    step  7600  loss 0.6769
    step  7800  loss 0.7623
    step  8000  loss 0.6448
    step  8200  loss 0.7305
    step  8400  loss 0.6048
    step  8600  loss 0.5792
    step  8800  loss 0.4377
    step  9000  loss 0.5292
    step  9200  loss 0.4103
    step  9400  loss 0.4829
    step  9600  loss 0.3422
    step  9800  loss 0.4348
    step 10000  loss 0.3707
    step 10200  loss 0.3204
    step 10400  loss 0.2893
    step 10600  loss 0.2786
    step 10800  loss 0.2524
    step 11000  loss 0.2452
    step 11200  loss 0.2031
    step 11400  loss 0.1568
    step 11600  loss 0.1566
    step 11800  loss 0.1429
    step 12000  loss 0.1363
    step 12200  loss 0.1369
    step 12400  loss 0.1414
    step 12600  loss 0.1064
    step 12800  loss 0.0968
    step 13000  loss 0.1160
    step 13200  loss 0.0600
    step 13400  loss 0.0891
    step 13600  loss 0.0812
    step 13800  loss 0.0700
    step 14000  loss 0.0634
    step 14200  loss 0.0912
    step 14400  loss 0.0504
    step 14600  loss 0.0293
    step 14800  loss 0.0727
    step 15000  loss 0.0856
    step 15200  loss 0.0545
    step 15400  loss 0.0851
    step 15600  loss 0.0322
    step 15800  loss 0.0502
    step 16000  loss 0.0275
    step 16200  loss 0.0682
    step 16400  loss 0.0195
    step 16600  loss 0.0447
    step 16800  loss 0.0136
    step 17000  loss 0.0284
    step 17200  loss 0.0237
    step 17400  loss 0.0129
    step 17600  loss 0.0159
    step 17800  loss 0.0491
    step 18000  loss 0.0115
    step 18200  loss 0.0593
    step 18400  loss 0.0059
    step 18600  loss 0.0869
    step 18800  loss 0.0035
    step 19000  loss 0.0259
    step 19200  loss 0.0057
    step 19400  loss 0.0137
    step 19600  loss 0.0019
    step 19800  loss 0.0040
    step 20000  loss 0.0081
    step 20200  loss 0.0043
    step 20400  loss 0.0141
    step 20600  loss 0.0020
    step 20800  loss 0.0046
    step 21000  loss 0.0029
    step 21200  loss 0.0036
    step 21400  loss 0.0023
    step 21600  loss 0.0012
    step 21800  loss 0.0072
    step 22000  loss 0.0014
    step 22200  loss 0.0038
    step 22400  loss 0.0016
    step 22600  loss 0.0007
    step 22800  loss 0.0008
    step 23000  loss 0.0036
    step 23200  loss 0.0008
    step 23400  loss 0.0110
    step 23600  loss 0.0004
    step 23800  loss 0.0008
    step 24000  loss 0.0006
    step 24200  loss 0.0004
    step 24400  loss 0.0007
    step 24600  loss 0.0017
    step 24800  loss 0.0006
    step 25000  loss 0.0004
    step 25200  loss 0.0005
    step 25400  loss 0.0013
    step 25600  loss 0.0003
    step 25800  loss 0.0002
    step 26000  loss 0.0005
    step 26200  loss 0.0008
    step 26400  loss 0.0002
    step 26600  loss 0.0003
    step 26800  loss 0.0002
    step 27000  loss 0.0001
    step 27200  loss 0.0001
    step 27400  loss 0.0004
    step 27600  loss 0.0001
    step 27800  loss 0.0002
    step 28000  loss 0.0001
    step 28200  loss 0.0003
    step 28400  loss 0.0002
    step 28600  loss 0.0001
    step 28800  loss 0.0002
    step 29000  loss 0.0001
    step 29200  loss 0.0002
    step 29400  loss 0.0002
    step 29600  loss 0.0002
    step 29800  loss 0.0005
    step 29999  loss 0.0002
    eval depth 1: acc 1.0000

== summary (mean over seeds, each depth = fresh fixed-depth model) ==
  mt_lnn depth 1: 1.0000 ± 0.0000

results appended to E:\M1\benchmarks\results\reasoning_depth.jsonl
