== FIXED sweep pointer_chase difficulty=2 n_values=8 T=30 vocab=18 device=cuda depths=[1] mix=False ==
  [seed 1] mt_lnn core-depth=1 fixed (203K params, n_layers=2, scan=on)
    step     0  loss 2.8297
    step   200  loss 2.0396
    step   400  loss 1.9655
    step   600  loss 1.9704
    step   800  loss 1.9650
    step  1000  loss 1.9587
    step  1200  loss 1.9600
    step  1400  loss 1.9583
    step  1600  loss 1.9502
    step  1800  loss 1.9522
    step  2000  loss 1.9642
    step  2200  loss 1.9635
    step  2400  loss 1.9654
    step  2600  loss 1.9596
    step  2800  loss 1.9734
    step  3000  loss 1.9458
    step  3200  loss 1.9589
    step  3400  loss 1.9930
    step  3600  loss 1.9555
    step  3800  loss 1.9523
    step  4000  loss 1.9555
    step  4200  loss 1.9469
    step  4400  loss 1.9307
    step  4600  loss 1.9633
    step  4800  loss 1.9451
    step  5000  loss 1.9325
    step  5200  loss 1.9582
    step  5400  loss 1.9572
    step  5600  loss 1.9231
    step  5800  loss 1.9268
    step  6000  loss 1.9578
    step  6200  loss 1.9435
    step  6400  loss 1.9261
    step  6600  loss 1.9163
    step  6800  loss 1.9217
    step  7000  loss 1.9439
    step  7200  loss 1.9603
    step  7400  loss 1.9154
    step  7600  loss 1.8844
    step  7800  loss 1.9102
    step  8000  loss 1.9058
    step  8200  loss 1.9149
    step  8400  loss 1.9253
    step  8600  loss 1.9492
    step  8800  loss 1.9161
    step  9000  loss 1.9107
    step  9200  loss 1.9304
    step  9400  loss 1.9115
    step  9600  loss 1.9308
    step  9800  loss 1.9020
    step 10000  loss 1.9004
    step 10200  loss 1.9161
    step 10400  loss 1.9095
    step 10600  loss 1.9086
    step 10800  loss 1.9232
    step 11000  loss 1.9167
    step 11200  loss 1.9174
    step 11400  loss 1.9133
    step 11600  loss 1.9084
    step 11800  loss 1.9118
    step 12000  loss 1.9016
    step 12200  loss 1.9032
    step 12400  loss 1.9162
    step 12600  loss 1.9191
    step 12800  loss 1.8894
    step 13000  loss 1.9115
    step 13200  loss 1.8998
    step 13400  loss 1.9049
    step 13600  loss 1.9051
    step 13800  loss 1.9006
    step 14000  loss 1.9044
    step 14200  loss 1.8889
    step 14400  loss 1.9292
    step 14600  loss 1.9083
    step 14800  loss 1.9202
    step 15000  loss 1.9117
    step 15200  loss 1.9015
    step 15400  loss 1.8776
    step 15600  loss 1.9055
    step 15800  loss 1.9185
    step 16000  loss 1.9032
    step 16200  loss 1.9094
    step 16400  loss 1.9216
    step 16600  loss 1.9027
    step 16800  loss 1.8736
    step 17000  loss 1.9343
    step 17200  loss 1.8883
    step 17400  loss 1.8884
    step 17600  loss 1.9227
    step 17800  loss 1.9177
    step 18000  loss 1.9097
    step 18200  loss 1.8958
    step 18400  loss 1.9037
    step 18600  loss 1.9033
    step 18800  loss 1.9021
    step 19000  loss 1.9036
    step 19200  loss 1.8927
    step 19400  loss 1.9158
    step 19600  loss 1.8892
    step 19800  loss 1.9167
    step 20000  loss 1.8779
    step 20200  loss 1.8866
    step 20400  loss 1.9100
    step 20600  loss 1.9025
    step 20800  loss 1.9075
    step 21000  loss 1.9084
    step 21200  loss 1.9008
    step 21400  loss 1.9048
    step 21600  loss 1.8964
    step 21800  loss 1.8828
    step 22000  loss 1.8727
    step 22200  loss 1.8963
    step 22400  loss 1.9219
    step 22600  loss 1.9145
    step 22800  loss 1.9112
    step 23000  loss 1.9057
    step 23200  loss 1.9102
    step 23400  loss 1.9061
    step 23600  loss 1.8899
    step 23800  loss 1.9191
    step 24000  loss 1.9037
    step 24200  loss 1.8976
    step 24400  loss 1.8949
    step 24600  loss 1.8944
    step 24800  loss 1.9174
    step 25000  loss 1.9107
    step 25200  loss 1.8992
    step 25400  loss 1.9092
    step 25600  loss 1.9115
    step 25800  loss 1.9174
    step 26000  loss 1.9285
    step 26200  loss 1.9163
    step 26400  loss 1.9094
    step 26600  loss 1.9016
    step 26800  loss 1.8996
    step 27000  loss 1.8975
    step 27200  loss 1.9097
    step 27400  loss 1.9016
    step 27600  loss 1.8875
    step 27800  loss 1.8925
    step 28000  loss 1.9222
    step 28200  loss 1.9052
    step 28400  loss 1.8840
    step 28600  loss 1.8936
    step 28800  loss 1.8832
    step 29000  loss 1.8788
    step 29200  loss 1.8985
    step 29400  loss 1.8885
    step 29600  loss 1.9002
    step 29800  loss 1.8811
    step 29999  loss 1.8852
    eval depth 1: acc 0.1832
  [seed 2] mt_lnn core-depth=1 fixed (203K params, n_layers=2, scan=on)
    step     0  loss 2.9851
    step   200  loss 1.9843
    step   400  loss 1.9812
    step   600  loss 1.9761
    step   800  loss 1.9684
    step  1000  loss 1.9819
    step  1200  loss 1.9730
    step  1400  loss 1.9730
    step  1600  loss 1.9521
    step  1800  loss 1.9545
    step  2000  loss 1.9780
    step  2200  loss 1.9474
    step  2400  loss 1.9754
    step  2600  loss 1.9403
    step  2800  loss 1.9478
    step  3000  loss 1.9403
    step  3200  loss 1.9668
    step  3400  loss 1.9518
    step  3600  loss 1.9647
    step  3800  loss 1.9463
    step  4000  loss 1.9576
    step  4200  loss 1.9433
    step  4400  loss 1.9520
    step  4600  loss 1.9255
    step  4800  loss 1.9345
    step  5000  loss 1.9583
    step  5200  loss 1.9108
    step  5400  loss 1.9286
    step  5600  loss 1.9203
    step  5800  loss 1.9422
    step  6000  loss 1.9206
    step  6200  loss 1.9311
    step  6400  loss 1.9089
    step  6600  loss 1.9236
    step  6800  loss 1.9154
    step  7000  loss 1.8952
    step  7200  loss 1.9179
    step  7400  loss 1.9210
    step  7600  loss 1.8939
    step  7800  loss 1.9287
    step  8000  loss 1.9054
    step  8200  loss 1.9088
    step  8400  loss 1.9137
    step  8600  loss 1.9295
    step  8800  loss 1.9297
    step  9000  loss 1.9206
    step  9200  loss 1.9181
    step  9400  loss 1.8874
    step  9600  loss 1.9127
    step  9800  loss 1.9360
    step 10000  loss 1.8928
    step 10200  loss 1.8993
    step 10400  loss 1.9070
    step 10600  loss 1.9151
    step 10800  loss 1.9313
    step 11000  loss 1.8985
    step 11200  loss 1.9034
    step 11400  loss 1.9183
    step 11600  loss 1.9023
    step 11800  loss 1.9151
    step 12000  loss 1.9371
    step 12200  loss 1.9149
    step 12400  loss 1.9324
    step 12600  loss 1.9101
    step 12800  loss 1.9224
    step 13000  loss 1.9240
    step 13200  loss 1.8845
    step 13400  loss 1.9076
    step 13600  loss 1.9000
    step 13800  loss 1.9173
    step 14000  loss 1.9131
    step 14200  loss 1.9065
    step 14400  loss 1.8933
    step 14600  loss 1.9112
    step 14800  loss 1.9081
    step 15000  loss 1.8973
    step 15200  loss 1.9039
    step 15400  loss 1.9256
    step 15600  loss 1.9099
    step 15800  loss 1.8947
    step 16000  loss 1.9055
    step 16200  loss 1.9227
    step 16400  loss 1.9116
    step 16600  loss 1.9044
    step 16800  loss 1.9127
    step 17000  loss 1.9217
    step 17200  loss 1.8841
    step 17400  loss 1.9057
    step 17600  loss 1.9125
    step 17800  loss 1.9046
    step 18000  loss 1.9141
    step 18200  loss 1.8946
    step 18400  loss 1.9089
    step 18600  loss 1.8859
    step 18800  loss 1.9140
    step 19000  loss 1.8879
    step 19200  loss 1.8917
    step 19400  loss 1.9055
    step 19600  loss 1.9081
    step 19800  loss 1.9013
    step 20000  loss 1.8942
    step 20200  loss 1.8957
    step 20400  loss 1.9027
    step 20600  loss 1.8978
    step 20800  loss 1.9088
    step 21000  loss 1.9120
    step 21200  loss 1.9196
    step 21400  loss 1.8950
    step 21600  loss 1.9082
    step 21800  loss 1.9116
    step 22000  loss 1.9248
    step 22200  loss 1.9032
    step 22400  loss 1.9039
    step 22600  loss 1.9044
    step 22800  loss 1.8992
    step 23000  loss 1.8789
    step 23200  loss 1.9214
    step 23400  loss 1.9014
    step 23600  loss 1.8935
    step 23800  loss 1.9244
    step 24000  loss 1.9312
    step 24200  loss 1.8992
    step 24400  loss 1.9107
    step 24600  loss 1.8894
    step 24800  loss 1.8962
    step 25000  loss 1.9013
    step 25200  loss 1.9005
    step 25400  loss 1.9089
    step 25600  loss 1.9032
    step 25800  loss 1.9049
    step 26000  loss 1.9038
    step 26200  loss 1.9090
    step 26400  loss 1.8901
    step 26600  loss 1.9019
    step 26800  loss 1.8859
    step 27000  loss 1.9064
    step 27200  loss 1.8997
    step 27400  loss 1.9273
    step 27600  loss 1.8944
    step 27800  loss 1.8804
    step 28000  loss 1.8900
    step 28200  loss 1.8941
    step 28400  loss 1.8874
    step 28600  loss 1.8981
    step 28800  loss 1.8793
    step 29000  loss 1.8820
    step 29200  loss 1.9140
    step 29400  loss 1.9017
    step 29600  loss 1.8812
    step 29800  loss 1.9093
    step 29999  loss 1.9031
    eval depth 1: acc 0.1652

== summary (mean over seeds, each depth = fresh fixed-depth model) ==
  mt_lnn depth 1: 0.1742 ± 0.0090

results appended to E:\M1\benchmarks\results\reasoning_depth.jsonl
