== FIXED sweep pointer_chase difficulty=2 n_values=8 T=30 vocab=18 device=cuda depths=[1] mix=False ==
  [seed 1] mt_lnn core-depth=1 fixed (203K params, n_layers=2, scan=on)
    step     0  loss 2.8216
    step   200  loss 2.0534
    step   400  loss 1.9653
    step   600  loss 1.9681
    step   800  loss 1.9652
    step  1000  loss 1.9622
    step  1200  loss 1.9609
    step  1400  loss 1.9580
    step  1600  loss 1.9504
    step  1800  loss 1.9511
    step  2000  loss 1.9673
    step  2200  loss 1.9680
    step  2400  loss 1.9624
    step  2600  loss 1.9581
    step  2800  loss 1.9731
    step  3000  loss 1.9523
    step  3200  loss 1.9614
    step  3400  loss 1.9914
    step  3600  loss 1.9563
    step  3800  loss 1.9484
    step  4000  loss 1.9516
    step  4200  loss 1.9498
    step  4400  loss 1.9432
    step  4600  loss 1.9639
    step  4800  loss 1.9540
    step  5000  loss 1.9353
    step  5200  loss 1.9587
    step  5400  loss 1.9644
    step  5600  loss 1.9437
    step  5800  loss 1.9539
    step  6000  loss 1.9429
    step  6200  loss 1.9606
    step  6400  loss 1.9392
    step  6600  loss 1.9482
    step  6800  loss 1.9514
    step  7000  loss 1.9608
    step  7200  loss 1.9753
    step  7400  loss 1.9495
    step  7600  loss 1.9321
    step  7800  loss 1.9113
    step  8000  loss 1.9205
    step  8200  loss 1.9296
    step  8400  loss 1.9286
    step  8600  loss 1.9561
    step  8800  loss 1.9130
    step  9000  loss 1.9323
    step  9200  loss 1.9441
    step  9400  loss 1.9207
    step  9600  loss 1.9259
    step  9800  loss 1.9062
    step 10000  loss 1.9099
    step 10200  loss 1.9186
    step 10400  loss 1.9232
    step 10600  loss 1.9103
    step 10800  loss 1.9246
    step 11000  loss 1.9253
    step 11200  loss 1.9204
    step 11400  loss 1.9393
    step 11600  loss 1.9075
    step 11800  loss 1.9370
    step 12000  loss 1.9012
    step 12200  loss 1.9215
    step 12400  loss 1.9328
    step 12600  loss 1.9190
    step 12800  loss 1.9092
    step 13000  loss 1.9153
    step 13200  loss 1.8879
    step 13400  loss 1.9140
    step 13600  loss 1.8960
    step 13800  loss 1.9085
    step 14000  loss 1.9127
    step 14200  loss 1.8774
    step 14400  loss 1.9367
    step 14600  loss 1.9221
    step 14800  loss 1.9157
    step 15000  loss 1.9186
    step 15200  loss 1.9060
    step 15400  loss 1.8904
    step 15600  loss 1.9203
    step 15800  loss 1.9311
    step 16000  loss 1.9070
    step 16200  loss 1.9222
    step 16400  loss 1.9326
    step 16600  loss 1.9197
    step 16800  loss 1.8874
    step 17000  loss 1.9307
    step 17200  loss 1.9072
    step 17400  loss 1.8953
    step 17600  loss 1.9406
    step 17800  loss 1.9281
    step 18000  loss 1.9184
    step 18200  loss 1.9045
    step 18400  loss 1.9032
    step 18600  loss 1.9030
    step 18800  loss 1.9105
    step 19000  loss 1.9147
    step 19200  loss 1.8827
    step 19400  loss 1.9193
    step 19600  loss 1.8990
    step 19800  loss 1.9185
    step 20000  loss 1.8898
    step 20200  loss 1.9085
    step 20400  loss 1.9146
    step 20600  loss 1.8958
    step 20800  loss 1.9056
    step 21000  loss 1.9144
    step 21200  loss 1.9102
    step 21400  loss 1.9038
    step 21600  loss 1.8933
    step 21800  loss 1.8696
    step 22000  loss 1.8895
    step 22200  loss 1.8805
    step 22400  loss 1.9227
    step 22600  loss 1.9308
    step 22800  loss 1.9112
    step 23000  loss 1.9156
    step 23200  loss 1.9028
    step 23400  loss 1.9257
    step 23600  loss 1.8956
    step 23800  loss 1.9279
    step 24000  loss 1.8977
    step 24200  loss 1.8983
    step 24400  loss 1.8885
    step 24600  loss 1.9066
    step 24800  loss 1.9140
    step 25000  loss 1.9041
    step 25200  loss 1.9055
    step 25400  loss 1.9082
    step 25600  loss 1.9253
    step 25800  loss 1.9157
    step 26000  loss 1.9174
    step 26200  loss 1.9171
    step 26400  loss 1.9129
    step 26600  loss 1.9018
    step 26800  loss 1.9021
    step 27000  loss 1.8973
    step 27200  loss 1.8871
    step 27400  loss 1.8918
    step 27600  loss 1.8859
    step 27800  loss 1.9196
    step 28000  loss 1.9121
    step 28200  loss 1.9097
    step 28400  loss 1.8864
    step 28600  loss 1.9080
    step 28800  loss 1.8857
    step 29000  loss 1.8740
    step 29200  loss 1.9101
    step 29400  loss 1.8959
    step 29600  loss 1.9165
    step 29800  loss 1.8817
    step 29999  loss 1.8926
    eval depth 1: acc 0.1863
  [seed 2] mt_lnn core-depth=1 fixed (203K params, n_layers=2, scan=on)
    step     0  loss 2.9874
    step   200  loss 1.9904
    step   400  loss 1.9846
    step   600  loss 1.9751
    step   800  loss 1.9691
    step  1000  loss 1.9830
    step  1200  loss 1.9755
    step  1400  loss 1.9753
    step  1600  loss 1.9524
    step  1800  loss 1.9530
    step  2000  loss 1.9754
    step  2200  loss 1.9448
    step  2400  loss 1.9749
    step  2600  loss 1.9422
    step  2800  loss 1.9477
    step  3000  loss 1.9419
    step  3200  loss 1.9664
    step  3400  loss 1.9534
    step  3600  loss 1.9590
    step  3800  loss 1.9353
    step  4000  loss 1.9615
    step  4200  loss 1.9550
    step  4400  loss 1.9540
    step  4600  loss 1.9428
    step  4800  loss 1.9496
    step  5000  loss 1.9623
    step  5200  loss 1.9376
    step  5400  loss 1.9554
    step  5600  loss 1.9306
    step  5800  loss 1.9688
    step  6000  loss 1.9393
    step  6200  loss 1.9592
    step  6400  loss 1.9432
    step  6600  loss 1.9455
    step  6800  loss 1.9606
    step  7000  loss 1.9377
    step  7200  loss 1.9537
    step  7400  loss 1.9586
    step  7600  loss 1.9417
    step  7800  loss 1.9311
    step  8000  loss 1.9187
    step  8200  loss 1.9176
    step  8400  loss 1.9237
    step  8600  loss 1.8973
    step  8800  loss 1.8930
    step  9000  loss 1.9002
    step  9200  loss 1.9074
    step  9400  loss 1.9211
    step  9600  loss 1.8969
    step  9800  loss 1.8895
    step 10000  loss 1.9274
    step 10200  loss 1.8850
    step 10400  loss 1.9262
    step 10600  loss 1.9097
    step 10800  loss 1.9200
    step 11000  loss 1.9013
    step 11200  loss 1.9123
    step 11400  loss 1.9186
    step 11600  loss 1.8851
    step 11800  loss 1.9089
    step 12000  loss 1.9023
    step 12200  loss 1.9072
    step 12400  loss 1.8861
    step 12600  loss 1.9033
    step 12800  loss 1.9204
    step 13000  loss 1.9122
    step 13200  loss 1.8829
    step 13400  loss 1.8963
    step 13600  loss 1.8922
    step 13800  loss 1.9082
    step 14000  loss 1.9101
    step 14200  loss 1.8999
    step 14400  loss 1.8984
    step 14600  loss 1.8978
    step 14800  loss 1.8886
    step 15000  loss 1.9113
    step 15200  loss 1.8760
    step 15400  loss 1.9007
    step 15600  loss 1.8484
    step 15800  loss 1.8511
    step 16000  loss 1.9005
    step 16200  loss 1.8570
    step 16400  loss 1.9079
    step 16600  loss 1.8262
    step 16800  loss 1.8733
    step 17000  loss 1.7196
    step 17200  loss 1.7843
    step 17400  loss 1.8319
    step 17600  loss 1.7686
    step 17800  loss 1.7238
    step 18000  loss 1.6710
    step 18200  loss 1.7299
    step 18400  loss 1.7021
    step 18600  loss 1.7444
    step 18800  loss 1.7041
    step 19000  loss 1.5698
    step 19200  loss 1.8361
    step 19400  loss 1.7100
    step 19600  loss 1.7723
    step 19800  loss 1.6707
    step 20000  loss 1.6830
    step 20200  loss 1.6366
    step 20400  loss 1.6414
    step 20600  loss 1.7253
    step 20800  loss 1.6074
    step 21000  loss 1.5672
    step 21200  loss 1.6277
    step 21400  loss 1.6156
    step 21600  loss 1.6410
    step 21800  loss 1.6358
    step 22000  loss 1.5718
    step 22200  loss 1.6157
    step 22400  loss 1.6878
    step 22600  loss 1.6032
    step 22800  loss 1.6852
    step 23000  loss 1.6391
    step 23200  loss 1.4591
    step 23400  loss 1.6435
    step 23600  loss 1.5758
    step 23800  loss 1.6234
    step 24000  loss 1.6590
    step 24200  loss 1.7009
    step 24400  loss 1.5322
    step 24600  loss 1.6474
    step 24800  loss 1.6395
    step 25000  loss 1.6784
    step 25200  loss 1.6163
    step 25400  loss 1.5938
    step 25600  loss 1.5448
    step 25800  loss 1.4990
    step 26000  loss 1.6435
    step 26200  loss 1.6292
    step 26400  loss 1.5649
    step 26600  loss 1.7268
    step 26800  loss 1.4877
    step 27000  loss 1.6267
    step 27200  loss 1.6232
    step 27400  loss 1.6584
    step 27600  loss 1.6062
    step 27800  loss 1.6979
    step 28000  loss 1.5749
    step 28200  loss 1.5750
    step 28400  loss 1.7098
    step 28600  loss 1.6398
    step 28800  loss 1.6482
    step 29000  loss 1.5833
    step 29200  loss 1.6600
    step 29400  loss 1.5391
    step 29600  loss 1.6374
    step 29800  loss 1.6220
    step 29999  loss 1.6904
    eval depth 1: acc 0.2980

== summary (mean over seeds, each depth = fresh fixed-depth model) ==
  mt_lnn depth 1: 0.2422 ± 0.0559

results appended to E:\M1\benchmarks\results\reasoning_depth.jsonl
