[03:37:04] [stack_d4_s0] start steps=30000 device=cuda params=204619 lr=0.0003
    step     0  loss 3.2907
    step   200  loss 2.7811
    step   400  loss 2.7742
    step   600  loss 2.7697
    step   800  loss 2.7769
[03:51:05] [stack_d4_s0] start steps=30000 device=cuda params=204619 lr=0.0003
    step     0  loss 3.2907
    step   200  loss 2.7811
    step   400  loss 2.7742
    step   600  loss 2.7697
    step   800  loss 2.7769
    step  1000  loss 2.7703
    step  1200  loss 2.7670
    step  1400  loss 2.7591
    step  1600  loss 2.7478
    step  1800  loss 2.7495
    step  2000  loss 2.7298
    step  2200  loss 2.7313
    step  2400  loss 2.7474
    step  2600  loss 2.7565
    step  2800  loss 2.7343
    step  3000  loss 2.7248
    step  3200  loss 2.7235
    step  3400  loss 2.7202
    step  3600  loss 2.7356
    step  3800  loss 2.7288
    step  4000  loss 2.7335
    step  4200  loss 2.7331
    step  4400  loss 2.7287
    step  4600  loss 2.7071
    step  4800  loss 2.7182
    step  5000  loss 2.7205
    step  5200  loss 2.7052
    step  5400  loss 2.7174
    step  5600  loss 2.7121
    step  5800  loss 2.7104
    step  6000  loss 2.7214
    step  6200  loss 2.7383
    step  6400  loss 2.7257
    step  6600  loss 2.7285
    step  6800  loss 2.7111
    step  7000  loss 2.7087
    step  7200  loss 2.7311
    step  7400  loss 2.7153
    step  7600  loss 2.7143
    step  7800  loss 2.7252
    step  8000  loss 2.7245
    step  8200  loss 2.7054
    step  8400  loss 2.7281
    step  8600  loss 2.7162
    step  8800  loss 2.7305
    step  9000  loss 2.7167
    step  9200  loss 2.7265
    step  9400  loss 2.7239
    step  9600  loss 2.7144
    step  9800  loss 2.7152
    step 10000  loss 2.7212
    step 10200  loss 2.6939
    step 10400  loss 2.6950
    step 10600  loss 2.7142
    step 10800  loss 2.7235
    step 11000  loss 2.7294
    step 11200  loss 2.7067
    step 11400  loss 2.7253
    step 11600  loss 2.7118
    step 11800  loss 2.7081
    step 12000  loss 2.7219
    step 12200  loss 2.6991
    step 12400  loss 2.7240
    step 12600  loss 2.7199
    step 12800  loss 2.7064
    step 13000  loss 2.7171
    step 13200  loss 2.7161
    step 13400  loss 2.7067
    step 13600  loss 2.7299
    step 13800  loss 2.7279
    step 14000  loss 2.7247
    step 14200  loss 2.7165
    step 14400  loss 2.7078
    step 14600  loss 2.7123
    step 14800  loss 2.7107
    step 15000  loss 2.7142
    step 15200  loss 2.7175
    step 15400  loss 2.7093
    step 15600  loss 2.7152
    step 15800  loss 2.7151
    step 16000  loss 2.7081
    step 16200  loss 2.7076
    step 16400  loss 2.6984
    step 16600  loss 2.7211
    step 16800  loss 2.7059
    step 17000  loss 2.7215
    step 17200  loss 2.7303
    step 17400  loss 2.7182
    step 17600  loss 2.7034
    step 17800  loss 2.7148
    step 18000  loss 2.7158
    step 18200  loss 2.7128
    step 18400  loss 2.7093
    step 18600  loss 2.7139
    step 18800  loss 2.7146
    step 19000  loss 2.7075
    step 19200  loss 2.7159
    step 19400  loss 2.7112
    step 19600  loss 2.7165
    step 19800  loss 2.7066
    step 20000  loss 2.7055
    step 20200  loss 2.7076
    step 20400  loss 2.7084
    step 20600  loss 2.7089
    step 20800  loss 2.7012
    step 21000  loss 2.7116
    step 21200  loss 2.7155
    step 21400  loss 2.7154
    step 21600  loss 2.7193
    step 21800  loss 2.7208
    step 22000  loss 2.7195
    step 22200  loss 2.7025
    step 22400  loss 2.7106
    step 22600  loss 2.7134
    step 22800  loss 2.7187
    step 23000  loss 2.7066
    step 23200  loss 2.7089
    step 23400  loss 2.7207
    step 23600  loss 2.7190
    step 23800  loss 2.7073
    step 24000  loss 2.7128
    step 24200  loss 2.7106
    step 24400  loss 2.7132
    step 24600  loss 2.7088
    step 24800  loss 2.7124
    step 25000  loss 2.7093
    step 25200  loss 2.7131
    step 25400  loss 2.7101
    step 25600  loss 2.7102
    step 25800  loss 2.7056
    step 26000  loss 2.7066
    step 26200  loss 2.7122
    step 26400  loss 2.7101
    step 26600  loss 2.7143
    step 26800  loss 2.7075
    step 27000  loss 2.7142
    step 27200  loss 2.7100
    step 27400  loss 2.7093
    step 27600  loss 2.7091
    step 27800  loss 2.7103
    step 28000  loss 2.7115
    step 28200  loss 2.7136
    step 28400  loss 2.7084
    step 28600  loss 2.7055
    step 28800  loss 2.7070
    step 29000  loss 2.7106
    step 29200  loss 2.7115
    step 29400  loss 2.7091
    step 29600  loss 2.7110
    step 29800  loss 2.7071
    step 29999  loss 2.7113
[09:29:03] [stack_d4_s0] done mean_acc=0.0682 wall_s=20277.4 s/step=0.6759
