[04:40:07] [stack_d2_s3] start steps=30000 device=cuda params=204619 lr=0.0003
    step     0  loss 3.2648
    step   200  loss 2.7770
    step   400  loss 2.7890
    step   600  loss 2.7526
    step   800  loss 2.7452
    step  1000  loss 2.7424
    step  1200  loss 2.7317
    step  1400  loss 2.7228
    step  1600  loss 2.7389
    step  1800  loss 2.7382
    step  2000  loss 2.7196
    step  2200  loss 2.7345
    step  2400  loss 2.7454
    step  2600  loss 2.7266
    step  2800  loss 2.7198
    step  3000  loss 2.7378
    step  3200  loss 2.7346
    step  3400  loss 2.7422
    step  3600  loss 2.7291
    step  3800  loss 2.7308
    step  4000  loss 2.7226
    step  4200  loss 2.7273
    step  4400  loss 2.7415
    step  4600  loss 2.6988
    step  4800  loss 2.7279
    step  5000  loss 2.7187
    step  5200  loss 2.7249
    step  5400  loss 2.7119
    step  5600  loss 2.7209
    step  5800  loss 2.7273
    step  6000  loss 2.7211
    step  6200  loss 2.7168
    step  6400  loss 2.7286
    step  6600  loss 2.7145
    step  6800  loss 2.7187
    step  7000  loss 2.7140
    step  7200  loss 2.7144
    step  7400  loss 2.7321
    step  7600  loss 2.7058
    step  7800  loss 2.7183
    step  8000  loss 2.7156
    step  8200  loss 2.7034
    step  8400  loss 2.7094
    step  8600  loss 2.7208
    step  8800  loss 2.7210
    step  9000  loss 2.7131
    step  9200  loss 2.7189
    step  9400  loss 2.7155
    step  9600  loss 2.7144
    step  9800  loss 2.7049
    step 10000  loss 2.7151
[03:51:08] [stack_d2_s3] start steps=30000 device=cuda params=204619 lr=0.0003
    step     0  loss 3.2648
    step   200  loss 2.7770
    step   400  loss 2.7890
    step   600  loss 2.7526
    step   800  loss 2.7452
    step  1000  loss 2.7424
    step  1200  loss 2.7317
    step  1400  loss 2.7228
    step  1600  loss 2.7389
    step  1800  loss 2.7382
    step  2000  loss 2.7196
    step  2200  loss 2.7345
    step  2400  loss 2.7454
    step  2600  loss 2.7266
    step  2800  loss 2.7198
    step  3000  loss 2.7378
    step  3200  loss 2.7346
    step  3400  loss 2.7422
    step  3600  loss 2.7291
    step  3800  loss 2.7308
    step  4000  loss 2.7226
    step  4200  loss 2.7273
    step  4400  loss 2.7415
    step  4600  loss 2.6988
    step  4800  loss 2.7279
    step  5000  loss 2.7187
    step  5200  loss 2.7249
    step  5400  loss 2.7119
    step  5600  loss 2.7209
    step  5800  loss 2.7273
    step  6000  loss 2.7211
    step  6200  loss 2.7168
    step  6400  loss 2.7286
    step  6600  loss 2.7145
    step  6800  loss 2.7187
    step  7000  loss 2.7140
    step  7200  loss 2.7144
    step  7400  loss 2.7321
    step  7600  loss 2.7058
    step  7800  loss 2.7183
    step  8000  loss 2.7156
    step  8200  loss 2.7034
    step  8400  loss 2.7094
    step  8600  loss 2.7208
    step  8800  loss 2.7210
    step  9000  loss 2.7131
    step  9200  loss 2.7189
    step  9400  loss 2.7155
    step  9600  loss 2.7144
    step  9800  loss 2.7049
    step 10000  loss 2.7151
    step 10200  loss 2.7243
    step 10400  loss 2.7088
    step 10600  loss 2.7186
    step 10800  loss 2.7184
    step 11000  loss 2.7165
    step 11200  loss 2.7205
    step 11400  loss 2.7086
    step 11600  loss 2.7160
    step 11800  loss 2.7090
    step 12000  loss 2.7072
    step 12200  loss 2.7010
    step 12400  loss 2.7126
    step 12600  loss 2.7140
    step 12800  loss 2.7148
    step 13000  loss 2.7201
    step 13200  loss 2.7122
    step 13400  loss 2.7256
    step 13600  loss 2.7230
    step 13800  loss 2.7086
    step 14000  loss 2.7180
    step 14200  loss 2.7025
    step 14400  loss 2.7159
    step 14600  loss 2.7067
    step 14800  loss 2.7141
    step 15000  loss 2.7106
    step 15200  loss 2.7113
    step 15400  loss 2.7064
    step 15600  loss 2.7049
    step 15800  loss 2.7204
    step 16000  loss 2.7185
    step 16200  loss 2.7140
    step 16400  loss 2.7205
    step 16600  loss 2.7229
    step 16800  loss 2.7098
    step 17000  loss 2.7159
    step 17200  loss 2.7089
    step 17400  loss 2.7022
    step 17600  loss 2.7144
    step 17800  loss 2.7100
    step 18000  loss 2.7165
    step 18200  loss 2.7105
    step 18400  loss 2.7112
    step 18600  loss 2.7097
    step 18800  loss 2.6966
    step 19000  loss 2.7136
    step 19200  loss 2.7177
    step 19400  loss 2.7201
    step 19600  loss 2.7182
    step 19800  loss 2.7105
    step 20000  loss 2.7082
    step 20200  loss 2.7142
    step 20400  loss 2.7082
    step 20600  loss 2.7153
    step 20800  loss 2.7100
    step 21000  loss 2.7099
    step 21200  loss 2.7066
    step 21400  loss 2.7163
    step 21600  loss 2.7008
    step 21800  loss 2.7108
    step 22000  loss 2.7072
    step 22200  loss 2.7059
    step 22400  loss 2.7146
    step 22600  loss 2.7171
    step 22800  loss 2.7103
    step 23000  loss 2.7184
    step 23200  loss 2.7155
    step 23400  loss 2.7112
    step 23600  loss 2.7129
    step 23800  loss 2.7099
    step 24000  loss 2.7142
    step 24200  loss 2.7092
    step 24400  loss 2.7168
    step 24600  loss 2.7095
    step 24800  loss 2.7088
    step 25000  loss 2.7074
    step 25200  loss 2.7098
    step 25400  loss 2.7126
    step 25600  loss 2.7082
    step 25800  loss 2.7122
    step 26000  loss 2.7065
    step 26200  loss 2.7108
    step 26400  loss 2.7088
    step 26600  loss 2.7086
    step 26800  loss 2.7067
    step 27000  loss 2.7108
    step 27200  loss 2.7123
    step 27400  loss 2.7117
    step 27600  loss 2.7082
    step 27800  loss 2.7119
    step 28000  loss 2.7140
    step 28200  loss 2.7081
    step 28400  loss 2.7070
    step 28600  loss 2.7073
    step 28800  loss 2.7120
    step 29000  loss 2.7078
    step 29200  loss 2.7106
    step 29400  loss 2.7106
    step 29600  loss 2.7093
    step 29800  loss 2.7098
    step 29999  loss 2.7067
[07:45:14] [stack_d2_s3] done mean_acc=0.0665 wall_s=14045.9 s/step=0.4682
