[02:24:04] [stack_d1_s4] start steps=30000 device=cuda params=204619 lr=0.0003
    step     0  loss 3.3275
    step   200  loss 2.7627
    step   400  loss 2.7640
    step   600  loss 2.7656
    step   800  loss 2.7134
    step  1000  loss 2.7186
    step  1200  loss 2.7253
    step  1400  loss 2.7550
    step  1600  loss 2.7332
    step  1800  loss 2.7472
    step  2000  loss 2.7389
    step  2200  loss 2.7346
    step  2400  loss 2.7310
    step  2600  loss 2.7158
    step  2800  loss 2.7297
    step  3000  loss 2.7367
    step  3200  loss 2.7057
    step  3400  loss 2.7249
    step  3600  loss 2.7151
    step  3800  loss 2.7351
    step  4000  loss 2.7117
    step  4200  loss 2.7351
    step  4400  loss 2.7185
    step  4600  loss 2.7364
    step  4800  loss 2.7423
    step  5000  loss 2.7321
    step  5200  loss 2.7297
    step  5400  loss 2.7178
    step  5600  loss 2.7080
    step  5800  loss 2.7180
    step  6000  loss 2.7202
    step  6200  loss 2.7255
    step  6400  loss 2.7081
    step  6600  loss 2.7364
    step  6800  loss 2.7108
    step  7000  loss 2.7144
    step  7200  loss 2.7153
    step  7400  loss 2.7106
    step  7600  loss 2.7039
    step  7800  loss 2.7188
    step  8000  loss 2.7212
    step  8200  loss 2.7135
    step  8400  loss 2.7214
    step  8600  loss 2.7351
    step  8800  loss 2.7127
    step  9000  loss 2.7023
    step  9200  loss 2.6891
    step  9400  loss 2.7175
    step  9600  loss 2.7122
    step  9800  loss 2.7277
    step 10000  loss 2.7163
    step 10200  loss 2.7128
    step 10400  loss 2.7154
    step 10600  loss 2.7398
    step 10800  loss 2.7231
    step 11000  loss 2.7022
    step 11200  loss 2.7158
    step 11400  loss 2.7279
    step 11600  loss 2.7053
    step 11800  loss 2.7204
    step 12000  loss 2.6904
    step 12200  loss 2.7425
    step 12400  loss 2.7178
    step 12600  loss 2.7177
    step 12800  loss 2.7092
    step 13000  loss 2.7128
    step 13200  loss 2.7108
    step 13400  loss 2.7275
    step 13600  loss 2.7141
    step 13800  loss 2.7111
    step 14000  loss 2.7109
    step 14200  loss 2.7095
    step 14400  loss 2.7103
    step 14600  loss 2.7161
    step 14800  loss 2.7066
    step 15000  loss 2.7285
    step 15200  loss 2.7241
    step 15400  loss 2.7235
    step 15600  loss 2.7031
    step 15800  loss 2.7143
    step 16000  loss 2.7231
    step 16200  loss 2.7081
    step 16400  loss 2.7048
    step 16600  loss 2.7159
    step 16800  loss 2.7117
    step 17000  loss 2.7131
    step 17200  loss 2.7203
    step 17400  loss 2.7079
    step 17600  loss 2.7048
    step 17800  loss 2.7154
    step 18000  loss 2.7172
    step 18200  loss 2.7176
    step 18400  loss 2.6998
    step 18600  loss 2.7037
    step 18800  loss 2.7185
    step 19000  loss 2.7165
    step 19200  loss 2.7130
    step 19400  loss 2.7144
    step 19600  loss 2.7174
    step 19800  loss 2.7200
    step 20000  loss 2.7127
    step 20200  loss 2.7079
    step 20400  loss 2.7128
    step 20600  loss 2.7128
    step 20800  loss 2.7029
    step 21000  loss 2.6995
    step 21200  loss 2.7071
    step 21400  loss 2.7028
    step 21600  loss 2.7105
    step 21800  loss 2.7148
    step 22000  loss 2.7071
    step 22200  loss 2.7166
    step 22400  loss 2.7098
    step 22600  loss 2.7092
    step 22800  loss 2.7183
    step 23000  loss 2.7089
    step 23200  loss 2.7146
    step 23400  loss 2.7098
    step 23600  loss 2.7132
    step 23800  loss 2.7172
    step 24000  loss 2.7104
    step 24200  loss 2.7180
    step 24400  loss 2.7162
    step 24600  loss 2.7150
    step 24800  loss 2.7108
    step 25000  loss 2.7080
    step 25200  loss 2.7085
    step 25400  loss 2.7157
    step 25600  loss 2.7053
    step 25800  loss 2.7127
    step 26000  loss 2.7094
    step 26200  loss 2.7103
    step 26400  loss 2.7133
    step 26600  loss 2.7071
    step 26800  loss 2.7102
    step 27000  loss 2.7073
    step 27200  loss 2.7102
    step 27400  loss 2.7120
    step 27600  loss 2.7081
    step 27800  loss 2.7117
    step 28000  loss 2.7113
    step 28200  loss 2.7102
    step 28400  loss 2.7076
    step 28600  loss 2.7098
    step 28800  loss 2.7116
    step 29000  loss 2.7112
    step 29200  loss 2.7118
    step 29400  loss 2.7111
    step 29600  loss 2.7134
    step 29800  loss 2.7106
    step 29999  loss 2.7130
[04:41:17] [stack_d1_s4] done mean_acc=0.0682 wall_s=8232.3 s/step=0.2744
