[06:39:56] [core_d8_s2] start steps=30000 device=cuda params=204621 lr=0.0003
    step     0  loss 3.3251
    step   200  loss 2.7689
    step   400  loss 2.7458
    step   600  loss 2.7288
    step   800  loss 2.7437
    step  1000  loss 2.7412
    step  1200  loss 2.7323
    step  1400  loss 2.7451
    step  1600  loss 2.7185
    step  1800  loss 2.7174
    step  2000  loss 2.7087
    step  2200  loss 2.7263
    step  2400  loss 2.7245
    step  2600  loss 2.7259
    step  2800  loss 2.7318
    step  3000  loss 2.7261
    step  3200  loss 2.7085
    step  3400  loss 2.7123
    step  3600  loss 2.7159
    step  3800  loss 2.7166
    step  4000  loss 2.7207
    step  4200  loss 2.7361
    step  4400  loss 2.7265
    step  4600  loss 2.7215
    step  4800  loss 2.7321
    step  5000  loss 2.7417
    step  5200  loss 2.7192
    step  5400  loss 2.7118
    step  5600  loss 2.7269
    step  5800  loss 2.7319
    step  6000  loss 2.7070
    step  6200  loss 2.7075
    step  6400  loss 2.7097
    step  6600  loss 2.7286
    step  6800  loss 2.7150
    step  7000  loss 2.7181
    step  7200  loss 2.7230
    step  7400  loss 2.7339
    step  7600  loss 2.7411
    step  7800  loss 2.7070
    step  8000  loss 2.7234
    step  8200  loss 2.6968
    step  8400  loss 2.6935
    step  8600  loss 2.7327
    step  8800  loss 2.7015
    step  9000  loss 2.7243
    step  9200  loss 2.7181
    step  9400  loss 2.7157
    step  9600  loss 2.7294
    step  9800  loss 2.7182
    step 10000  loss 2.7249
    step 10200  loss 2.7204
    step 10400  loss 2.7285
    step 10600  loss 2.7282
    step 10800  loss 2.7026
    step 11000  loss 2.7317
    step 11200  loss 2.7116
    step 11400  loss 2.7118
    step 11600  loss 2.7154
    step 11800  loss 2.7114
    step 12000  loss 2.7062
    step 12200  loss 2.7196
    step 12400  loss 2.7311
    step 12600  loss 2.7211
    step 12800  loss 2.7124
    step 13000  loss 2.7225
    step 13200  loss 2.7079
    step 13400  loss 2.7161
    step 13600  loss 2.7153
    step 13800  loss 2.7065
    step 14000  loss 2.7063
    step 14200  loss 2.7231
    step 14400  loss 2.7117
    step 14600  loss 2.7217
    step 14800  loss 2.7243
    step 15000  loss 2.7139
    step 15200  loss 2.7235
    step 15400  loss 2.7207
    step 15600  loss 2.7091
    step 15800  loss 2.7101
    step 16000  loss 2.7154
    step 16200  loss 2.7035
    step 16400  loss 2.7224
    step 16600  loss 2.7092
    step 16800  loss 2.7227
    step 17000  loss 2.7149
    step 17200  loss 2.7143
    step 17400  loss 2.6996
    step 17600  loss 2.7229
    step 17800  loss 2.7060
    step 18000  loss 2.7074
    step 18200  loss 2.7160
    step 18400  loss 2.7099
    step 18600  loss 2.7204
    step 18800  loss 2.7177
    step 19000  loss 2.7247
    step 19200  loss 2.7147
    step 19400  loss 2.7197
    step 19600  loss 2.7113
    step 19800  loss 2.7148
    step 20000  loss 2.7117
    step 20200  loss 2.7194
    step 20400  loss 2.7171
    step 20600  loss 2.7232
    step 20800  loss 2.7046
    step 21000  loss 2.7165
    step 21200  loss 2.7050
    step 21400  loss 2.7169
    step 21600  loss 2.7023
    step 21800  loss 2.7103
    step 22000  loss 2.7173
    step 22200  loss 2.7178
    step 22400  loss 2.7123
    step 22600  loss 2.7062
    step 22800  loss 2.7026
    step 23000  loss 2.7157
    step 23200  loss 2.7067
    step 23400  loss 2.7090
    step 23600  loss 2.7173
    step 23800  loss 2.7101
    step 24000  loss 2.7141
    step 24200  loss 2.7185
    step 24400  loss 2.7124
    step 24600  loss 2.7051
    step 24800  loss 2.7128
    step 25000  loss 2.7090
    step 25200  loss 2.7063
    step 25400  loss 2.7106
    step 25600  loss 2.7069
    step 25800  loss 2.7153
    step 26000  loss 2.7088
    step 26200  loss 2.7100
    step 26400  loss 2.7086
    step 26600  loss 2.7102
    step 26800  loss 2.7110
    step 27000  loss 2.7115
    step 27200  loss 2.7116
    step 27400  loss 2.7069
    step 27600  loss 2.7109
    step 27800  loss 2.7071
    step 28000  loss 2.7067
    step 28200  loss 2.7096
    step 28400  loss 2.7082
    step 28600  loss 2.7138
    step 28800  loss 2.7072
    step 29000  loss 2.7088
    step 29200  loss 2.7134
    step 29400  loss 2.7116
    step 29600  loss 2.7121
    step 29800  loss 2.7116
    step 29999  loss 2.7080
[21:29:15] [core_d8_s2] done mean_acc=0.0649 wall_s=53359.1 s/step=1.7786
