[03:37:04] [stack_d4_s3] start steps=30000 device=cuda params=204619 lr=0.0003
    step     0  loss 3.2748
    step   200  loss 2.7767
    step   400  loss 2.7899
    step   600  loss 2.7696
    step   800  loss 2.7781
[03:51:05] [stack_d4_s3] start steps=30000 device=cuda params=204619 lr=0.0003
    step     0  loss 3.2748
    step   200  loss 2.7767
    step   400  loss 2.7899
    step   600  loss 2.7696
    step   800  loss 2.7781
    step  1000  loss 2.7407
    step  1200  loss 2.7634
    step  1400  loss 2.7501
    step  1600  loss 2.7704
    step  1800  loss 2.7535
    step  2000  loss 2.7333
    step  2200  loss 2.7380
    step  2400  loss 2.7479
    step  2600  loss 2.7323
    step  2800  loss 2.7173
    step  3000  loss 2.7470
    step  3200  loss 2.7250
    step  3400  loss 2.7494
    step  3600  loss 2.7278
    step  3800  loss 2.7391
    step  4000  loss 2.7310
    step  4200  loss 2.7360
    step  4400  loss 2.7424
    step  4600  loss 2.7014
    step  4800  loss 2.7284
    step  5000  loss 2.7175
    step  5200  loss 2.7193
    step  5400  loss 2.7186
    step  5600  loss 2.7245
    step  5800  loss 2.7290
    step  6000  loss 2.7231
    step  6200  loss 2.7202
    step  6400  loss 2.7259
    step  6600  loss 2.7204
    step  6800  loss 2.7208
    step  7000  loss 2.7149
    step  7200  loss 2.7215
    step  7400  loss 2.7439
    step  7600  loss 2.7132
    step  7800  loss 2.7215
    step  8000  loss 2.7117
    step  8200  loss 2.7017
    step  8400  loss 2.7047
    step  8600  loss 2.7196
    step  8800  loss 2.7216
    step  9000  loss 2.7073
    step  9200  loss 2.7184
    step  9400  loss 2.7214
    step  9600  loss 2.7094
    step  9800  loss 2.7041
    step 10000  loss 2.7255
    step 10200  loss 2.7123
    step 10400  loss 2.7106
    step 10600  loss 2.7184
    step 10800  loss 2.7188
    step 11000  loss 2.7204
    step 11200  loss 2.7182
    step 11400  loss 2.7130
    step 11600  loss 2.7209
    step 11800  loss 2.7066
    step 12000  loss 2.7115
    step 12200  loss 2.7014
    step 12400  loss 2.7307
    step 12600  loss 2.7122
    step 12800  loss 2.7107
    step 13000  loss 2.7189
    step 13200  loss 2.7177
    step 13400  loss 2.7211
    step 13600  loss 2.7231
    step 13800  loss 2.7093
    step 14000  loss 2.7206
    step 14200  loss 2.7036
    step 14400  loss 2.7187
    step 14600  loss 2.7085
    step 14800  loss 2.7186
    step 15000  loss 2.7147
    step 15200  loss 2.7169
    step 15400  loss 2.7055
    step 15600  loss 2.7033
    step 15800  loss 2.7277
    step 16000  loss 2.7174
    step 16200  loss 2.7346
    step 16400  loss 2.7182
    step 16600  loss 2.7324
    step 16800  loss 2.7087
    step 17000  loss 2.7179
    step 17200  loss 2.7111
    step 17400  loss 2.7029
    step 17600  loss 2.7097
    step 17800  loss 2.7094
    step 18000  loss 2.7209
    step 18200  loss 2.7144
    step 18400  loss 2.7118
    step 18600  loss 2.7099
    step 18800  loss 2.6970
    step 19000  loss 2.7103
    step 19200  loss 2.7180
    step 19400  loss 2.7182
    step 19600  loss 2.7199
    step 19800  loss 2.7100
    step 20000  loss 2.7070
    step 20200  loss 2.7130
    step 20400  loss 2.7086
    step 20600  loss 2.7148
    step 20800  loss 2.7111
    step 21000  loss 2.7099
    step 21200  loss 2.7071
    step 21400  loss 2.7192
    step 21600  loss 2.6994
    step 21800  loss 2.7096
    step 22000  loss 2.7119
    step 22200  loss 2.7059
    step 22400  loss 2.7101
    step 22600  loss 2.7157
    step 22800  loss 2.7109
    step 23000  loss 2.7207
    step 23200  loss 2.7138
    step 23400  loss 2.7128
    step 23600  loss 2.7128
    step 23800  loss 2.7094
    step 24000  loss 2.7142
    step 24200  loss 2.7103
    step 24400  loss 2.7179
    step 24600  loss 2.7108
    step 24800  loss 2.7125
    step 25000  loss 2.7074
    step 25200  loss 2.7097
    step 25400  loss 2.7123
    step 25600  loss 2.7094
    step 25800  loss 2.7115
    step 26000  loss 2.7086
    step 26200  loss 2.7104
    step 26400  loss 2.7099
    step 26600  loss 2.7086
    step 26800  loss 2.7068
    step 27000  loss 2.7117
    step 27200  loss 2.7144
    step 27400  loss 2.7110
    step 27600  loss 2.7101
    step 27800  loss 2.7114
    step 28000  loss 2.7150
    step 28200  loss 2.7130
    step 28400  loss 2.7100
    step 28600  loss 2.7119
    step 28800  loss 2.7081
    step 29000  loss 2.7094
    step 29200  loss 2.7104
    step 29400  loss 2.7126
    step 29600  loss 2.7117
    step 29800  loss 2.7130
    step 29999  loss 2.7071
[09:28:53] [stack_d4_s3] done mean_acc=0.0655 wall_s=20268.4 s/step=0.6756
