[04:41:03] [stack_d2_s5] start steps=30000 device=cuda params=204619 lr=0.0003
    step     0  loss 3.2869
    step   200  loss 2.7643
    step   400  loss 2.7831
    step   600  loss 2.7608
    step   800  loss 2.7781
    step  1000  loss 2.7564
    step  1200  loss 2.7310
    step  1400  loss 2.7354
    step  1600  loss 2.7288
    step  1800  loss 2.7053
    step  2000  loss 2.7094
    step  2200  loss 2.7341
    step  2400  loss 2.7138
    step  2600  loss 2.7266
    step  2800  loss 2.7354
    step  3000  loss 2.7181
    step  3200  loss 2.7057
    step  3400  loss 2.7174
    step  3600  loss 2.7207
    step  3800  loss 2.7110
    step  4000  loss 2.7089
    step  4200  loss 2.7120
    step  4400  loss 2.7252
    step  4600  loss 2.7254
    step  4800  loss 2.7250
    step  5000  loss 2.7194
    step  5200  loss 2.7200
    step  5400  loss 2.7077
    step  5600  loss 2.7067
    step  5800  loss 2.7249
    step  6000  loss 2.7268
    step  6200  loss 2.7359
    step  6400  loss 2.7225
    step  6600  loss 2.7114
    step  6800  loss 2.7265
    step  7000  loss 2.7448
    step  7200  loss 2.7203
    step  7400  loss 2.7210
    step  7600  loss 2.7300
    step  7800  loss 2.7201
    step  8000  loss 2.7027
    step  8200  loss 2.7189
    step  8400  loss 2.7250
    step  8600  loss 2.7105
    step  8800  loss 2.7212
    step  9000  loss 2.7324
    step  9200  loss 2.7093
    step  9400  loss 2.7073
    step  9600  loss 2.7239
[03:51:08] [stack_d2_s5] start steps=30000 device=cuda params=204619 lr=0.0003
    step     0  loss 3.2869
    step   200  loss 2.7643
    step   400  loss 2.7831
    step   600  loss 2.7608
    step   800  loss 2.7781
    step  1000  loss 2.7564
    step  1200  loss 2.7310
    step  1400  loss 2.7354
    step  1600  loss 2.7288
    step  1800  loss 2.7053
    step  2000  loss 2.7094
    step  2200  loss 2.7341
    step  2400  loss 2.7138
    step  2600  loss 2.7266
    step  2800  loss 2.7354
    step  3000  loss 2.7181
    step  3200  loss 2.7057
    step  3400  loss 2.7174
    step  3600  loss 2.7207
    step  3800  loss 2.7110
    step  4000  loss 2.7089
    step  4200  loss 2.7120
    step  4400  loss 2.7252
    step  4600  loss 2.7254
    step  4800  loss 2.7250
    step  5000  loss 2.7194
    step  5200  loss 2.7200
    step  5400  loss 2.7077
    step  5600  loss 2.7067
    step  5800  loss 2.7249
    step  6000  loss 2.7268
    step  6200  loss 2.7359
    step  6400  loss 2.7225
    step  6600  loss 2.7114
    step  6800  loss 2.7265
    step  7000  loss 2.7448
    step  7200  loss 2.7203
    step  7400  loss 2.7210
    step  7600  loss 2.7300
    step  7800  loss 2.7201
    step  8000  loss 2.7027
    step  8200  loss 2.7189
    step  8400  loss 2.7250
    step  8600  loss 2.7105
    step  8800  loss 2.7212
    step  9000  loss 2.7324
    step  9200  loss 2.7093
    step  9400  loss 2.7073
    step  9600  loss 2.7239
    step  9800  loss 2.7281
    step 10000  loss 2.7056
    step 10200  loss 2.7164
    step 10400  loss 2.7028
    step 10600  loss 2.7284
    step 10800  loss 2.7229
    step 11000  loss 2.7012
    step 11200  loss 2.7113
    step 11400  loss 2.7199
    step 11600  loss 2.6989
    step 11800  loss 2.7222
    step 12000  loss 2.7084
    step 12200  loss 2.7138
    step 12400  loss 2.7186
    step 12600  loss 2.7017
    step 12800  loss 2.6995
    step 13000  loss 2.6947
    step 13200  loss 2.7096
    step 13400  loss 2.7105
    step 13600  loss 2.7190
    step 13800  loss 2.7077
    step 14000  loss 2.7028
    step 14200  loss 2.7079
    step 14400  loss 2.7141
    step 14600  loss 2.7131
    step 14800  loss 2.7164
    step 15000  loss 2.7121
    step 15200  loss 2.7113
    step 15400  loss 2.7184
    step 15600  loss 2.7162
    step 15800  loss 2.7214
    step 16000  loss 2.7172
    step 16200  loss 2.7098
    step 16400  loss 2.7144
    step 16600  loss 2.7209
    step 16800  loss 2.7206
    step 17000  loss 2.7122
    step 17200  loss 2.7113
    step 17400  loss 2.7076
    step 17600  loss 2.7164
    step 17800  loss 2.7058
    step 18000  loss 2.7052
    step 18200  loss 2.7131
    step 18400  loss 2.7069
    step 18600  loss 2.7150
    step 18800  loss 2.7155
    step 19000  loss 2.7141
    step 19200  loss 2.7135
    step 19400  loss 2.7066
    step 19600  loss 2.7177
    step 19800  loss 2.7074
    step 20000  loss 2.7137
    step 20200  loss 2.7035
    step 20400  loss 2.7139
    step 20600  loss 2.7131
    step 20800  loss 2.7103
    step 21000  loss 2.7087
    step 21200  loss 2.7088
    step 21400  loss 2.7091
    step 21600  loss 2.7089
    step 21800  loss 2.7068
    step 22000  loss 2.7060
    step 22200  loss 2.7109
    step 22400  loss 2.7096
    step 22600  loss 2.7132
    step 22800  loss 2.7085
    step 23000  loss 2.7180
    step 23200  loss 2.7140
    step 23400  loss 2.7101
    step 23600  loss 2.7177
    step 23800  loss 2.7112
    step 24000  loss 2.7018
    step 24200  loss 2.7093
    step 24400  loss 2.7137
    step 24600  loss 2.7105
    step 24800  loss 2.7108
    step 25000  loss 2.7107
    step 25200  loss 2.7078
    step 25400  loss 2.7076
    step 25600  loss 2.7104
    step 25800  loss 2.7128
    step 26000  loss 2.7101
    step 26200  loss 2.7104
    step 26400  loss 2.7112
    step 26600  loss 2.7097
    step 26800  loss 2.7117
    step 27000  loss 2.7083
    step 27200  loss 2.7142
    step 27400  loss 2.7101
    step 27600  loss 2.7093
    step 27800  loss 2.7114
    step 28000  loss 2.7117
    step 28200  loss 2.7107
    step 28400  loss 2.7107
    step 28600  loss 2.7100
    step 28800  loss 2.7104
    step 29000  loss 2.7083
    step 29200  loss 2.7115
    step 29400  loss 2.7082
    step 29600  loss 2.7120
    step 29800  loss 2.7091
    step 29999  loss 2.7100
[07:44:19] [stack_d2_s5] done mean_acc=0.0675 wall_s=13991.1 s/step=0.4664
