[22:01:33] [core_d1_s2] start steps=30000 device=cuda params=204621 lr=0.0003
    step     0  loss 3.3251
    step   200  loss 2.7689
    step   400  loss 2.7458
    step   600  loss 2.7289
    step   800  loss 2.7437
    step  1000  loss 2.7411
    step  1200  loss 2.7325
    step  1400  loss 2.7449
    step  1600  loss 2.7186
    step  1800  loss 2.7175
    step  2000  loss 2.7086
    step  2200  loss 2.7262
    step  2400  loss 2.7246
    step  2600  loss 2.7257
    step  2800  loss 2.7321
    step  3000  loss 2.7259
    step  3200  loss 2.7091
    step  3400  loss 2.7117
    step  3600  loss 2.7160
    step  3800  loss 2.7171
    step  4000  loss 2.7207
    step  4200  loss 2.7365
    step  4400  loss 2.7266
    step  4600  loss 2.7216
    step  4800  loss 2.7323
    step  5000  loss 2.7428
    step  5200  loss 2.7192
    step  5400  loss 2.7119
    step  5600  loss 2.7271
[22:15:17] [core_d1_s2] start steps=30000 device=cuda params=204621 lr=0.0003
    step     0  loss 3.3251
    step   200  loss 2.7689
    step   400  loss 2.7458
    step   600  loss 2.7289
    step   800  loss 2.7437
    step  1000  loss 2.7411
    step  1200  loss 2.7325
    step  1400  loss 2.7449
    step  1600  loss 2.7186
    step  1800  loss 2.7175
    step  2000  loss 2.7086
    step  2200  loss 2.7262
    step  2400  loss 2.7246
    step  2600  loss 2.7257
    step  2800  loss 2.7321
    step  3000  loss 2.7259
    step  3200  loss 2.7091
    step  3400  loss 2.7117
    step  3600  loss 2.7160
    step  3800  loss 2.7171
    step  4000  loss 2.7207
    step  4200  loss 2.7365
    step  4400  loss 2.7266
    step  4600  loss 2.7216
    step  4800  loss 2.7323
    step  5000  loss 2.7428
    step  5200  loss 2.7192
    step  5400  loss 2.7119
    step  5600  loss 2.7271
[02:03:01] [core_d1_s2] start steps=30000 device=cuda params=204621 lr=0.0003
    step     0  loss 3.3251
    step   200  loss 2.7689
    step   400  loss 2.7458
    step   600  loss 2.7289
    step   800  loss 2.7437
    step  1000  loss 2.7411
    step  1200  loss 2.7325
    step  1400  loss 2.7449
    step  1600  loss 2.7186
    step  1800  loss 2.7175
    step  2000  loss 2.7086
    step  2200  loss 2.7262
    step  2400  loss 2.7246
    step  2600  loss 2.7257
    step  2800  loss 2.7321
    step  3000  loss 2.7259
    step  3200  loss 2.7091
    step  3400  loss 2.7117
    step  3600  loss 2.7160
    step  3800  loss 2.7171
    step  4000  loss 2.7207
    step  4200  loss 2.7365
    step  4400  loss 2.7266
    step  4600  loss 2.7216
    step  4800  loss 2.7323
    step  5000  loss 2.7428
    step  5200  loss 2.7192
    step  5400  loss 2.7119
    step  5600  loss 2.7271
    step  5800  loss 2.7322
    step  6000  loss 2.7069
    step  6200  loss 2.7080
    step  6400  loss 2.7101
    step  6600  loss 2.7292
    step  6800  loss 2.7152
    step  7000  loss 2.7184
    step  7200  loss 2.7230
    step  7400  loss 2.7341
    step  7600  loss 2.7414
    step  7800  loss 2.7066
    step  8000  loss 2.7235
    step  8200  loss 2.6942
    step  8400  loss 2.6932
    step  8600  loss 2.7323
    step  8800  loss 2.7020
    step  9000  loss 2.7244
[02:24:05] [core_d1_s2] start steps=30000 device=cuda params=204621 lr=0.0003
    step     0  loss 3.3251
    step   200  loss 2.7689
    step   400  loss 2.7458
    step   600  loss 2.7289
    step   800  loss 2.7437
    step  1000  loss 2.7411
    step  1200  loss 2.7325
    step  1400  loss 2.7449
    step  1600  loss 2.7186
    step  1800  loss 2.7175
    step  2000  loss 2.7086
    step  2200  loss 2.7262
    step  2400  loss 2.7246
    step  2600  loss 2.7257
    step  2800  loss 2.7321
    step  3000  loss 2.7259
    step  3200  loss 2.7091
    step  3400  loss 2.7117
    step  3600  loss 2.7160
    step  3800  loss 2.7171
    step  4000  loss 2.7207
    step  4200  loss 2.7365
    step  4400  loss 2.7266
    step  4600  loss 2.7216
    step  4800  loss 2.7323
    step  5000  loss 2.7428
    step  5200  loss 2.7192
    step  5400  loss 2.7119
    step  5600  loss 2.7271
    step  5800  loss 2.7322
    step  6000  loss 2.7069
    step  6200  loss 2.7080
    step  6400  loss 2.7101
    step  6600  loss 2.7292
    step  6800  loss 2.7152
    step  7000  loss 2.7184
    step  7200  loss 2.7230
    step  7400  loss 2.7341
    step  7600  loss 2.7414
    step  7800  loss 2.7066
    step  8000  loss 2.7235
    step  8200  loss 2.6942
    step  8400  loss 2.6932
    step  8600  loss 2.7323
    step  8800  loss 2.7020
    step  9000  loss 2.7244
    step  9200  loss 2.7179
    step  9400  loss 2.7158
    step  9600  loss 2.7294
    step  9800  loss 2.7183
    step 10000  loss 2.7243
    step 10200  loss 2.7206
    step 10400  loss 2.7286
    step 10600  loss 2.7283
    step 10800  loss 2.7027
    step 11000  loss 2.7325
    step 11200  loss 2.7114
    step 11400  loss 2.7116
    step 11600  loss 2.7154
    step 11800  loss 2.7118
    step 12000  loss 2.7063
    step 12200  loss 2.7198
    step 12400  loss 2.7308
    step 12600  loss 2.7212
    step 12800  loss 2.7125
    step 13000  loss 2.7223
    step 13200  loss 2.7080
    step 13400  loss 2.7166
    step 13600  loss 2.7159
    step 13800  loss 2.7069
    step 14000  loss 2.7068
    step 14200  loss 2.7231
    step 14400  loss 2.7121
    step 14600  loss 2.7220
    step 14800  loss 2.7242
    step 15000  loss 2.7143
    step 15200  loss 2.7231
    step 15400  loss 2.7207
    step 15600  loss 2.7087
    step 15800  loss 2.7104
    step 16000  loss 2.7147
    step 16200  loss 2.7034
    step 16400  loss 2.7226
    step 16600  loss 2.7090
    step 16800  loss 2.7226
    step 17000  loss 2.7150
    step 17200  loss 2.7141
    step 17400  loss 2.6995
    step 17600  loss 2.7230
    step 17800  loss 2.7062
    step 18000  loss 2.7071
    step 18200  loss 2.7161
    step 18400  loss 2.7099
    step 18600  loss 2.7206
    step 18800  loss 2.7177
    step 19000  loss 2.7247
    step 19200  loss 2.7147
    step 19400  loss 2.7198
    step 19600  loss 2.7115
    step 19800  loss 2.7148
    step 20000  loss 2.7116
    step 20200  loss 2.7194
    step 20400  loss 2.7165
    step 20600  loss 2.7230
    step 20800  loss 2.7045
    step 21000  loss 2.7162
    step 21200  loss 2.7054
    step 21400  loss 2.7169
    step 21600  loss 2.7026
    step 21800  loss 2.7108
    step 22000  loss 2.7173
    step 22200  loss 2.7175
    step 22400  loss 2.7123
    step 22600  loss 2.7065
    step 22800  loss 2.7028
    step 23000  loss 2.7153
    step 23200  loss 2.7065
    step 23400  loss 2.7091
    step 23600  loss 2.7174
    step 23800  loss 2.7100
    step 24000  loss 2.7141
    step 24200  loss 2.7186
    step 24400  loss 2.7122
    step 24600  loss 2.7051
    step 24800  loss 2.7122
    step 25000  loss 2.7092
    step 25200  loss 2.7061
    step 25400  loss 2.7104
    step 25600  loss 2.7071
    step 25800  loss 2.7150
    step 26000  loss 2.7088
    step 26200  loss 2.7101
    step 26400  loss 2.7086
    step 26600  loss 2.7100
    step 26800  loss 2.7110
    step 27000  loss 2.7114
    step 27200  loss 2.7117
    step 27400  loss 2.7068
    step 27600  loss 2.7109
    step 27800  loss 2.7076
    step 28000  loss 2.7064
    step 28200  loss 2.7095
    step 28400  loss 2.7081
    step 28600  loss 2.7138
    step 28800  loss 2.7072
    step 29000  loss 2.7087
    step 29200  loss 2.7134
    step 29400  loss 2.7115
    step 29600  loss 2.7121
    step 29800  loss 2.7117
    step 29999  loss 2.7081
[04:41:09] [core_d1_s2] done mean_acc=0.0639 wall_s=8223.5 s/step=0.2741
