[04:41:28] [stack_d2_s2] start steps=30000 device=cuda params=204619 lr=0.0003
    step     0  loss 3.2954
    step   200  loss 2.7689
    step   400  loss 2.7735
    step   600  loss 2.7609
    step   800  loss 2.7521
    step  1000  loss 2.7380
    step  1200  loss 2.7456
    step  1400  loss 2.7554
    step  1600  loss 2.7223
    step  1800  loss 2.7245
    step  2000  loss 2.7070
    step  2200  loss 2.7204
    step  2400  loss 2.7179
    step  2600  loss 2.7262
    step  2800  loss 2.7503
    step  3000  loss 2.7345
    step  3200  loss 2.7044
    step  3400  loss 2.7145
    step  3600  loss 2.7101
    step  3800  loss 2.7140
    step  4000  loss 2.7241
    step  4200  loss 2.7301
    step  4400  loss 2.7354
    step  4600  loss 2.7255
    step  4800  loss 2.7316
    step  5000  loss 2.7344
    step  5200  loss 2.7258
    step  5400  loss 2.7193
    step  5600  loss 2.7270
    step  5800  loss 2.7300
    step  6000  loss 2.7108
    step  6200  loss 2.7128
    step  6400  loss 2.7121
    step  6600  loss 2.7230
    step  6800  loss 2.7247
    step  7000  loss 2.7223
    step  7200  loss 2.7214
    step  7400  loss 2.7307
    step  7600  loss 2.7358
    step  7800  loss 2.7050
    step  8000  loss 2.7213
    step  8200  loss 2.6953
    step  8400  loss 2.7048
    step  8600  loss 2.7317
    step  8800  loss 2.7101
    step  9000  loss 2.7273
    step  9200  loss 2.7104
    step  9400  loss 2.7202
[03:51:09] [stack_d2_s2] start steps=30000 device=cuda params=204619 lr=0.0003
    step     0  loss 3.2954
    step   200  loss 2.7689
    step   400  loss 2.7735
    step   600  loss 2.7609
    step   800  loss 2.7521
    step  1000  loss 2.7380
    step  1200  loss 2.7456
    step  1400  loss 2.7554
    step  1600  loss 2.7223
    step  1800  loss 2.7245
    step  2000  loss 2.7070
    step  2200  loss 2.7204
    step  2400  loss 2.7179
    step  2600  loss 2.7262
    step  2800  loss 2.7503
    step  3000  loss 2.7345
    step  3200  loss 2.7044
    step  3400  loss 2.7145
    step  3600  loss 2.7101
    step  3800  loss 2.7140
    step  4000  loss 2.7241
    step  4200  loss 2.7301
    step  4400  loss 2.7354
    step  4600  loss 2.7255
    step  4800  loss 2.7316
    step  5000  loss 2.7344
    step  5200  loss 2.7258
    step  5400  loss 2.7193
    step  5600  loss 2.7270
    step  5800  loss 2.7300
    step  6000  loss 2.7108
    step  6200  loss 2.7128
    step  6400  loss 2.7121
    step  6600  loss 2.7230
    step  6800  loss 2.7247
    step  7000  loss 2.7223
    step  7200  loss 2.7214
    step  7400  loss 2.7307
    step  7600  loss 2.7358
    step  7800  loss 2.7050
    step  8000  loss 2.7213
    step  8200  loss 2.6953
    step  8400  loss 2.7048
    step  8600  loss 2.7317
    step  8800  loss 2.7101
    step  9000  loss 2.7273
    step  9200  loss 2.7104
    step  9400  loss 2.7202
    step  9600  loss 2.7225
    step  9800  loss 2.7169
    step 10000  loss 2.7201
    step 10200  loss 2.7199
    step 10400  loss 2.7215
    step 10600  loss 2.7181
    step 10800  loss 2.7089
    step 11000  loss 2.7294
    step 11200  loss 2.7157
    step 11400  loss 2.7070
    step 11600  loss 2.7111
    step 11800  loss 2.7111
    step 12000  loss 2.7025
    step 12200  loss 2.7190
    step 12400  loss 2.7273
    step 12600  loss 2.7244
    step 12800  loss 2.7110
    step 13000  loss 2.7172
    step 13200  loss 2.7077
    step 13400  loss 2.7130
    step 13600  loss 2.7168
    step 13800  loss 2.7020
    step 14000  loss 2.7090
    step 14200  loss 2.7200
    step 14400  loss 2.7139
    step 14600  loss 2.7216
    step 14800  loss 2.7161
    step 15000  loss 2.7110
    step 15200  loss 2.7196
    step 15400  loss 2.7193
    step 15600  loss 2.7088
    step 15800  loss 2.7179
    step 16000  loss 2.7168
    step 16200  loss 2.7051
    step 16400  loss 2.7187
    step 16600  loss 2.7093
    step 16800  loss 2.7173
    step 17000  loss 2.7135
    step 17200  loss 2.7085
    step 17400  loss 2.6997
    step 17600  loss 2.7226
    step 17800  loss 2.7088
    step 18000  loss 2.7099
    step 18200  loss 2.7145
    step 18400  loss 2.7067
    step 18600  loss 2.7180
    step 18800  loss 2.7166
    step 19000  loss 2.7227
    step 19200  loss 2.7150
    step 19400  loss 2.7179
    step 19600  loss 2.7120
    step 19800  loss 2.7132
    step 20000  loss 2.7156
    step 20200  loss 2.7236
    step 20400  loss 2.7169
    step 20600  loss 2.7208
    step 20800  loss 2.7014
    step 21000  loss 2.7167
    step 21200  loss 2.7082
    step 21400  loss 2.7145
    step 21600  loss 2.7077
    step 21800  loss 2.7065
    step 22000  loss 2.7145
    step 22200  loss 2.7117
    step 22400  loss 2.7122
    step 22600  loss 2.7082
    step 22800  loss 2.7025
    step 23000  loss 2.7126
    step 23200  loss 2.7071
    step 23400  loss 2.7076
    step 23600  loss 2.7126
    step 23800  loss 2.7077
    step 24000  loss 2.7117
    step 24200  loss 2.7150
    step 24400  loss 2.7106
    step 24600  loss 2.7044
    step 24800  loss 2.7129
    step 25000  loss 2.7092
    step 25200  loss 2.7040
    step 25400  loss 2.7070
    step 25600  loss 2.7046
    step 25800  loss 2.7124
    step 26000  loss 2.7088
    step 26200  loss 2.7086
    step 26400  loss 2.7087
    step 26600  loss 2.7095
    step 26800  loss 2.7103
    step 27000  loss 2.7111
    step 27200  loss 2.7129
    step 27400  loss 2.7045
    step 27600  loss 2.7091
    step 27800  loss 2.7066
    step 28000  loss 2.7084
    step 28200  loss 2.7082
    step 28400  loss 2.7057
    step 28600  loss 2.7123
    step 28800  loss 2.7073
    step 29000  loss 2.7087
    step 29200  loss 2.7134
    step 29400  loss 2.7123
    step 29600  loss 2.7103
    step 29800  loss 2.7121
    step 29999  loss 2.7056
[07:45:13] [stack_d2_s2] done mean_acc=0.0646 wall_s=14044.6 s/step=0.4682
