[03:37:04] [stack_d4_s4] start steps=30000 device=cuda params=204619 lr=0.0003
    step     0  loss 3.3058
    step   200  loss 2.7643
    step   400  loss 2.7777
    step   600  loss 2.7819
    step   800  loss 2.7744
[03:51:05] [stack_d4_s4] start steps=30000 device=cuda params=204619 lr=0.0003
    step     0  loss 3.3058
    step   200  loss 2.7643
    step   400  loss 2.7777
    step   600  loss 2.7819
    step   800  loss 2.7744
    step  1000  loss 2.7585
    step  1200  loss 2.7787
    step  1400  loss 2.7818
    step  1600  loss 2.7588
    step  1800  loss 2.7536
    step  2000  loss 2.7397
    step  2200  loss 2.7507
    step  2400  loss 2.7306
    step  2600  loss 2.7115
    step  2800  loss 2.7257
    step  3000  loss 2.7342
    step  3200  loss 2.7083
    step  3400  loss 2.7226
    step  3600  loss 2.7200
    step  3800  loss 2.7338
    step  4000  loss 2.7145
    step  4200  loss 2.7316
    step  4400  loss 2.7151
    step  4600  loss 2.7406
    step  4800  loss 2.7341
    step  5000  loss 2.7272
    step  5200  loss 2.7263
    step  5400  loss 2.7199
    step  5600  loss 2.7100
    step  5800  loss 2.7222
    step  6000  loss 2.7207
    step  6200  loss 2.7201
    step  6400  loss 2.7059
    step  6600  loss 2.7313
    step  6800  loss 2.7152
    step  7000  loss 2.7174
    step  7200  loss 2.7172
    step  7400  loss 2.7152
    step  7600  loss 2.7045
    step  7800  loss 2.7105
    step  8000  loss 2.7118
    step  8200  loss 2.7119
    step  8400  loss 2.7261
    step  8600  loss 2.7267
    step  8800  loss 2.7091
    step  9000  loss 2.7071
    step  9200  loss 2.6864
    step  9400  loss 2.7150
    step  9600  loss 2.7142
    step  9800  loss 2.7248
    step 10000  loss 2.7095
    step 10200  loss 2.7115
    step 10400  loss 2.7161
    step 10600  loss 2.7320
    step 10800  loss 2.7229
    step 11000  loss 2.7012
    step 11200  loss 2.7148
    step 11400  loss 2.7303
    step 11600  loss 2.7095
    step 11800  loss 2.7159
    step 12000  loss 2.6975
    step 12200  loss 2.7334
    step 12400  loss 2.7208
    step 12600  loss 2.7171
    step 12800  loss 2.7084
    step 13000  loss 2.7114
    step 13200  loss 2.7180
    step 13400  loss 2.7176
    step 13600  loss 2.7107
    step 13800  loss 2.7106
    step 14000  loss 2.7024
    step 14200  loss 2.7085
    step 14400  loss 2.7167
    step 14600  loss 2.7158
    step 14800  loss 2.7070
    step 15000  loss 2.7229
    step 15200  loss 2.7228
    step 15400  loss 2.7202
    step 15600  loss 2.7021
    step 15800  loss 2.7077
    step 16000  loss 2.7201
    step 16200  loss 2.7084
    step 16400  loss 2.7030
    step 16600  loss 2.7054
    step 16800  loss 2.7114
    step 17000  loss 2.7105
    step 17200  loss 2.7191
    step 17400  loss 2.7067
    step 17600  loss 2.7097
    step 17800  loss 2.7113
    step 18000  loss 2.7118
    step 18200  loss 2.7169
    step 18400  loss 2.7062
    step 18600  loss 2.7037
    step 18800  loss 2.7111
    step 19000  loss 2.7157
    step 19200  loss 2.7076
    step 19400  loss 2.7117
    step 19600  loss 2.7177
    step 19800  loss 2.7202
    step 20000  loss 2.7103
    step 20200  loss 2.7103
    step 20400  loss 2.7148
    step 20600  loss 2.7119
    step 20800  loss 2.7066
    step 21000  loss 2.6997
    step 21200  loss 2.7076
    step 21400  loss 2.7041
    step 21600  loss 2.7061
    step 21800  loss 2.7181
    step 22000  loss 2.7101
    step 22200  loss 2.7156
    step 22400  loss 2.7097
    step 22600  loss 2.7088
    step 22800  loss 2.7163
    step 23000  loss 2.7073
    step 23200  loss 2.7145
    step 23400  loss 2.7085
    step 23600  loss 2.7131
    step 23800  loss 2.7141
    step 24000  loss 2.7086
    step 24200  loss 2.7134
    step 24400  loss 2.7164
    step 24600  loss 2.7120
    step 24800  loss 2.7126
    step 25000  loss 2.7101
    step 25200  loss 2.7098
    step 25400  loss 2.7162
    step 25600  loss 2.7057
    step 25800  loss 2.7126
    step 26000  loss 2.7078
    step 26200  loss 2.7096
    step 26400  loss 2.7142
    step 26600  loss 2.7054
    step 26800  loss 2.7099
    step 27000  loss 2.7078
    step 27200  loss 2.7086
    step 27400  loss 2.7132
    step 27600  loss 2.7067
    step 27800  loss 2.7113
    step 28000  loss 2.7125
    step 28200  loss 2.7104
    step 28400  loss 2.7084
    step 28600  loss 2.7108
    step 28800  loss 2.7094
    step 29000  loss 2.7093
    step 29200  loss 2.7102
    step 29400  loss 2.7110
    step 29600  loss 2.7107
    step 29800  loss 2.7105
    step 29999  loss 2.7141
[09:27:44] [stack_d4_s4] done mean_acc=0.0671 wall_s=20198.9 s/step=0.6733
