[03:37:04] [stack_d4_s2] start steps=30000 device=cuda params=204619 lr=0.0003
    step     0  loss 3.2825
    step   200  loss 2.7689
    step   400  loss 2.7758
    step   600  loss 2.7703
    step   800  loss 2.7755
[03:51:05] [stack_d4_s2] start steps=30000 device=cuda params=204619 lr=0.0003
    step     0  loss 3.2825
    step   200  loss 2.7689
    step   400  loss 2.7758
    step   600  loss 2.7703
    step   800  loss 2.7755
    step  1000  loss 2.7572
    step  1200  loss 2.7853
    step  1400  loss 2.7532
    step  1600  loss 2.7523
    step  1800  loss 2.7444
    step  2000  loss 2.7167
    step  2200  loss 2.7301
    step  2400  loss 2.7242
    step  2600  loss 2.7324
    step  2800  loss 2.7436
    step  3000  loss 2.7252
    step  3200  loss 2.6938
    step  3400  loss 2.7129
    step  3600  loss 2.7202
    step  3800  loss 2.7224
    step  4000  loss 2.7234
    step  4200  loss 2.7401
    step  4400  loss 2.7294
    step  4600  loss 2.7261
    step  4800  loss 2.7336
    step  5000  loss 2.7487
    step  5200  loss 2.7196
    step  5400  loss 2.7159
    step  5600  loss 2.7363
    step  5800  loss 2.7368
    step  6000  loss 2.7081
    step  6200  loss 2.7093
    step  6400  loss 2.7182
    step  6600  loss 2.7273
    step  6800  loss 2.7283
    step  7000  loss 2.7182
    step  7200  loss 2.7272
    step  7400  loss 2.7380
    step  7600  loss 2.7360
    step  7800  loss 2.7076
    step  8000  loss 2.7267
    step  8200  loss 2.6958
    step  8400  loss 2.7028
    step  8600  loss 2.7340
    step  8800  loss 2.7154
    step  9000  loss 2.7247
    step  9200  loss 2.7137
    step  9400  loss 2.7164
    step  9600  loss 2.7257
    step  9800  loss 2.7113
    step 10000  loss 2.7189
    step 10200  loss 2.7123
    step 10400  loss 2.7228
    step 10600  loss 2.7269
    step 10800  loss 2.7013
    step 11000  loss 2.7293
    step 11200  loss 2.7099
    step 11400  loss 2.7059
    step 11600  loss 2.7103
    step 11800  loss 2.7130
    step 12000  loss 2.7096
    step 12200  loss 2.7233
    step 12400  loss 2.7262
    step 12600  loss 2.7216
    step 12800  loss 2.7116
    step 13000  loss 2.7211
    step 13200  loss 2.7097
    step 13400  loss 2.7142
    step 13600  loss 2.7152
    step 13800  loss 2.7026
    step 14000  loss 2.7039
    step 14200  loss 2.7195
    step 14400  loss 2.7075
    step 14600  loss 2.7223
    step 14800  loss 2.7167
    step 15000  loss 2.7076
    step 15200  loss 2.7171
    step 15400  loss 2.7234
    step 15600  loss 2.7053
    step 15800  loss 2.7105
    step 16000  loss 2.7160
    step 16200  loss 2.7059
    step 16400  loss 2.7216
    step 16600  loss 2.7059
    step 16800  loss 2.7221
    step 17000  loss 2.7109
    step 17200  loss 2.7084
    step 17400  loss 2.7016
    step 17600  loss 2.7208
    step 17800  loss 2.7068
    step 18000  loss 2.7108
    step 18200  loss 2.7137
    step 18400  loss 2.7083
    step 18600  loss 2.7156
    step 18800  loss 2.7185
    step 19000  loss 2.7242
    step 19200  loss 2.7151
    step 19400  loss 2.7194
    step 19600  loss 2.7104
    step 19800  loss 2.7166
    step 20000  loss 2.7179
    step 20200  loss 2.7199
    step 20400  loss 2.7183
    step 20600  loss 2.7228
    step 20800  loss 2.7015
    step 21000  loss 2.7144
    step 21200  loss 2.7078
    step 21400  loss 2.7166
    step 21600  loss 2.7051
    step 21800  loss 2.7119
    step 22000  loss 2.7150
    step 22200  loss 2.7121
    step 22400  loss 2.7165
    step 22600  loss 2.7086
    step 22800  loss 2.7013
    step 23000  loss 2.7148
    step 23200  loss 2.7054
    step 23400  loss 2.7103
    step 23600  loss 2.7128
    step 23800  loss 2.7076
    step 24000  loss 2.7107
    step 24200  loss 2.7152
    step 24400  loss 2.7073
    step 24600  loss 2.7069
    step 24800  loss 2.7125
    step 25000  loss 2.7075
    step 25200  loss 2.7074
    step 25400  loss 2.7065
    step 25600  loss 2.7045
    step 25800  loss 2.7152
    step 26000  loss 2.7070
    step 26200  loss 2.7089
    step 26400  loss 2.7085
    step 26600  loss 2.7078
    step 26800  loss 2.7087
    step 27000  loss 2.7094
    step 27200  loss 2.7108
    step 27400  loss 2.7054
    step 27600  loss 2.7102
    step 27800  loss 2.7081
    step 28000  loss 2.7068
    step 28200  loss 2.7100
    step 28400  loss 2.7075
    step 28600  loss 2.7131
    step 28800  loss 2.7068
    step 29000  loss 2.7070
    step 29200  loss 2.7133
    step 29400  loss 2.7109
    step 29600  loss 2.7112
    step 29800  loss 2.7098
    step 29999  loss 2.7080
[09:28:47] [stack_d4_s2] done mean_acc=0.0648 wall_s=20262.3 s/step=0.6754
