[02:24:04] [stack_d1_s3] start steps=30000 device=cuda params=204619 lr=0.0003
    step     0  loss 3.2620
    step   200  loss 2.7776
    step   400  loss 2.7790
    step   600  loss 2.7406
    step   800  loss 2.7372
    step  1000  loss 2.7532
    step  1200  loss 2.7254
    step  1400  loss 2.7265
    step  1600  loss 2.7430
    step  1800  loss 2.7349
    step  2000  loss 2.7266
    step  2200  loss 2.7301
    step  2400  loss 2.7485
    step  2600  loss 2.7324
    step  2800  loss 2.7124
    step  3000  loss 2.7392
    step  3200  loss 2.7262
    step  3400  loss 2.7454
    step  3600  loss 2.7321
    step  3800  loss 2.7434
    step  4000  loss 2.7311
    step  4200  loss 2.7277
    step  4400  loss 2.7424
    step  4600  loss 2.7018
    step  4800  loss 2.7246
    step  5000  loss 2.7156
    step  5200  loss 2.7311
    step  5400  loss 2.7179
    step  5600  loss 2.7167
    step  5800  loss 2.7404
    step  6000  loss 2.7220
    step  6200  loss 2.7198
    step  6400  loss 2.7266
    step  6600  loss 2.7139
    step  6800  loss 2.7228
    step  7000  loss 2.7159
    step  7200  loss 2.7189
    step  7400  loss 2.7406
    step  7600  loss 2.7069
    step  7800  loss 2.7166
    step  8000  loss 2.7189
    step  8200  loss 2.7018
    step  8400  loss 2.7049
    step  8600  loss 2.7239
    step  8800  loss 2.7251
    step  9000  loss 2.7132
    step  9200  loss 2.7180
    step  9400  loss 2.7302
    step  9600  loss 2.7100
    step  9800  loss 2.7024
    step 10000  loss 2.7234
    step 10200  loss 2.7212
    step 10400  loss 2.7148
    step 10600  loss 2.7229
    step 10800  loss 2.7232
    step 11000  loss 2.7201
    step 11200  loss 2.7211
    step 11400  loss 2.7106
    step 11600  loss 2.7207
    step 11800  loss 2.7086
    step 12000  loss 2.7061
    step 12200  loss 2.6988
    step 12400  loss 2.7094
    step 12600  loss 2.7137
    step 12800  loss 2.7115
    step 13000  loss 2.7227
    step 13200  loss 2.7132
    step 13400  loss 2.7245
    step 13600  loss 2.7258
    step 13800  loss 2.7096
    step 14000  loss 2.7188
    step 14200  loss 2.6999
    step 14400  loss 2.7154
    step 14600  loss 2.7098
    step 14800  loss 2.7175
    step 15000  loss 2.7118
    step 15200  loss 2.7136
    step 15400  loss 2.7051
    step 15600  loss 2.7062
    step 15800  loss 2.7281
    step 16000  loss 2.7207
    step 16200  loss 2.7200
    step 16400  loss 2.7254
    step 16600  loss 2.7274
    step 16800  loss 2.7080
    step 17000  loss 2.7222
    step 17200  loss 2.7084
    step 17400  loss 2.7018
    step 17600  loss 2.7121
    step 17800  loss 2.7093
    step 18000  loss 2.7138
    step 18200  loss 2.7137
    step 18400  loss 2.7119
    step 18600  loss 2.7120
    step 18800  loss 2.6985
    step 19000  loss 2.7124
    step 19200  loss 2.7189
    step 19400  loss 2.7238
    step 19600  loss 2.7207
    step 19800  loss 2.7101
    step 20000  loss 2.7081
    step 20200  loss 2.7127
    step 20400  loss 2.7097
    step 20600  loss 2.7173
    step 20800  loss 2.7109
    step 21000  loss 2.7100
    step 21200  loss 2.7037
    step 21400  loss 2.7217
    step 21600  loss 2.7020
    step 21800  loss 2.7142
    step 22000  loss 2.7112
    step 22200  loss 2.7081
    step 22400  loss 2.7143
    step 22600  loss 2.7188
    step 22800  loss 2.7109
    step 23000  loss 2.7247
    step 23200  loss 2.7136
    step 23400  loss 2.7139
    step 23600  loss 2.7128
    step 23800  loss 2.7088
    step 24000  loss 2.7160
    step 24200  loss 2.7100
    step 24400  loss 2.7160
    step 24600  loss 2.7096
    step 24800  loss 2.7106
    step 25000  loss 2.7098
    step 25200  loss 2.7117
    step 25400  loss 2.7149
    step 25600  loss 2.7117
    step 25800  loss 2.7122
    step 26000  loss 2.7114
    step 26200  loss 2.7125
    step 26400  loss 2.7093
    step 26600  loss 2.7094
    step 26800  loss 2.7080
    step 27000  loss 2.7112
    step 27200  loss 2.7137
    step 27400  loss 2.7123
    step 27600  loss 2.7111
    step 27800  loss 2.7104
    step 28000  loss 2.7151
    step 28200  loss 2.7115
    step 28400  loss 2.7075
    step 28600  loss 2.7113
    step 28800  loss 2.7112
    step 29000  loss 2.7102
    step 29200  loss 2.7115
    step 29400  loss 2.7127
    step 29600  loss 2.7103
    step 29800  loss 2.7116
    step 29999  loss 2.7093
[04:40:07] [stack_d1_s3] done mean_acc=0.0626 wall_s=8162.2 s/step=0.2721
