[06:15:28] [core_d4_s3] start steps=30000 device=cuda params=204621 lr=0.0003
    step     0  loss 3.2620
    step   200  loss 2.7776
    step   400  loss 2.7790
    step   600  loss 2.7405
    step   800  loss 2.7372
    step  1000  loss 2.7532
    step  1200  loss 2.7255
    step  1400  loss 2.7265
    step  1600  loss 2.7429
[03:37:04] [core_d4_s3] start steps=30000 device=cuda params=204621 lr=0.0003
    step     0  loss 3.2620
    step   200  loss 2.7776
    step   400  loss 2.7790
    step   600  loss 2.7405
    step   800  loss 2.7372
[03:51:05] [core_d4_s3] start steps=30000 device=cuda params=204621 lr=0.0003
    step     0  loss 3.2620
    step   200  loss 2.7776
    step   400  loss 2.7790
    step   600  loss 2.7405
    step   800  loss 2.7372
    step  1000  loss 2.7532
    step  1200  loss 2.7255
    step  1400  loss 2.7265
    step  1600  loss 2.7429
    step  1800  loss 2.7348
    step  2000  loss 2.7264
    step  2200  loss 2.7301
    step  2400  loss 2.7485
    step  2600  loss 2.7326
    step  2800  loss 2.7125
    step  3000  loss 2.7394
    step  3200  loss 2.7263
    step  3400  loss 2.7451
    step  3600  loss 2.7321
    step  3800  loss 2.7432
    step  4000  loss 2.7311
    step  4200  loss 2.7280
    step  4400  loss 2.7426
    step  4600  loss 2.7016
    step  4800  loss 2.7255
    step  5000  loss 2.7157
    step  5200  loss 2.7317
    step  5400  loss 2.7162
    step  5600  loss 2.7180
    step  5800  loss 2.7315
    step  6000  loss 2.7212
    step  6200  loss 2.7198
    step  6400  loss 2.7278
    step  6600  loss 2.7146
    step  6800  loss 2.7222
    step  7000  loss 2.7148
    step  7200  loss 2.7176
    step  7400  loss 2.7414
    step  7600  loss 2.7044
    step  7800  loss 2.7167
    step  8000  loss 2.7202
    step  8200  loss 2.7024
    step  8400  loss 2.7056
    step  8600  loss 2.7233
    step  8800  loss 2.7249
    step  9000  loss 2.7143
    step  9200  loss 2.7186
    step  9400  loss 2.7291
    step  9600  loss 2.7096
    step  9800  loss 2.7029
    step 10000  loss 2.7237
    step 10200  loss 2.7207
    step 10400  loss 2.7158
    step 10600  loss 2.7222
    step 10800  loss 2.7246
    step 11000  loss 2.7200
    step 11200  loss 2.7208
    step 11400  loss 2.7105
    step 11600  loss 2.7213
    step 11800  loss 2.7074
    step 12000  loss 2.7078
    step 12200  loss 2.6986
    step 12400  loss 2.7092
    step 12600  loss 2.7125
    step 12800  loss 2.7122
    step 13000  loss 2.7224
    step 13200  loss 2.7116
    step 13400  loss 2.7244
    step 13600  loss 2.7263
    step 13800  loss 2.7086
    step 14000  loss 2.7191
    step 14200  loss 2.7012
    step 14400  loss 2.7155
    step 14600  loss 2.7100
    step 14800  loss 2.7170
    step 15000  loss 2.7116
    step 15200  loss 2.7132
    step 15400  loss 2.7047
    step 15600  loss 2.7064
    step 15800  loss 2.7283
    step 16000  loss 2.7204
    step 16200  loss 2.7199
    step 16400  loss 2.7261
    step 16600  loss 2.7271
    step 16800  loss 2.7098
    step 17000  loss 2.7216
    step 17200  loss 2.7087
    step 17400  loss 2.7013
    step 17600  loss 2.7125
    step 17800  loss 2.7102
    step 18000  loss 2.7141
    step 18200  loss 2.7121
    step 18400  loss 2.7117
    step 18600  loss 2.7119
    step 18800  loss 2.6982
    step 19000  loss 2.7124
    step 19200  loss 2.7188
    step 19400  loss 2.7241
    step 19600  loss 2.7200
    step 19800  loss 2.7102
    step 20000  loss 2.7077
    step 20200  loss 2.7131
    step 20400  loss 2.7096
    step 20600  loss 2.7171
    step 20800  loss 2.7113
    step 21000  loss 2.7098
    step 21200  loss 2.7039
    step 21400  loss 2.7219
    step 21600  loss 2.7023
    step 21800  loss 2.7140
    step 22000  loss 2.7115
    step 22200  loss 2.7082
    step 22400  loss 2.7144
    step 22600  loss 2.7183
    step 22800  loss 2.7113
    step 23000  loss 2.7243
    step 23200  loss 2.7136
    step 23400  loss 2.7136
    step 23600  loss 2.7131
    step 23800  loss 2.7084
    step 24000  loss 2.7158
    step 24200  loss 2.7104
    step 24400  loss 2.7159
    step 24600  loss 2.7095
    step 24800  loss 2.7097
    step 25000  loss 2.7103
    step 25200  loss 2.7119
    step 25400  loss 2.7147
    step 25600  loss 2.7115
    step 25800  loss 2.7126
    step 26000  loss 2.7118
    step 26200  loss 2.7124
    step 26400  loss 2.7096
    step 26600  loss 2.7096
    step 26800  loss 2.7077
    step 27000  loss 2.7110
    step 27200  loss 2.7138
    step 27400  loss 2.7120
    step 27600  loss 2.7117
    step 27800  loss 2.7103
    step 28000  loss 2.7147
    step 28200  loss 2.7118
    step 28400  loss 2.7074
    step 28600  loss 2.7112
    step 28800  loss 2.7109
    step 29000  loss 2.7103
    step 29200  loss 2.7117
    step 29400  loss 2.7129
    step 29600  loss 2.7107
    step 29800  loss 2.7119
    step 29999  loss 2.7099
[09:12:05] [core_d4_s3] done mean_acc=0.0632 wall_s=19259.2 s/step=0.642
