[03:37:04] [stack_d4_s5] start steps=30000 device=cuda params=204619 lr=0.0003
    step     0  loss 3.2831
    step   200  loss 2.7644
    step   400  loss 2.7834
    step   600  loss 2.7669
    step   800  loss 2.7961
[03:51:05] [stack_d4_s5] start steps=30000 device=cuda params=204619 lr=0.0003
    step     0  loss 3.2831
    step   200  loss 2.7644
    step   400  loss 2.7834
    step   600  loss 2.7669
    step   800  loss 2.7961
    step  1000  loss 2.7721
    step  1200  loss 2.7755
    step  1400  loss 2.7600
    step  1600  loss 2.7480
    step  1800  loss 2.7161
    step  2000  loss 2.7346
    step  2200  loss 2.7446
    step  2400  loss 2.7078
    step  2600  loss 2.7367
    step  2800  loss 2.7475
    step  3000  loss 2.7146
    step  3200  loss 2.7043
    step  3400  loss 2.7197
    step  3600  loss 2.7219
    step  3800  loss 2.7272
    step  4000  loss 2.7051
    step  4200  loss 2.7104
    step  4400  loss 2.7342
    step  4600  loss 2.7413
    step  4800  loss 2.7288
    step  5000  loss 2.7227
    step  5200  loss 2.7196
    step  5400  loss 2.7118
    step  5600  loss 2.7066
    step  5800  loss 2.7201
    step  6000  loss 2.7346
    step  6200  loss 2.7423
    step  6400  loss 2.7235
    step  6600  loss 2.7113
    step  6800  loss 2.7313
    step  7000  loss 2.7449
    step  7200  loss 2.7164
    step  7400  loss 2.7234
    step  7600  loss 2.7352
    step  7800  loss 2.7210
    step  8000  loss 2.6998
    step  8200  loss 2.7232
    step  8400  loss 2.7235
    step  8600  loss 2.7112
    step  8800  loss 2.7215
    step  9000  loss 2.7330
    step  9200  loss 2.7029
    step  9400  loss 2.7115
    step  9600  loss 2.7250
    step  9800  loss 2.7239
    step 10000  loss 2.7097
    step 10200  loss 2.7196
    step 10400  loss 2.7083
    step 10600  loss 2.7350
    step 10800  loss 2.7207
    step 11000  loss 2.7123
    step 11200  loss 2.7158
    step 11400  loss 2.7233
    step 11600  loss 2.6991
    step 11800  loss 2.7248
    step 12000  loss 2.7089
    step 12200  loss 2.7177
    step 12400  loss 2.7215
    step 12600  loss 2.7037
    step 12800  loss 2.7020
    step 13000  loss 2.6924
    step 13200  loss 2.7071
    step 13400  loss 2.7113
    step 13600  loss 2.7235
    step 13800  loss 2.7102
    step 14000  loss 2.6978
    step 14200  loss 2.7121
    step 14400  loss 2.7144
    step 14600  loss 2.7126
    step 14800  loss 2.7196
    step 15000  loss 2.7167
    step 15200  loss 2.7098
    step 15400  loss 2.7245
    step 15600  loss 2.7170
    step 15800  loss 2.7207
    step 16000  loss 2.7184
    step 16200  loss 2.7132
    step 16400  loss 2.7223
    step 16600  loss 2.7250
    step 16800  loss 2.7299
    step 17000  loss 2.7083
    step 17200  loss 2.7128
    step 17400  loss 2.7079
    step 17600  loss 2.7167
    step 17800  loss 2.7065
    step 18000  loss 2.7079
    step 18200  loss 2.7187
    step 18400  loss 2.7113
    step 18600  loss 2.7188
    step 18800  loss 2.7147
    step 19000  loss 2.7143
    step 19200  loss 2.7132
    step 19400  loss 2.7037
    step 19600  loss 2.7179
    step 19800  loss 2.7056
    step 20000  loss 2.7210
    step 20200  loss 2.6999
    step 20400  loss 2.7139
    step 20600  loss 2.7123
    step 20800  loss 2.7084
    step 21000  loss 2.7117
    step 21200  loss 2.7135
    step 21400  loss 2.7082
    step 21600  loss 2.7147
    step 21800  loss 2.7125
    step 22000  loss 2.7062
    step 22200  loss 2.7117
    step 22400  loss 2.7082
    step 22600  loss 2.7132
    step 22800  loss 2.7065
    step 23000  loss 2.7182
    step 23200  loss 2.7122
    step 23400  loss 2.7109
    step 23600  loss 2.7197
    step 23800  loss 2.7122
    step 24000  loss 2.7029
    step 24200  loss 2.7092
    step 24400  loss 2.7178
    step 24600  loss 2.7113
    step 24800  loss 2.7127
    step 25000  loss 2.7125
    step 25200  loss 2.7094
    step 25400  loss 2.7078
    step 25600  loss 2.7126
    step 25800  loss 2.7172
    step 26000  loss 2.7155
    step 26200  loss 2.7075
    step 26400  loss 2.7123
    step 26600  loss 2.7092
    step 26800  loss 2.7102
    step 27000  loss 2.7101
    step 27200  loss 2.7160
    step 27400  loss 2.7121
    step 27600  loss 2.7112
    step 27800  loss 2.7144
    step 28000  loss 2.7124
    step 28200  loss 2.7093
    step 28400  loss 2.7131
    step 28600  loss 2.7089
    step 28800  loss 2.7096
    step 29000  loss 2.7096
    step 29200  loss 2.7094
    step 29400  loss 2.7115
    step 29600  loss 2.7113
    step 29800  loss 2.7111
    step 29999  loss 2.7106
[09:28:57] [stack_d4_s5] done mean_acc=0.0698 wall_s=20271.2 s/step=0.6757
