[02:24:04] [stack_d1_s0] start steps=30000 device=cuda params=204619 lr=0.0003
    step     0  loss 3.3066
    step   200  loss 2.7810
    step   400  loss 2.7708
    step   600  loss 2.7556
    step   800  loss 2.7524
    step  1000  loss 2.7357
    step  1200  loss 2.7338
    step  1400  loss 2.7166
    step  1600  loss 2.7316
    step  1800  loss 2.7296
    step  2000  loss 2.7019
    step  2200  loss 2.7152
    step  2400  loss 2.7339
    step  2600  loss 2.7437
    step  2800  loss 2.7299
    step  3000  loss 2.7177
    step  3200  loss 2.7239
    step  3400  loss 2.7232
    step  3600  loss 2.7286
    step  3800  loss 2.7340
    step  4000  loss 2.7297
    step  4200  loss 2.7420
    step  4400  loss 2.7301
    step  4600  loss 2.7075
    step  4800  loss 2.7210
    step  5000  loss 2.7187
    step  5200  loss 2.7029
    step  5400  loss 2.7161
    step  5600  loss 2.7101
    step  5800  loss 2.7144
    step  6000  loss 2.7164
    step  6200  loss 2.7286
    step  6400  loss 2.7223
    step  6600  loss 2.7213
    step  6800  loss 2.7096
    step  7000  loss 2.7171
    step  7200  loss 2.7344
    step  7400  loss 2.7099
    step  7600  loss 2.7165
    step  7800  loss 2.7199
    step  8000  loss 2.7259
    step  8200  loss 2.7062
    step  8400  loss 2.7283
    step  8600  loss 2.7176
    step  8800  loss 2.7395
    step  9000  loss 2.7166
    step  9200  loss 2.7291
    step  9400  loss 2.7275
    step  9600  loss 2.7179
    step  9800  loss 2.7138
    step 10000  loss 2.7194
    step 10200  loss 2.7006
    step 10400  loss 2.6927
    step 10600  loss 2.7051
    step 10800  loss 2.7263
    step 11000  loss 2.7294
    step 11200  loss 2.7108
    step 11400  loss 2.7309
    step 11600  loss 2.7181
    step 11800  loss 2.7102
    step 12000  loss 2.7260
    step 12200  loss 2.7100
    step 12400  loss 2.7246
    step 12600  loss 2.7247
    step 12800  loss 2.7115
    step 13000  loss 2.7185
    step 13200  loss 2.7164
    step 13400  loss 2.7094
    step 13600  loss 2.7276
    step 13800  loss 2.7250
    step 14000  loss 2.7280
    step 14200  loss 2.7248
    step 14400  loss 2.7036
    step 14600  loss 2.7132
    step 14800  loss 2.7024
    step 15000  loss 2.7112
    step 15200  loss 2.7213
    step 15400  loss 2.7121
    step 15600  loss 2.7165
    step 15800  loss 2.7164
    step 16000  loss 2.7114
    step 16200  loss 2.7079
    step 16400  loss 2.6963
    step 16600  loss 2.7230
    step 16800  loss 2.7059
    step 17000  loss 2.7169
    step 17200  loss 2.7244
    step 17400  loss 2.7168
    step 17600  loss 2.7040
    step 17800  loss 2.7180
    step 18000  loss 2.7148
    step 18200  loss 2.7098
    step 18400  loss 2.7102
    step 18600  loss 2.7179
    step 18800  loss 2.7177
    step 19000  loss 2.7123
    step 19200  loss 2.7174
    step 19400  loss 2.7109
    step 19600  loss 2.7156
    step 19800  loss 2.7055
    step 20000  loss 2.7065
    step 20200  loss 2.7048
    step 20400  loss 2.7119
    step 20600  loss 2.7092
    step 20800  loss 2.6992
    step 21000  loss 2.7126
    step 21200  loss 2.7168
    step 21400  loss 2.7132
    step 21600  loss 2.7211
    step 21800  loss 2.7241
    step 22000  loss 2.7199
    step 22200  loss 2.7033
    step 22400  loss 2.7080
    step 22600  loss 2.7168
    step 22800  loss 2.7173
    step 23000  loss 2.7087
    step 23200  loss 2.7035
    step 23400  loss 2.7191
    step 23600  loss 2.7199
    step 23800  loss 2.7079
    step 24000  loss 2.7135
    step 24200  loss 2.7089
    step 24400  loss 2.7129
    step 24600  loss 2.7056
    step 24800  loss 2.7104
    step 25000  loss 2.7049
    step 25200  loss 2.7120
    step 25400  loss 2.7118
    step 25600  loss 2.7110
    step 25800  loss 2.7048
    step 26000  loss 2.7079
    step 26200  loss 2.7109
    step 26400  loss 2.7103
    step 26600  loss 2.7158
    step 26800  loss 2.7082
    step 27000  loss 2.7156
    step 27200  loss 2.7091
    step 27400  loss 2.7106
    step 27600  loss 2.7097
    step 27800  loss 2.7094
    step 28000  loss 2.7118
    step 28200  loss 2.7129
    step 28400  loss 2.7109
    step 28600  loss 2.7081
    step 28800  loss 2.7078
    step 29000  loss 2.7115
    step 29200  loss 2.7105
    step 29400  loss 2.7096
    step 29600  loss 2.7099
    step 29800  loss 2.7088
    step 29999  loss 2.7111
[04:40:05] [stack_d1_s0] done mean_acc=0.0679 wall_s=8161.1 s/step=0.272
