[06:39:55] [stack_d8_s5] start steps=30000 device=cuda params=204619 lr=0.0003
    step     0  loss 3.2838
    step   200  loss 2.7646
    step   400  loss 2.7834
    step   600  loss 2.7675
    step   800  loss 2.7967
    step  1000  loss 2.7860
    step  1200  loss 2.7652
    step  1400  loss 2.7814
    step  1600  loss 2.7688
    step  1800  loss 2.7656
    step  2000  loss 2.7378
    step  2200  loss 2.7772
    step  2400  loss 2.7616
    step  2600  loss 2.7630
    step  2800  loss 2.7428
    step  3000  loss 2.7462
    step  3200  loss 2.7521
    step  3400  loss 2.7385
    step  3600  loss 2.7337
    step  3800  loss 2.7393
    step  4000  loss 2.7284
    step  4200  loss 2.7543
    step  4400  loss 2.7406
    step  4600  loss 2.7454
    step  4800  loss 2.7454
    step  5000  loss 2.7395
    step  5200  loss 2.7002
    step  5400  loss 2.7371
    step  5600  loss 2.7073
    step  5800  loss 2.7284
    step  6000  loss 2.7447
    step  6200  loss 2.7478
    step  6400  loss 2.7376
    step  6600  loss 2.7199
    step  6800  loss 2.7365
    step  7000  loss 2.7391
    step  7200  loss 2.7308
    step  7400  loss 2.7260
    step  7600  loss 2.7354
    step  7800  loss 2.7360
    step  8000  loss 2.7175
    step  8200  loss 2.7223
    step  8400  loss 2.7324
    step  8600  loss 2.7233
    step  8800  loss 2.7304
    step  9000  loss 2.7375
    step  9200  loss 2.7204
    step  9400  loss 2.7221
    step  9600  loss 2.7213
    step  9800  loss 2.7318
    step 10000  loss 2.7048
    step 10200  loss 2.7178
    step 10400  loss 2.7096
    step 10600  loss 2.7401
    step 10800  loss 2.7267
    step 11000  loss 2.7077
    step 11200  loss 2.7218
    step 11400  loss 2.7263
    step 11600  loss 2.7051
    step 11800  loss 2.7276
    step 12000  loss 2.7205
    step 12200  loss 2.7263
    step 12400  loss 2.7272
    step 12600  loss 2.7061
    step 12800  loss 2.7111
    step 13000  loss 2.7004
    step 13200  loss 2.7068
    step 13400  loss 2.7140
    step 13600  loss 2.7218
    step 13800  loss 2.7129
    step 14000  loss 2.7007
    step 14200  loss 2.7115
    step 14400  loss 2.7061
    step 14600  loss 2.7146
    step 14800  loss 2.7274
    step 15000  loss 2.7279
    step 15200  loss 2.7064
    step 15400  loss 2.7234
    step 15600  loss 2.7197
    step 15800  loss 2.7147
    step 16000  loss 2.7164
    step 16200  loss 2.7140
    step 16400  loss 2.7180
    step 16600  loss 2.7181
    step 16800  loss 2.7277
    step 17000  loss 2.7131
    step 17200  loss 2.7190
    step 17400  loss 2.7106
    step 17600  loss 2.7173
    step 17800  loss 2.7053
    step 18000  loss 2.7135
    step 18200  loss 2.7238
    step 18400  loss 2.7172
    step 18600  loss 2.7228
    step 18800  loss 2.7144
    step 19000  loss 2.7140
    step 19200  loss 2.7125
    step 19400  loss 2.7045
    step 19600  loss 2.7187
    step 19800  loss 2.7044
    step 20000  loss 2.7217
    step 20200  loss 2.6947
    step 20400  loss 2.7141
    step 20600  loss 2.7169
    step 20800  loss 2.7091
    step 21000  loss 2.7096
    step 21200  loss 2.7185
    step 21400  loss 2.7111
    step 21600  loss 2.7120
    step 21800  loss 2.7102
    step 22000  loss 2.7049
    step 22200  loss 2.7179
    step 22400  loss 2.7077
    step 22600  loss 2.7132
    step 22800  loss 2.7093
    step 23000  loss 2.7147
    step 23200  loss 2.7099
    step 23400  loss 2.7121
    step 23600  loss 2.7168
    step 23800  loss 2.7139
    step 24000  loss 2.7037
    step 24200  loss 2.7089
    step 24400  loss 2.7136
    step 24600  loss 2.7107
    step 24800  loss 2.7098
    step 25000  loss 2.7113
    step 25200  loss 2.7102
    step 25400  loss 2.7060
    step 25600  loss 2.7122
    step 25800  loss 2.7182
    step 26000  loss 2.7118
    step 26200  loss 2.7093
    step 26400  loss 2.7096
    step 26600  loss 2.7121
    step 26800  loss 2.7087
    step 27000  loss 2.7119
    step 27200  loss 2.7139
    step 27400  loss 2.7134
    step 27600  loss 2.7132
    step 27800  loss 2.7144
    step 28000  loss 2.7099
    step 28200  loss 2.7105
    step 28400  loss 2.7159
    step 28600  loss 2.7083
    step 28800  loss 2.7117
    step 29000  loss 2.7117
    step 29200  loss 2.7103
    step 29400  loss 2.7123
    step 29600  loss 2.7127
    step 29800  loss 2.7082
    step 29999  loss 2.7110
[22:18:40] [stack_d8_s5] done mean_acc=0.0668 wall_s=56324.9 s/step=1.8775
