[06:15:28] [core_d4_s1] start steps=30000 device=cuda params=204621 lr=0.0003
    step     0  loss 3.2667
    step   200  loss 2.7733
    step   400  loss 2.7713
    step   600  loss 2.7663
    step   800  loss 2.7263
    step  1000  loss 2.7149
    step  1200  loss 2.7319
    step  1400  loss 2.7309
    step  1600  loss 2.7191
[03:37:04] [core_d4_s1] start steps=30000 device=cuda params=204621 lr=0.0003
    step     0  loss 3.2667
    step   200  loss 2.7733
    step   400  loss 2.7713
    step   600  loss 2.7663
    step   800  loss 2.7263
[03:51:05] [core_d4_s1] start steps=30000 device=cuda params=204621 lr=0.0003
    step     0  loss 3.2667
    step   200  loss 2.7733
    step   400  loss 2.7713
    step   600  loss 2.7663
    step   800  loss 2.7263
    step  1000  loss 2.7149
    step  1200  loss 2.7319
    step  1400  loss 2.7309
    step  1600  loss 2.7191
    step  1800  loss 2.7396
    step  2000  loss 2.7288
    step  2200  loss 2.7431
    step  2400  loss 2.7288
    step  2600  loss 2.7207
    step  2800  loss 2.7224
    step  3000  loss 2.7178
    step  3200  loss 2.7317
    step  3400  loss 2.7219
    step  3600  loss 2.7136
    step  3800  loss 2.7120
    step  4000  loss 2.7326
    step  4200  loss 2.7135
    step  4400  loss 2.7137
    step  4600  loss 2.7193
    step  4800  loss 2.7249
    step  5000  loss 2.7266
    step  5200  loss 2.7181
    step  5400  loss 2.7245
    step  5600  loss 2.7301
    step  5800  loss 2.7142
    step  6000  loss 2.7146
    step  6200  loss 2.7350
    step  6400  loss 2.7253
    step  6600  loss 2.7306
    step  6800  loss 2.7227
    step  7000  loss 2.7290
    step  7200  loss 2.7229
    step  7400  loss 2.7218
    step  7600  loss 2.7296
    step  7800  loss 2.7079
    step  8000  loss 2.7187
    step  8200  loss 2.7032
    step  8400  loss 2.7192
    step  8600  loss 2.7140
    step  8800  loss 2.7110
    step  9000  loss 2.7140
    step  9200  loss 2.7292
    step  9400  loss 2.7154
    step  9600  loss 2.7158
    step  9800  loss 2.7149
    step 10000  loss 2.7104
    step 10200  loss 2.7174
    step 10400  loss 2.7030
    step 10600  loss 2.7229
    step 10800  loss 2.7087
    step 11000  loss 2.7203
    step 11200  loss 2.7110
    step 11400  loss 2.7416
    step 11600  loss 2.7207
    step 11800  loss 2.7211
    step 12000  loss 2.7370
    step 12200  loss 2.7201
    step 12400  loss 2.6976
    step 12600  loss 2.7052
    step 12800  loss 2.7103
    step 13000  loss 2.7023
    step 13200  loss 2.7218
    step 13400  loss 2.7125
    step 13600  loss 2.7102
    step 13800  loss 2.7131
    step 14000  loss 2.7093
    step 14200  loss 2.7200
    step 14400  loss 2.7159
    step 14600  loss 2.7214
    step 14800  loss 2.7090
    step 15000  loss 2.7109
    step 15200  loss 2.7204
    step 15400  loss 2.7197
    step 15600  loss 2.7229
    step 15800  loss 2.7254
    step 16000  loss 2.7125
    step 16200  loss 2.7066
    step 16400  loss 2.7139
    step 16600  loss 2.7121
    step 16800  loss 2.7207
    step 17000  loss 2.7134
    step 17200  loss 2.7130
    step 17400  loss 2.7178
    step 17600  loss 2.7116
    step 17800  loss 2.7124
    step 18000  loss 2.7188
    step 18200  loss 2.7037
    step 18400  loss 2.7209
    step 18600  loss 2.7227
    step 18800  loss 2.7174
    step 19000  loss 2.7206
    step 19200  loss 2.7112
    step 19400  loss 2.7159
    step 19600  loss 2.7167
    step 19800  loss 2.7269
    step 20000  loss 2.7132
    step 20200  loss 2.7031
    step 20400  loss 2.7115
    step 20600  loss 2.7196
    step 20800  loss 2.7100
    step 21000  loss 2.7166
    step 21200  loss 2.7107
    step 21400  loss 2.7097
    step 21600  loss 2.7105
    step 21800  loss 2.7141
    step 22000  loss 2.7173
    step 22200  loss 2.7116
    step 22400  loss 2.7081
    step 22600  loss 2.7070
    step 22800  loss 2.7116
    step 23000  loss 2.7149
    step 23200  loss 2.7099
    step 23400  loss 2.7157
    step 23600  loss 2.7081
    step 23800  loss 2.7171
    step 24000  loss 2.7138
    step 24200  loss 2.7060
    step 24400  loss 2.7203
    step 24600  loss 2.7145
    step 24800  loss 2.7107
    step 25000  loss 2.7078
    step 25200  loss 2.7126
    step 25400  loss 2.7112
    step 25600  loss 2.7166
    step 25800  loss 2.7114
    step 26000  loss 2.7047
    step 26200  loss 2.7133
    step 26400  loss 2.7091
    step 26600  loss 2.7129
    step 26800  loss 2.7063
    step 27000  loss 2.7113
    step 27200  loss 2.7113
    step 27400  loss 2.7146
    step 27600  loss 2.7138
    step 27800  loss 2.7122
    step 28000  loss 2.7121
    step 28200  loss 2.7123
    step 28400  loss 2.7098
    step 28600  loss 2.7094
    step 28800  loss 2.7101
    step 29000  loss 2.7107
    step 29200  loss 2.7102
    step 29400  loss 2.7120
    step 29600  loss 2.7091
    step 29800  loss 2.7111
    step 29999  loss 2.7086
[09:11:17] [core_d4_s1] done mean_acc=0.0661 wall_s=19212.7 s/step=0.6404
