[02:03:01] [core_d1_s5] start steps=30000 device=cuda params=204621 lr=0.0003
    step     0  loss 3.2993
    step   200  loss 2.7628
    step   400  loss 2.7796
    step   600  loss 2.7358
    step   800  loss 2.7695
    step  1000  loss 2.7570
    step  1200  loss 2.7132
    step  1400  loss 2.7335
    step  1600  loss 2.7337
    step  1800  loss 2.7033
    step  2000  loss 2.7104
    step  2200  loss 2.7316
    step  2400  loss 2.7063
    step  2600  loss 2.7325
    step  2800  loss 2.7401
    step  3000  loss 2.7160
    step  3200  loss 2.7000
    step  3400  loss 2.7159
    step  3600  loss 2.7214
    step  3800  loss 2.7146
    step  4000  loss 2.7034
    step  4200  loss 2.7156
    step  4400  loss 2.7298
    step  4600  loss 2.7259
    step  4800  loss 2.7322
    step  5000  loss 2.7281
    step  5200  loss 2.7195
    step  5400  loss 2.7126
    step  5600  loss 2.7152
    step  5800  loss 2.7251
    step  6000  loss 2.7325
    step  6200  loss 2.7449
    step  6400  loss 2.7258
    step  6600  loss 2.7148
    step  6800  loss 2.7306
    step  7000  loss 2.7485
    step  7200  loss 2.7170
    step  7400  loss 2.7265
    step  7600  loss 2.7341
    step  7800  loss 2.7229
    step  8000  loss 2.7079
    step  8200  loss 2.7258
    step  8400  loss 2.7342
    step  8600  loss 2.7216
    step  8800  loss 2.7218
    step  9000  loss 2.7340
[02:24:04] [core_d1_s5] start steps=30000 device=cuda params=204621 lr=0.0003
    step     0  loss 3.2993
    step   200  loss 2.7628
    step   400  loss 2.7796
    step   600  loss 2.7358
    step   800  loss 2.7695
    step  1000  loss 2.7570
    step  1200  loss 2.7132
    step  1400  loss 2.7335
    step  1600  loss 2.7337
    step  1800  loss 2.7033
    step  2000  loss 2.7104
    step  2200  loss 2.7316
    step  2400  loss 2.7063
    step  2600  loss 2.7325
    step  2800  loss 2.7401
    step  3000  loss 2.7160
    step  3200  loss 2.7000
    step  3400  loss 2.7159
    step  3600  loss 2.7214
    step  3800  loss 2.7146
    step  4000  loss 2.7034
    step  4200  loss 2.7156
    step  4400  loss 2.7298
    step  4600  loss 2.7259
    step  4800  loss 2.7322
    step  5000  loss 2.7281
    step  5200  loss 2.7195
    step  5400  loss 2.7126
    step  5600  loss 2.7152
    step  5800  loss 2.7251
    step  6000  loss 2.7325
    step  6200  loss 2.7449
    step  6400  loss 2.7258
    step  6600  loss 2.7148
    step  6800  loss 2.7306
    step  7000  loss 2.7485
    step  7200  loss 2.7170
    step  7400  loss 2.7265
    step  7600  loss 2.7341
    step  7800  loss 2.7229
    step  8000  loss 2.7079
    step  8200  loss 2.7258
    step  8400  loss 2.7342
    step  8600  loss 2.7216
    step  8800  loss 2.7218
    step  9000  loss 2.7340
    step  9200  loss 2.7080
    step  9400  loss 2.7153
    step  9600  loss 2.7269
    step  9800  loss 2.7267
    step 10000  loss 2.7119
    step 10200  loss 2.7192
    step 10400  loss 2.7064
    step 10600  loss 2.7363
    step 10800  loss 2.7261
    step 11000  loss 2.7140
    step 11200  loss 2.7171
    step 11400  loss 2.7255
    step 11600  loss 2.7042
    step 11800  loss 2.7290
    step 12000  loss 2.7122
    step 12200  loss 2.7207
    step 12400  loss 2.7238
    step 12600  loss 2.7010
    step 12800  loss 2.7080
    step 13000  loss 2.6972
    step 13200  loss 2.7108
    step 13400  loss 2.7170
    step 13600  loss 2.7210
    step 13800  loss 2.7115
    step 14000  loss 2.6991
    step 14200  loss 2.7133
    step 14400  loss 2.7150
    step 14600  loss 2.7156
    step 14800  loss 2.7167
    step 15000  loss 2.7223
    step 15200  loss 2.7109
    step 15400  loss 2.7246
    step 15600  loss 2.7200
    step 15800  loss 2.7225
    step 16000  loss 2.7171
    step 16200  loss 2.7162
    step 16400  loss 2.7224
    step 16600  loss 2.7205
    step 16800  loss 2.7290
    step 17000  loss 2.7123
    step 17200  loss 2.7133
    step 17400  loss 2.7123
    step 17600  loss 2.7142
    step 17800  loss 2.7079
    step 18000  loss 2.7089
    step 18200  loss 2.7168
    step 18400  loss 2.7077
    step 18600  loss 2.7187
    step 18800  loss 2.7158
    step 19000  loss 2.7161
    step 19200  loss 2.7131
    step 19400  loss 2.7032
    step 19600  loss 2.7164
    step 19800  loss 2.7094
    step 20000  loss 2.7200
    step 20200  loss 2.6986
    step 20400  loss 2.7163
    step 20600  loss 2.7133
    step 20800  loss 2.7081
    step 21000  loss 2.7086
    step 21200  loss 2.7147
    step 21400  loss 2.7141
    step 21600  loss 2.7137
    step 21800  loss 2.7093
    step 22000  loss 2.7043
    step 22200  loss 2.7115
    step 22400  loss 2.7063
    step 22600  loss 2.7137
    step 22800  loss 2.7074
    step 23000  loss 2.7209
    step 23200  loss 2.7138
    step 23400  loss 2.7104
    step 23600  loss 2.7180
    step 23800  loss 2.7136
    step 24000  loss 2.7001
    step 24200  loss 2.7064
    step 24400  loss 2.7153
    step 24600  loss 2.7113
    step 24800  loss 2.7109
    step 25000  loss 2.7083
    step 25200  loss 2.7117
    step 25400  loss 2.7075
    step 25600  loss 2.7161
    step 25800  loss 2.7159
    step 26000  loss 2.7128
    step 26200  loss 2.7100
    step 26400  loss 2.7115
    step 26600  loss 2.7097
    step 26800  loss 2.7095
    step 27000  loss 2.7092
    step 27200  loss 2.7157
    step 27400  loss 2.7134
    step 27600  loss 2.7114
    step 27800  loss 2.7110
    step 28000  loss 2.7105
    step 28200  loss 2.7107
    step 28400  loss 2.7144
    step 28600  loss 2.7104
    step 28800  loss 2.7115
    step 29000  loss 2.7111
    step 29200  loss 2.7097
    step 29400  loss 2.7109
    step 29600  loss 2.7126
    step 29800  loss 2.7093
    step 29999  loss 2.7100
[04:42:28] [core_d1_s5] done mean_acc=0.0713 wall_s=8303.9 s/step=0.2768
