[04:41:34] [stack_d2_s1] start steps=30000 device=cuda params=204619 lr=0.0003
    step     0  loss 3.2428
    step   200  loss 2.7733
    step   400  loss 2.7763
    step   600  loss 2.7751
    step   800  loss 2.7435
    step  1000  loss 2.7198
    step  1200  loss 2.7390
    step  1400  loss 2.7456
    step  1600  loss 2.7277
    step  1800  loss 2.7371
    step  2000  loss 2.7362
    step  2200  loss 2.7376
    step  2400  loss 2.7265
    step  2600  loss 2.7192
    step  2800  loss 2.7268
    step  3000  loss 2.7141
    step  3200  loss 2.7325
    step  3400  loss 2.7196
    step  3600  loss 2.7096
    step  3800  loss 2.7092
    step  4000  loss 2.7223
    step  4200  loss 2.7164
    step  4400  loss 2.7150
    step  4600  loss 2.7233
    step  4800  loss 2.7271
    step  5000  loss 2.7282
    step  5200  loss 2.7186
    step  5400  loss 2.7188
    step  5600  loss 2.7292
    step  5800  loss 2.7113
    step  6000  loss 2.7153
    step  6200  loss 2.7336
    step  6400  loss 2.7211
    step  6600  loss 2.7332
    step  6800  loss 2.7187
    step  7000  loss 2.7204
    step  7200  loss 2.7218
    step  7400  loss 2.7170
    step  7600  loss 2.7222
    step  7800  loss 2.7035
    step  8000  loss 2.7169
    step  8200  loss 2.7057
    step  8400  loss 2.7216
    step  8600  loss 2.7195
    step  8800  loss 2.7163
    step  9000  loss 2.7199
    step  9200  loss 2.7228
    step  9400  loss 2.7116
[03:51:08] [stack_d2_s1] start steps=30000 device=cuda params=204619 lr=0.0003
    step     0  loss 3.2428
    step   200  loss 2.7733
    step   400  loss 2.7763
    step   600  loss 2.7751
    step   800  loss 2.7435
    step  1000  loss 2.7198
    step  1200  loss 2.7390
    step  1400  loss 2.7456
    step  1600  loss 2.7277
    step  1800  loss 2.7371
    step  2000  loss 2.7362
    step  2200  loss 2.7376
    step  2400  loss 2.7265
    step  2600  loss 2.7192
    step  2800  loss 2.7268
    step  3000  loss 2.7141
    step  3200  loss 2.7325
    step  3400  loss 2.7196
    step  3600  loss 2.7096
    step  3800  loss 2.7092
    step  4000  loss 2.7223
    step  4200  loss 2.7164
    step  4400  loss 2.7150
    step  4600  loss 2.7233
    step  4800  loss 2.7271
    step  5000  loss 2.7282
    step  5200  loss 2.7186
    step  5400  loss 2.7188
    step  5600  loss 2.7292
    step  5800  loss 2.7113
    step  6000  loss 2.7153
    step  6200  loss 2.7336
    step  6400  loss 2.7211
    step  6600  loss 2.7332
    step  6800  loss 2.7187
    step  7000  loss 2.7204
    step  7200  loss 2.7218
    step  7400  loss 2.7170
    step  7600  loss 2.7222
    step  7800  loss 2.7035
    step  8000  loss 2.7169
    step  8200  loss 2.7057
    step  8400  loss 2.7216
    step  8600  loss 2.7195
    step  8800  loss 2.7163
    step  9000  loss 2.7199
    step  9200  loss 2.7228
    step  9400  loss 2.7116
    step  9600  loss 2.7123
    step  9800  loss 2.7121
    step 10000  loss 2.7067
    step 10200  loss 2.7153
    step 10400  loss 2.7029
    step 10600  loss 2.7223
    step 10800  loss 2.7084
    step 11000  loss 2.7245
    step 11200  loss 2.7077
    step 11400  loss 2.7380
    step 11600  loss 2.7197
    step 11800  loss 2.7198
    step 12000  loss 2.7309
    step 12200  loss 2.7156
    step 12400  loss 2.6956
    step 12600  loss 2.7050
    step 12800  loss 2.7147
    step 13000  loss 2.7027
    step 13200  loss 2.7210
    step 13400  loss 2.7084
    step 13600  loss 2.7090
    step 13800  loss 2.7143
    step 14000  loss 2.7100
    step 14200  loss 2.7132
    step 14400  loss 2.7135
    step 14600  loss 2.7208
    step 14800  loss 2.7099
    step 15000  loss 2.7105
    step 15200  loss 2.7183
    step 15400  loss 2.7127
    step 15600  loss 2.7235
    step 15800  loss 2.7238
    step 16000  loss 2.7140
    step 16200  loss 2.7065
    step 16400  loss 2.7139
    step 16600  loss 2.7105
    step 16800  loss 2.7197
    step 17000  loss 2.7111
    step 17200  loss 2.7138
    step 17400  loss 2.7184
    step 17600  loss 2.7068
    step 17800  loss 2.7135
    step 18000  loss 2.7193
    step 18200  loss 2.7061
    step 18400  loss 2.7197
    step 18600  loss 2.7169
    step 18800  loss 2.7176
    step 19000  loss 2.7200
    step 19200  loss 2.7115
    step 19400  loss 2.7135
    step 19600  loss 2.7138
    step 19800  loss 2.7245
    step 20000  loss 2.7113
    step 20200  loss 2.7039
    step 20400  loss 2.7110
    step 20600  loss 2.7182
    step 20800  loss 2.7105
    step 21000  loss 2.7119
    step 21200  loss 2.7091
    step 21400  loss 2.7060
    step 21600  loss 2.7099
    step 21800  loss 2.7136
    step 22000  loss 2.7176
    step 22200  loss 2.7109
    step 22400  loss 2.7097
    step 22600  loss 2.7072
    step 22800  loss 2.7126
    step 23000  loss 2.7122
    step 23200  loss 2.7091
    step 23400  loss 2.7150
    step 23600  loss 2.7108
    step 23800  loss 2.7168
    step 24000  loss 2.7127
    step 24200  loss 2.7049
    step 24400  loss 2.7182
    step 24600  loss 2.7156
    step 24800  loss 2.7104
    step 25000  loss 2.7089
    step 25200  loss 2.7110
    step 25400  loss 2.7102
    step 25600  loss 2.7147
    step 25800  loss 2.7067
    step 26000  loss 2.7045
    step 26200  loss 2.7123
    step 26400  loss 2.7089
    step 26600  loss 2.7123
    step 26800  loss 2.7067
    step 27000  loss 2.7102
    step 27200  loss 2.7118
    step 27400  loss 2.7138
    step 27600  loss 2.7119
    step 27800  loss 2.7118
    step 28000  loss 2.7109
    step 28200  loss 2.7110
    step 28400  loss 2.7092
    step 28600  loss 2.7095
    step 28800  loss 2.7104
    step 29000  loss 2.7100
    step 29200  loss 2.7115
    step 29400  loss 2.7104
    step 29600  loss 2.7092
    step 29800  loss 2.7094
    step 29999  loss 2.7095
[07:45:11] [stack_d2_s1] done mean_acc=0.0667 wall_s=14042.8 s/step=0.4681
