[06:39:56] [core_d8_s4] start steps=30000 device=cuda params=204621 lr=0.0003
    step     0  loss 3.3275
    step   200  loss 2.7627
    step   400  loss 2.7641
    step   600  loss 2.7656
    step   800  loss 2.7135
    step  1000  loss 2.7185
    step  1200  loss 2.7253
    step  1400  loss 2.7549
    step  1600  loss 2.7332
    step  1800  loss 2.7473
    step  2000  loss 2.7390
    step  2200  loss 2.7347
    step  2400  loss 2.7311
    step  2600  loss 2.7156
    step  2800  loss 2.7297
    step  3000  loss 2.7366
    step  3200  loss 2.7057
    step  3400  loss 2.7249
    step  3600  loss 2.7151
    step  3800  loss 2.7352
    step  4000  loss 2.7115
    step  4200  loss 2.7352
    step  4400  loss 2.7185
    step  4600  loss 2.7364
    step  4800  loss 2.7422
    step  5000  loss 2.7320
    step  5200  loss 2.7297
    step  5400  loss 2.7179
    step  5600  loss 2.7080
    step  5800  loss 2.7181
    step  6000  loss 2.7200
    step  6200  loss 2.7257
    step  6400  loss 2.7080
    step  6600  loss 2.7366
    step  6800  loss 2.7110
    step  7000  loss 2.7142
    step  7200  loss 2.7157
    step  7400  loss 2.7105
    step  7600  loss 2.7045
    step  7800  loss 2.7203
    step  8000  loss 2.7212
    step  8200  loss 2.7136
    step  8400  loss 2.7213
    step  8600  loss 2.7352
    step  8800  loss 2.7128
    step  9000  loss 2.7023
    step  9200  loss 2.6891
    step  9400  loss 2.7176
    step  9600  loss 2.7125
    step  9800  loss 2.7279
    step 10000  loss 2.7165
    step 10200  loss 2.7126
    step 10400  loss 2.7157
    step 10600  loss 2.7398
    step 10800  loss 2.7231
    step 11000  loss 2.7022
    step 11200  loss 2.7157
    step 11400  loss 2.7282
    step 11600  loss 2.7055
    step 11800  loss 2.7204
    step 12000  loss 2.6905
    step 12200  loss 2.7424
    step 12400  loss 2.7178
    step 12600  loss 2.7175
    step 12800  loss 2.7088
    step 13000  loss 2.7121
    step 13200  loss 2.7104
    step 13400  loss 2.7282
    step 13600  loss 2.7141
    step 13800  loss 2.7109
    step 14000  loss 2.7107
    step 14200  loss 2.7094
    step 14400  loss 2.7102
    step 14600  loss 2.7161
    step 14800  loss 2.7064
    step 15000  loss 2.7288
    step 15200  loss 2.7241
    step 15400  loss 2.7232
    step 15600  loss 2.7028
    step 15800  loss 2.7142
    step 16000  loss 2.7230
    step 16200  loss 2.7078
    step 16400  loss 2.7046
    step 16600  loss 2.7161
    step 16800  loss 2.7114
    step 17000  loss 2.7131
    step 17200  loss 2.7205
    step 17400  loss 2.7076
    step 17600  loss 2.7049
    step 17800  loss 2.7152
    step 18000  loss 2.7170
    step 18200  loss 2.7176
    step 18400  loss 2.6999
    step 18600  loss 2.7039
    step 18800  loss 2.7185
    step 19000  loss 2.7164
    step 19200  loss 2.7129
    step 19400  loss 2.7144
    step 19600  loss 2.7173
    step 19800  loss 2.7199
    step 20000  loss 2.7126
    step 20200  loss 2.7078
    step 20400  loss 2.7126
    step 20600  loss 2.7125
    step 20800  loss 2.7029
    step 21000  loss 2.6994
    step 21200  loss 2.7071
    step 21400  loss 2.7026
    step 21600  loss 2.7105
    step 21800  loss 2.7150
    step 22000  loss 2.7073
    step 22200  loss 2.7166
    step 22400  loss 2.7100
    step 22600  loss 2.7092
    step 22800  loss 2.7186
    step 23000  loss 2.7089
    step 23200  loss 2.7149
    step 23400  loss 2.7097
    step 23600  loss 2.7131
    step 23800  loss 2.7171
    step 24000  loss 2.7104
    step 24200  loss 2.7180
    step 24400  loss 2.7161
    step 24600  loss 2.7151
    step 24800  loss 2.7106
    step 25000  loss 2.7082
    step 25200  loss 2.7086
    step 25400  loss 2.7158
    step 25600  loss 2.7055
    step 25800  loss 2.7128
    step 26000  loss 2.7096
    step 26200  loss 2.7103
    step 26400  loss 2.7131
    step 26600  loss 2.7070
    step 26800  loss 2.7103
    step 27000  loss 2.7075
    step 27200  loss 2.7101
    step 27400  loss 2.7120
    step 27600  loss 2.7081
    step 27800  loss 2.7122
    step 28000  loss 2.7115
    step 28200  loss 2.7103
    step 28400  loss 2.7076
    step 28600  loss 2.7099
    step 28800  loss 2.7116
    step 29000  loss 2.7109
    step 29200  loss 2.7116
    step 29400  loss 2.7109
    step 29600  loss 2.7134
    step 29800  loss 2.7105
    step 29999  loss 2.7131
[21:32:55] [core_d8_s4] done mean_acc=0.0695 wall_s=53578.6 s/step=1.786
