[06:39:56] [stack_d8_s1] start steps=30000 device=cuda params=204619 lr=0.0003
    step     0  loss 3.2410
    step   200  loss 2.7732
    step   400  loss 2.7782
    step   600  loss 2.7772
    step   800  loss 2.7740
    step  1000  loss 2.7669
    step  1200  loss 2.7753
    step  1400  loss 2.7740
    step  1600  loss 2.7596
    step  1800  loss 2.7635
    step  2000  loss 2.7460
    step  2200  loss 2.7644
    step  2400  loss 2.7516
    step  2600  loss 2.7762
    step  2800  loss 2.7512
    step  3000  loss 2.7529
    step  3200  loss 2.7460
    step  3400  loss 2.7519
    step  3600  loss 2.7258
    step  3800  loss 2.7172
    step  4000  loss 2.7264
    step  4200  loss 2.7244
    step  4400  loss 2.7238
    step  4600  loss 2.7313
    step  4800  loss 2.7314
    step  5000  loss 2.7304
    step  5200  loss 2.7183
    step  5400  loss 2.7287
    step  5600  loss 2.7329
    step  5800  loss 2.7276
    step  6000  loss 2.7183
    step  6200  loss 2.7432
    step  6400  loss 2.7275
    step  6600  loss 2.7234
    step  6800  loss 2.7208
    step  7000  loss 2.7245
    step  7200  loss 2.7199
    step  7400  loss 2.7219
    step  7600  loss 2.7213
    step  7800  loss 2.7094
    step  8000  loss 2.7241
    step  8200  loss 2.7022
    step  8400  loss 2.7165
    step  8600  loss 2.7246
    step  8800  loss 2.7171
    step  9000  loss 2.7088
    step  9200  loss 2.7299
    step  9400  loss 2.7109
    step  9600  loss 2.7137
    step  9800  loss 2.7175
    step 10000  loss 2.7168
    step 10200  loss 2.7132
    step 10400  loss 2.7091
    step 10600  loss 2.7267
    step 10800  loss 2.7154
    step 11000  loss 2.7187
    step 11200  loss 2.7186
    step 11400  loss 2.7402
    step 11600  loss 2.7217
    step 11800  loss 2.7227
    step 12000  loss 2.7296
    step 12200  loss 2.7168
    step 12400  loss 2.6960
    step 12600  loss 2.7111
    step 12800  loss 2.7104
    step 13000  loss 2.7027
    step 13200  loss 2.7221
    step 13400  loss 2.7061
    step 13600  loss 2.7155
    step 13800  loss 2.7141
    step 14000  loss 2.7078
    step 14200  loss 2.7165
    step 14400  loss 2.7148
    step 14600  loss 2.7186
    step 14800  loss 2.7077
    step 15000  loss 2.7122
    step 15200  loss 2.7159
    step 15400  loss 2.7141
    step 15600  loss 2.7179
    step 15800  loss 2.7293
    step 16000  loss 2.7157
    step 16200  loss 2.7072
    step 16400  loss 2.7124
    step 16600  loss 2.7183
    step 16800  loss 2.7153
    step 17000  loss 2.7101
    step 17200  loss 2.7138
    step 17400  loss 2.7164
    step 17600  loss 2.7110
    step 17800  loss 2.7116
    step 18000  loss 2.7173
    step 18200  loss 2.7079
    step 18400  loss 2.7240
    step 18600  loss 2.7220
    step 18800  loss 2.7150
    step 19000  loss 2.7213
    step 19200  loss 2.7109
    step 19400  loss 2.7171
    step 19600  loss 2.7128
    step 19800  loss 2.7208
    step 20000  loss 2.7136
    step 20200  loss 2.7037
    step 20400  loss 2.7128
    step 20600  loss 2.7222
    step 20800  loss 2.7119
    step 21000  loss 2.7137
    step 21200  loss 2.7127
    step 21400  loss 2.7084
    step 21600  loss 2.7164
    step 21800  loss 2.7129
    step 22000  loss 2.7176
    step 22200  loss 2.7100
    step 22400  loss 2.7099
    step 22600  loss 2.7033
    step 22800  loss 2.7109
    step 23000  loss 2.7138
    step 23200  loss 2.7069
    step 23400  loss 2.7179
    step 23600  loss 2.7077
    step 23800  loss 2.7156
    step 24000  loss 2.7142
    step 24200  loss 2.7064
    step 24400  loss 2.7196
    step 24600  loss 2.7128
    step 24800  loss 2.7138
    step 25000  loss 2.7084
    step 25200  loss 2.7096
    step 25400  loss 2.7124
    step 25600  loss 2.7184
    step 25800  loss 2.7088
    step 26000  loss 2.7026
    step 26200  loss 2.7167
    step 26400  loss 2.7055
    step 26600  loss 2.7137
    step 26800  loss 2.7042
    step 27000  loss 2.7081
    step 27200  loss 2.7098
    step 27400  loss 2.7124
    step 27600  loss 2.7147
    step 27800  loss 2.7151
    step 28000  loss 2.7129
    step 28200  loss 2.7113
    step 28400  loss 2.7125
    step 28600  loss 2.7086
    step 28800  loss 2.7145
    step 29000  loss 2.7071
    step 29200  loss 2.7081
    step 29400  loss 2.7145
    step 29600  loss 2.7095
    step 29800  loss 2.7107
    step 29999  loss 2.7089
[22:20:21] [stack_d8_s1] done mean_acc=0.0657 wall_s=56425.6 s/step=1.8809
