[06:39:56] [stack_d8_s3] start steps=30000 device=cuda params=204619 lr=0.0003
    step     0  loss 3.2814
    step   200  loss 2.7767
    step   400  loss 2.7893
    step   600  loss 2.7711
    step   800  loss 2.7736
    step  1000  loss 2.7628
    step  1200  loss 2.7682
    step  1400  loss 2.7756
    step  1600  loss 2.7758
    step  1800  loss 2.7733
    step  2000  loss 2.7498
    step  2200  loss 2.7677
    step  2400  loss 2.7711
    step  2600  loss 2.7728
    step  2800  loss 2.7481
    step  3000  loss 2.7499
    step  3200  loss 2.7581
    step  3400  loss 2.7754
    step  3600  loss 2.7297
    step  3800  loss 2.7479
    step  4000  loss 2.7370
    step  4200  loss 2.7420
    step  4400  loss 2.7581
    step  4600  loss 2.7178
    step  4800  loss 2.7494
    step  5000  loss 2.7329
    step  5200  loss 2.7424
    step  5400  loss 2.7226
    step  5600  loss 2.7261
    step  5800  loss 2.7441
    step  6000  loss 2.7189
    step  6200  loss 2.7206
    step  6400  loss 2.7431
    step  6600  loss 2.7184
    step  6800  loss 2.7189
    step  7000  loss 2.7209
    step  7200  loss 2.7199
    step  7400  loss 2.7378
    step  7600  loss 2.7093
    step  7800  loss 2.7162
    step  8000  loss 2.7380
    step  8200  loss 2.7044
    step  8400  loss 2.7098
    step  8600  loss 2.7205
    step  8800  loss 2.7237
    step  9000  loss 2.7188
    step  9200  loss 2.7196
    step  9400  loss 2.7269
    step  9600  loss 2.7226
    step  9800  loss 2.7065
    step 10000  loss 2.7244
    step 10200  loss 2.7246
    step 10400  loss 2.7131
    step 10600  loss 2.7182
    step 10800  loss 2.7228
    step 11000  loss 2.7261
    step 11200  loss 2.7210
    step 11400  loss 2.7088
    step 11600  loss 2.7240
    step 11800  loss 2.7070
    step 12000  loss 2.7159
    step 12200  loss 2.7002
    step 12400  loss 2.7091
    step 12600  loss 2.7158
    step 12800  loss 2.7136
    step 13000  loss 2.7191
    step 13200  loss 2.7066
    step 13400  loss 2.7260
    step 13600  loss 2.7252
    step 13800  loss 2.7101
    step 14000  loss 2.7200
    step 14200  loss 2.7045
    step 14400  loss 2.7130
    step 14600  loss 2.7143
    step 14800  loss 2.7169
    step 15000  loss 2.7141
    step 15200  loss 2.7137
    step 15400  loss 2.7093
    step 15600  loss 2.7051
    step 15800  loss 2.7276
    step 16000  loss 2.7200
    step 16200  loss 2.7133
    step 16400  loss 2.7271
    step 16600  loss 2.7238
    step 16800  loss 2.7099
    step 17000  loss 2.7234
    step 17200  loss 2.7106
    step 17400  loss 2.7048
    step 17600  loss 2.7111
    step 17800  loss 2.7089
    step 18000  loss 2.7172
    step 18200  loss 2.7127
    step 18400  loss 2.7112
    step 18600  loss 2.7085
    step 18800  loss 2.6971
    step 19000  loss 2.7067
    step 19200  loss 2.7202
    step 19400  loss 2.7176
    step 19600  loss 2.7189
    step 19800  loss 2.7113
    step 20000  loss 2.7069
    step 20200  loss 2.7143
    step 20400  loss 2.7086
    step 20600  loss 2.7126
    step 20800  loss 2.7144
    step 21000  loss 2.7087
    step 21200  loss 2.7053
    step 21400  loss 2.7216
    step 21600  loss 2.7023
    step 21800  loss 2.7106
    step 22000  loss 2.7125
    step 22200  loss 2.7078
    step 22400  loss 2.7121
    step 22600  loss 2.7169
    step 22800  loss 2.7127
    step 23000  loss 2.7191
    step 23200  loss 2.7169
    step 23400  loss 2.7110
    step 23600  loss 2.7142
    step 23800  loss 2.7129
    step 24000  loss 2.7137
    step 24200  loss 2.7106
    step 24400  loss 2.7150
    step 24600  loss 2.7101
    step 24800  loss 2.7120
    step 25000  loss 2.7088
    step 25200  loss 2.7136
    step 25400  loss 2.7152
    step 25600  loss 2.7090
    step 25800  loss 2.7095
    step 26000  loss 2.7100
    step 26200  loss 2.7136
    step 26400  loss 2.7069
    step 26600  loss 2.7099
    step 26800  loss 2.7071
    step 27000  loss 2.7093
    step 27200  loss 2.7157
    step 27400  loss 2.7107
    step 27600  loss 2.7117
    step 27800  loss 2.7097
    step 28000  loss 2.7150
    step 28200  loss 2.7060
    step 28400  loss 2.7088
    step 28600  loss 2.7071
    step 28800  loss 2.7076
    step 29000  loss 2.7103
    step 29200  loss 2.7118
    step 29400  loss 2.7120
    step 29600  loss 2.7119
    step 29800  loss 2.7101
    step 29999  loss 2.7083
[22:22:13] [stack_d8_s3] done mean_acc=0.0669 wall_s=56537.7 s/step=1.8846
