[06:39:56] [core_d8_s0] start steps=30000 device=cuda params=204621 lr=0.0003
    step     0  loss 3.3069
    step   200  loss 2.7810
    step   400  loss 2.7708
    step   600  loss 2.7556
    step   800  loss 2.7526
    step  1000  loss 2.7357
    step  1200  loss 2.7337
    step  1400  loss 2.7166
    step  1600  loss 2.7318
    step  1800  loss 2.7297
    step  2000  loss 2.7017
    step  2200  loss 2.7143
    step  2400  loss 2.7339
    step  2600  loss 2.7450
    step  2800  loss 2.7297
    step  3000  loss 2.7177
    step  3200  loss 2.7252
    step  3400  loss 2.7222
    step  3600  loss 2.7291
    step  3800  loss 2.7340
    step  4000  loss 2.7276
    step  4200  loss 2.7404
    step  4400  loss 2.7306
    step  4600  loss 2.7081
    step  4800  loss 2.7210
    step  5000  loss 2.7174
    step  5200  loss 2.7026
    step  5400  loss 2.7167
    step  5600  loss 2.7092
    step  5800  loss 2.7141
    step  6000  loss 2.7155
    step  6200  loss 2.7296
    step  6400  loss 2.7231
    step  6600  loss 2.7171
    step  6800  loss 2.7096
    step  7000  loss 2.7166
    step  7200  loss 2.7339
    step  7400  loss 2.7102
    step  7600  loss 2.7171
    step  7800  loss 2.7201
    step  8000  loss 2.7262
    step  8200  loss 2.7062
    step  8400  loss 2.7277
    step  8600  loss 2.7184
    step  8800  loss 2.7395
    step  9000  loss 2.7196
    step  9200  loss 2.7318
    step  9400  loss 2.7266
    step  9600  loss 2.7170
    step  9800  loss 2.7138
    step 10000  loss 2.7195
    step 10200  loss 2.7011
    step 10400  loss 2.6932
    step 10600  loss 2.7051
    step 10800  loss 2.7274
    step 11000  loss 2.7292
    step 11200  loss 2.7112
    step 11400  loss 2.7307
    step 11600  loss 2.7146
    step 11800  loss 2.7101
    step 12000  loss 2.7277
    step 12200  loss 2.7106
    step 12400  loss 2.7240
    step 12600  loss 2.7248
    step 12800  loss 2.7124
    step 13000  loss 2.7191
    step 13200  loss 2.7157
    step 13400  loss 2.7105
    step 13600  loss 2.7279
    step 13800  loss 2.7245
    step 14000  loss 2.7279
    step 14200  loss 2.7247
    step 14400  loss 2.7033
    step 14600  loss 2.7135
    step 14800  loss 2.7019
    step 15000  loss 2.7109
    step 15200  loss 2.7221
    step 15400  loss 2.7123
    step 15600  loss 2.7166
    step 15800  loss 2.7169
    step 16000  loss 2.7110
    step 16200  loss 2.7075
    step 16400  loss 2.6967
    step 16600  loss 2.7232
    step 16800  loss 2.7068
    step 17000  loss 2.7159
    step 17200  loss 2.7251
    step 17400  loss 2.7166
    step 17600  loss 2.7046
    step 17800  loss 2.7180
    step 18000  loss 2.7141
    step 18200  loss 2.7106
    step 18400  loss 2.7107
    step 18600  loss 2.7178
    step 18800  loss 2.7181
    step 19000  loss 2.7143
    step 19200  loss 2.7174
    step 19400  loss 2.7097
    step 19600  loss 2.7155
    step 19800  loss 2.7062
    step 20000  loss 2.7063
    step 20200  loss 2.7048
    step 20400  loss 2.7121
    step 20600  loss 2.7097
    step 20800  loss 2.6993
    step 21000  loss 2.7125
    step 21200  loss 2.7169
    step 21400  loss 2.7136
    step 21600  loss 2.7217
    step 21800  loss 2.7248
    step 22000  loss 2.7191
    step 22200  loss 2.7030
    step 22400  loss 2.7083
    step 22600  loss 2.7167
    step 22800  loss 2.7172
    step 23000  loss 2.7087
    step 23200  loss 2.7044
    step 23400  loss 2.7189
    step 23600  loss 2.7202
    step 23800  loss 2.7078
    step 24000  loss 2.7132
    step 24200  loss 2.7089
    step 24400  loss 2.7128
    step 24600  loss 2.7053
    step 24800  loss 2.7106
    step 25000  loss 2.7053
    step 25200  loss 2.7118
    step 25400  loss 2.7117
    step 25600  loss 2.7107
    step 25800  loss 2.7051
    step 26000  loss 2.7080
    step 26200  loss 2.7107
    step 26400  loss 2.7099
    step 26600  loss 2.7163
    step 26800  loss 2.7086
    step 27000  loss 2.7160
    step 27200  loss 2.7087
    step 27400  loss 2.7110
    step 27600  loss 2.7094
    step 27800  loss 2.7093
    step 28000  loss 2.7122
    step 28200  loss 2.7128
    step 28400  loss 2.7109
    step 28600  loss 2.7080
    step 28800  loss 2.7079
    step 29000  loss 2.7110
    step 29200  loss 2.7109
    step 29400  loss 2.7090
    step 29600  loss 2.7102
    step 29800  loss 2.7091
    step 29999  loss 2.7111
[21:32:25] [core_d8_s0] done mean_acc=0.0692 wall_s=53549.7 s/step=1.785
