[06:39:55] [core_d8_s5] start steps=30000 device=cuda params=204621 lr=0.0003
    step     0  loss 3.2994
    step   200  loss 2.7627
    step   400  loss 2.7796
    step   600  loss 2.7358
    step   800  loss 2.7694
    step  1000  loss 2.7570
    step  1200  loss 2.7133
    step  1400  loss 2.7334
    step  1600  loss 2.7337
    step  1800  loss 2.7034
    step  2000  loss 2.7105
    step  2200  loss 2.7314
    step  2400  loss 2.7063
    step  2600  loss 2.7325
    step  2800  loss 2.7400
    step  3000  loss 2.7157
    step  3200  loss 2.7001
    step  3400  loss 2.7160
    step  3600  loss 2.7214
    step  3800  loss 2.7149
    step  4000  loss 2.7036
    step  4200  loss 2.7154
    step  4400  loss 2.7296
    step  4600  loss 2.7269
    step  4800  loss 2.7314
    step  5000  loss 2.7275
    step  5200  loss 2.7194
    step  5400  loss 2.7170
    step  5600  loss 2.7146
    step  5800  loss 2.7243
    step  6000  loss 2.7333
    step  6200  loss 2.7449
    step  6400  loss 2.7260
    step  6600  loss 2.7149
    step  6800  loss 2.7296
    step  7000  loss 2.7489
    step  7200  loss 2.7187
    step  7400  loss 2.7241
    step  7600  loss 2.7338
    step  7800  loss 2.7226
    step  8000  loss 2.7074
    step  8200  loss 2.7258
    step  8400  loss 2.7306
    step  8600  loss 2.7186
    step  8800  loss 2.7224
    step  9000  loss 2.7364
    step  9200  loss 2.7094
    step  9400  loss 2.7138
    step  9600  loss 2.7284
    step  9800  loss 2.7277
    step 10000  loss 2.7144
    step 10200  loss 2.7192
    step 10400  loss 2.7050
    step 10600  loss 2.7369
    step 10800  loss 2.7248
    step 11000  loss 2.7138
    step 11200  loss 2.7172
    step 11400  loss 2.7250
    step 11600  loss 2.7043
    step 11800  loss 2.7299
    step 12000  loss 2.7123
    step 12200  loss 2.7232
    step 12400  loss 2.7238
    step 12600  loss 2.7029
    step 12800  loss 2.7072
    step 13000  loss 2.6987
    step 13200  loss 2.7111
    step 13400  loss 2.7136
    step 13600  loss 2.7198
    step 13800  loss 2.7086
    step 14000  loss 2.6978
    step 14200  loss 2.7126
    step 14400  loss 2.7146
    step 14600  loss 2.7159
    step 14800  loss 2.7175
    step 15000  loss 2.7217
    step 15200  loss 2.7103
    step 15400  loss 2.7248
    step 15600  loss 2.7205
    step 15800  loss 2.7237
    step 16000  loss 2.7154
    step 16200  loss 2.7164
    step 16400  loss 2.7222
    step 16600  loss 2.7195
    step 16800  loss 2.7284
    step 17000  loss 2.7123
    step 17200  loss 2.7137
    step 17400  loss 2.7131
    step 17600  loss 2.7151
    step 17800  loss 2.7079
    step 18000  loss 2.7080
    step 18200  loss 2.7160
    step 18400  loss 2.7090
    step 18600  loss 2.7188
    step 18800  loss 2.7150
    step 19000  loss 2.7169
    step 19200  loss 2.7127
    step 19400  loss 2.7029
    step 19600  loss 2.7164
    step 19800  loss 2.7091
    step 20000  loss 2.7204
    step 20200  loss 2.6995
    step 20400  loss 2.7155
    step 20600  loss 2.7138
    step 20800  loss 2.7092
    step 21000  loss 2.7072
    step 21200  loss 2.7134
    step 21400  loss 2.7139
    step 21600  loss 2.7156
    step 21800  loss 2.7073
    step 22000  loss 2.7074
    step 22200  loss 2.7127
    step 22400  loss 2.7058
    step 22600  loss 2.7129
    step 22800  loss 2.7078
    step 23000  loss 2.7209
    step 23200  loss 2.7134
    step 23400  loss 2.7106
    step 23600  loss 2.7174
    step 23800  loss 2.7148
    step 24000  loss 2.7004
    step 24200  loss 2.7063
    step 24400  loss 2.7157
    step 24600  loss 2.7105
    step 24800  loss 2.7106
    step 25000  loss 2.7089
    step 25200  loss 2.7112
    step 25400  loss 2.7079
    step 25600  loss 2.7164
    step 25800  loss 2.7164
    step 26000  loss 2.7127
    step 26200  loss 2.7100
    step 26400  loss 2.7103
    step 26600  loss 2.7105
    step 26800  loss 2.7100
    step 27000  loss 2.7093
    step 27200  loss 2.7154
    step 27400  loss 2.7131
    step 27600  loss 2.7111
    step 27800  loss 2.7122
    step 28000  loss 2.7096
    step 28200  loss 2.7108
    step 28400  loss 2.7139
    step 28600  loss 2.7097
    step 28800  loss 2.7112
    step 29000  loss 2.7108
    step 29200  loss 2.7096
    step 29400  loss 2.7106
    step 29600  loss 2.7124
    step 29800  loss 2.7096
    step 29999  loss 2.7099
[21:28:57] [core_d8_s5] done mean_acc=0.0707 wall_s=53341.3 s/step=1.778
