[06:39:56] [stack_d8_s0] start steps=30000 device=cuda params=204619 lr=0.0003
    step     0  loss 3.2918
    step   200  loss 2.7809
    step   400  loss 2.7743
    step   600  loss 2.7702
    step   800  loss 2.7797
    step  1000  loss 2.7741
    step  1200  loss 2.7689
    step  1400  loss 2.7685
    step  1600  loss 2.7593
    step  1800  loss 2.7675
    step  2000  loss 2.7603
    step  2200  loss 2.7495
    step  2400  loss 2.7343
    step  2600  loss 2.7830
    step  2800  loss 2.7747
    step  3000  loss 2.7661
    step  3200  loss 2.7348
    step  3400  loss 2.7387
    step  3600  loss 2.7528
    step  3800  loss 2.7486
    step  4000  loss 2.7438
    step  4200  loss 2.7408
    step  4400  loss 2.7391
    step  4600  loss 2.7345
    step  4800  loss 2.7403
    step  5000  loss 2.7200
    step  5200  loss 2.7049
    step  5400  loss 2.7226
    step  5600  loss 2.7135
    step  5800  loss 2.7159
    step  6000  loss 2.7131
    step  6200  loss 2.7269
    step  6400  loss 2.7294
    step  6600  loss 2.7359
    step  6800  loss 2.7172
    step  7000  loss 2.7184
    step  7200  loss 2.7321
    step  7400  loss 2.7156
    step  7600  loss 2.7115
    step  7800  loss 2.7300
    step  8000  loss 2.7314
    step  8200  loss 2.7054
    step  8400  loss 2.7249
    step  8600  loss 2.7142
    step  8800  loss 2.7389
    step  9000  loss 2.7217
    step  9200  loss 2.7312
    step  9400  loss 2.7278
    step  9600  loss 2.7152
    step  9800  loss 2.7172
    step 10000  loss 2.7227
    step 10200  loss 2.7003
    step 10400  loss 2.7018
    step 10600  loss 2.7090
    step 10800  loss 2.7270
    step 11000  loss 2.7304
    step 11200  loss 2.7085
    step 11400  loss 2.7283
    step 11600  loss 2.7143
    step 11800  loss 2.7057
    step 12000  loss 2.7188
    step 12200  loss 2.7076
    step 12400  loss 2.7253
    step 12600  loss 2.7241
    step 12800  loss 2.7086
    step 13000  loss 2.7149
    step 13200  loss 2.7200
    step 13400  loss 2.7079
    step 13600  loss 2.7308
    step 13800  loss 2.7265
    step 14000  loss 2.7254
    step 14200  loss 2.7260
    step 14400  loss 2.7057
    step 14600  loss 2.7131
    step 14800  loss 2.7027
    step 15000  loss 2.7131
    step 15200  loss 2.7155
    step 15400  loss 2.7127
    step 15600  loss 2.7154
    step 15800  loss 2.7144
    step 16000  loss 2.7090
    step 16200  loss 2.7111
    step 16400  loss 2.6977
    step 16600  loss 2.7225
    step 16800  loss 2.7048
    step 17000  loss 2.7186
    step 17200  loss 2.7264
    step 17400  loss 2.7190
    step 17600  loss 2.7007
    step 17800  loss 2.7159
    step 18000  loss 2.7137
    step 18200  loss 2.7123
    step 18400  loss 2.7119
    step 18600  loss 2.7145
    step 18800  loss 2.7230
    step 19000  loss 2.7088
    step 19200  loss 2.7130
    step 19400  loss 2.7112
    step 19600  loss 2.7162
    step 19800  loss 2.7064
    step 20000  loss 2.7075
    step 20200  loss 2.7053
    step 20400  loss 2.7122
    step 20600  loss 2.7097
    step 20800  loss 2.7017
    step 21000  loss 2.7091
    step 21200  loss 2.7178
    step 21400  loss 2.7157
    step 21600  loss 2.7219
    step 21800  loss 2.7240
    step 22000  loss 2.7191
    step 22200  loss 2.7061
    step 22400  loss 2.7069
    step 22600  loss 2.7165
    step 22800  loss 2.7172
    step 23000  loss 2.7082
    step 23200  loss 2.7090
    step 23400  loss 2.7199
    step 23600  loss 2.7193
    step 23800  loss 2.7073
    step 24000  loss 2.7130
    step 24200  loss 2.7120
    step 24400  loss 2.7179
    step 24600  loss 2.7059
    step 24800  loss 2.7082
    step 25000  loss 2.7063
    step 25200  loss 2.7118
    step 25400  loss 2.7109
    step 25600  loss 2.7103
    step 25800  loss 2.7041
    step 26000  loss 2.7056
    step 26200  loss 2.7115
    step 26400  loss 2.7103
    step 26600  loss 2.7160
    step 26800  loss 2.7085
    step 27000  loss 2.7165
    step 27200  loss 2.7082
    step 27400  loss 2.7086
    step 27600  loss 2.7088
    step 27800  loss 2.7091
    step 28000  loss 2.7108
    step 28200  loss 2.7095
    step 28400  loss 2.7099
    step 28600  loss 2.7088
    step 28800  loss 2.7052
    step 29000  loss 2.7105
    step 29200  loss 2.7100
    step 29400  loss 2.7086
    step 29600  loss 2.7119
    step 29800  loss 2.7097
    step 29999  loss 2.7115
[22:20:43] [stack_d8_s0] done mean_acc=0.0723 wall_s=56447.3 s/step=1.8816
