[06:39:56] [stack_d8_s2] start steps=30000 device=cuda params=204619 lr=0.0003
    step     0  loss 3.2806
    step   200  loss 2.7688
    step   400  loss 2.7758
    step   600  loss 2.7710
    step   800  loss 2.7805
    step  1000  loss 2.7700
    step  1200  loss 2.7782
    step  1400  loss 2.7854
    step  1600  loss 2.7657
    step  1800  loss 2.7637
    step  2000  loss 2.7510
    step  2200  loss 2.7501
    step  2400  loss 2.7673
    step  2600  loss 2.7665
    step  2800  loss 2.7698
    step  3000  loss 2.7623
    step  3200  loss 2.7219
    step  3400  loss 2.7349
    step  3600  loss 2.7189
    step  3800  loss 2.7226
    step  4000  loss 2.7285
    step  4200  loss 2.7311
    step  4400  loss 2.7382
    step  4600  loss 2.7207
    step  4800  loss 2.7392
    step  5000  loss 2.7311
    step  5200  loss 2.7274
    step  5400  loss 2.7128
    step  5600  loss 2.7365
    step  5800  loss 2.7360
    step  6000  loss 2.7134
    step  6200  loss 2.7158
    step  6400  loss 2.7075
    step  6600  loss 2.7271
    step  6800  loss 2.7201
    step  7000  loss 2.7230
    step  7200  loss 2.7278
    step  7400  loss 2.7350
    step  7600  loss 2.7383
    step  7800  loss 2.7053
    step  8000  loss 2.7246
    step  8200  loss 2.6976
    step  8400  loss 2.7071
    step  8600  loss 2.7375
    step  8800  loss 2.7129
    step  9000  loss 2.7234
    step  9200  loss 2.7164
    step  9400  loss 2.7156
    step  9600  loss 2.7275
    step  9800  loss 2.7198
    step 10000  loss 2.7203
    step 10200  loss 2.7253
    step 10400  loss 2.7195
    step 10600  loss 2.7292
    step 10800  loss 2.7053
    step 11000  loss 2.7363
    step 11200  loss 2.7137
    step 11400  loss 2.7105
    step 11600  loss 2.7059
    step 11800  loss 2.7142
    step 12000  loss 2.7058
    step 12200  loss 2.7152
    step 12400  loss 2.7253
    step 12600  loss 2.7250
    step 12800  loss 2.7127
    step 13000  loss 2.7171
    step 13200  loss 2.7059
    step 13400  loss 2.7140
    step 13600  loss 2.7164
    step 13800  loss 2.7084
    step 14000  loss 2.7080
    step 14200  loss 2.7218
    step 14400  loss 2.7079
    step 14600  loss 2.7245
    step 14800  loss 2.7184
    step 15000  loss 2.7122
    step 15200  loss 2.7206
    step 15400  loss 2.7225
    step 15600  loss 2.7117
    step 15800  loss 2.7043
    step 16000  loss 2.7206
    step 16200  loss 2.7044
    step 16400  loss 2.7191
    step 16600  loss 2.7098
    step 16800  loss 2.7244
    step 17000  loss 2.7152
    step 17200  loss 2.7071
    step 17400  loss 2.6997
    step 17600  loss 2.7253
    step 17800  loss 2.7043
    step 18000  loss 2.7117
    step 18200  loss 2.7143
    step 18400  loss 2.7055
    step 18600  loss 2.7187
    step 18800  loss 2.7190
    step 19000  loss 2.7230
    step 19200  loss 2.7179
    step 19400  loss 2.7194
    step 19600  loss 2.7091
    step 19800  loss 2.7142
    step 20000  loss 2.7166
    step 20200  loss 2.7219
    step 20400  loss 2.7193
    step 20600  loss 2.7243
    step 20800  loss 2.7017
    step 21000  loss 2.7195
    step 21200  loss 2.7088
    step 21400  loss 2.7175
    step 21600  loss 2.7058
    step 21800  loss 2.7120
    step 22000  loss 2.7168
    step 22200  loss 2.7130
    step 22400  loss 2.7126
    step 22600  loss 2.7048
    step 22800  loss 2.7023
    step 23000  loss 2.7154
    step 23200  loss 2.7062
    step 23400  loss 2.7082
    step 23600  loss 2.7172
    step 23800  loss 2.7085
    step 24000  loss 2.7128
    step 24200  loss 2.7164
    step 24400  loss 2.7124
    step 24600  loss 2.7058
    step 24800  loss 2.7149
    step 25000  loss 2.7051
    step 25200  loss 2.7048
    step 25400  loss 2.7094
    step 25600  loss 2.7047
    step 25800  loss 2.7171
    step 26000  loss 2.7082
    step 26200  loss 2.7086
    step 26400  loss 2.7072
    step 26600  loss 2.7080
    step 26800  loss 2.7111
    step 27000  loss 2.7110
    step 27200  loss 2.7136
    step 27400  loss 2.7085
    step 27600  loss 2.7109
    step 27800  loss 2.7075
    step 28000  loss 2.7073
    step 28200  loss 2.7107
    step 28400  loss 2.7071
    step 28600  loss 2.7144
    step 28800  loss 2.7063
    step 29000  loss 2.7110
    step 29200  loss 2.7119
    step 29400  loss 2.7103
    step 29600  loss 2.7129
    step 29800  loss 2.7112
    step 29999  loss 2.7080
[22:22:16] [stack_d8_s2] done mean_acc=0.0657 wall_s=56540.4 s/step=1.8847
