[04:41:14] [core_d2_s3] start steps=30000 device=cuda params=204621 lr=0.0003
    step     0  loss 3.2620
    step   200  loss 2.7776
    step   400  loss 2.7790
    step   600  loss 2.7405
    step   800  loss 2.7372
    step  1000  loss 2.7532
    step  1200  loss 2.7255
    step  1400  loss 2.7265
    step  1600  loss 2.7429
    step  1800  loss 2.7348
    step  2000  loss 2.7264
    step  2200  loss 2.7301
    step  2400  loss 2.7485
    step  2600  loss 2.7326
    step  2800  loss 2.7125
    step  3000  loss 2.7395
    step  3200  loss 2.7262
    step  3400  loss 2.7452
    step  3600  loss 2.7321
    step  3800  loss 2.7432
    step  4000  loss 2.7311
    step  4200  loss 2.7280
    step  4400  loss 2.7426
    step  4600  loss 2.7016
    step  4800  loss 2.7256
    step  5000  loss 2.7157
    step  5200  loss 2.7317
    step  5400  loss 2.7160
    step  5600  loss 2.7179
    step  5800  loss 2.7315
    step  6000  loss 2.7212
    step  6200  loss 2.7197
    step  6400  loss 2.7279
    step  6600  loss 2.7146
    step  6800  loss 2.7221
    step  7000  loss 2.7149
    step  7200  loss 2.7177
    step  7400  loss 2.7413
    step  7600  loss 2.7043
    step  7800  loss 2.7167
    step  8000  loss 2.7203
    step  8200  loss 2.7023
    step  8400  loss 2.7056
    step  8600  loss 2.7233
    step  8800  loss 2.7248
    step  9000  loss 2.7142
    step  9200  loss 2.7184
    step  9400  loss 2.7292
    step  9600  loss 2.7097
    step  9800  loss 2.7027
    step 10000  loss 2.7233
    step 10200  loss 2.7203
    step 10400  loss 2.7162
    step 10600  loss 2.7220
    step 10800  loss 2.7236
    step 11000  loss 2.7197
    step 11200  loss 2.7206
    step 11400  loss 2.7095
    step 11600  loss 2.7210
    step 11800  loss 2.7076
    step 12000  loss 2.7081
    step 12200  loss 2.6985
    step 12400  loss 2.7091
    step 12600  loss 2.7125
[06:15:28] [core_d2_s3] start steps=30000 device=cuda params=204621 lr=0.0003
    step     0  loss 3.2620
    step   200  loss 2.7776
    step   400  loss 2.7790
    step   600  loss 2.7405
    step   800  loss 2.7372
    step  1000  loss 2.7532
    step  1200  loss 2.7255
    step  1400  loss 2.7265
    step  1600  loss 2.7429
    step  1800  loss 2.7348
    step  2000  loss 2.7264
    step  2200  loss 2.7301
    step  2400  loss 2.7485
    step  2600  loss 2.7326
    step  2800  loss 2.7125
    step  3000  loss 2.7395
[03:51:08] [core_d2_s3] start steps=30000 device=cuda params=204621 lr=0.0003
    step     0  loss 3.2620
    step   200  loss 2.7776
    step   400  loss 2.7790
    step   600  loss 2.7405
    step   800  loss 2.7372
    step  1000  loss 2.7532
    step  1200  loss 2.7255
    step  1400  loss 2.7265
    step  1600  loss 2.7429
    step  1800  loss 2.7348
    step  2000  loss 2.7264
    step  2200  loss 2.7301
    step  2400  loss 2.7485
    step  2600  loss 2.7326
    step  2800  loss 2.7125
    step  3000  loss 2.7395
    step  3200  loss 2.7262
    step  3400  loss 2.7452
    step  3600  loss 2.7321
    step  3800  loss 2.7432
    step  4000  loss 2.7311
    step  4200  loss 2.7280
    step  4400  loss 2.7426
    step  4600  loss 2.7016
    step  4800  loss 2.7256
    step  5000  loss 2.7157
    step  5200  loss 2.7317
    step  5400  loss 2.7160
    step  5600  loss 2.7179
    step  5800  loss 2.7315
    step  6000  loss 2.7212
    step  6200  loss 2.7197
    step  6400  loss 2.7279
    step  6600  loss 2.7146
    step  6800  loss 2.7221
    step  7000  loss 2.7149
    step  7200  loss 2.7177
    step  7400  loss 2.7413
    step  7600  loss 2.7043
    step  7800  loss 2.7167
    step  8000  loss 2.7203
    step  8200  loss 2.7023
    step  8400  loss 2.7056
    step  8600  loss 2.7233
    step  8800  loss 2.7248
    step  9000  loss 2.7142
    step  9200  loss 2.7184
    step  9400  loss 2.7292
    step  9600  loss 2.7097
    step  9800  loss 2.7027
    step 10000  loss 2.7233
    step 10200  loss 2.7203
    step 10400  loss 2.7162
    step 10600  loss 2.7220
    step 10800  loss 2.7236
    step 11000  loss 2.7197
    step 11200  loss 2.7206
    step 11400  loss 2.7095
    step 11600  loss 2.7210
    step 11800  loss 2.7076
    step 12000  loss 2.7081
    step 12200  loss 2.6985
    step 12400  loss 2.7091
    step 12600  loss 2.7125
    step 12800  loss 2.7121
    step 13000  loss 2.7223
    step 13200  loss 2.7117
    step 13400  loss 2.7246
    step 13600  loss 2.7260
    step 13800  loss 2.7085
    step 14000  loss 2.7190
    step 14200  loss 2.7009
    step 14400  loss 2.7157
    step 14600  loss 2.7101
    step 14800  loss 2.7171
    step 15000  loss 2.7119
    step 15200  loss 2.7131
    step 15400  loss 2.7047
    step 15600  loss 2.7062
    step 15800  loss 2.7283
    step 16000  loss 2.7202
    step 16200  loss 2.7197
    step 16400  loss 2.7262
    step 16600  loss 2.7271
    step 16800  loss 2.7100
    step 17000  loss 2.7216
    step 17200  loss 2.7084
    step 17400  loss 2.7012
    step 17600  loss 2.7123
    step 17800  loss 2.7101
    step 18000  loss 2.7140
    step 18200  loss 2.7122
    step 18400  loss 2.7115
    step 18600  loss 2.7118
    step 18800  loss 2.6984
    step 19000  loss 2.7124
    step 19200  loss 2.7189
    step 19400  loss 2.7243
    step 19600  loss 2.7202
    step 19800  loss 2.7100
    step 20000  loss 2.7076
    step 20200  loss 2.7129
    step 20400  loss 2.7097
    step 20600  loss 2.7171
    step 20800  loss 2.7113
    step 21000  loss 2.7099
    step 21200  loss 2.7040
    step 21400  loss 2.7218
    step 21600  loss 2.7024
    step 21800  loss 2.7139
    step 22000  loss 2.7114
    step 22200  loss 2.7082
    step 22400  loss 2.7146
    step 22600  loss 2.7184
    step 22800  loss 2.7112
    step 23000  loss 2.7243
    step 23200  loss 2.7136
    step 23400  loss 2.7135
    step 23600  loss 2.7130
    step 23800  loss 2.7085
    step 24000  loss 2.7158
    step 24200  loss 2.7103
    step 24400  loss 2.7160
    step 24600  loss 2.7095
    step 24800  loss 2.7097
    step 25000  loss 2.7104
    step 25200  loss 2.7120
    step 25400  loss 2.7145
    step 25600  loss 2.7114
    step 25800  loss 2.7125
    step 26000  loss 2.7118
    step 26200  loss 2.7123
    step 26400  loss 2.7095
    step 26600  loss 2.7096
    step 26800  loss 2.7077
    step 27000  loss 2.7109
    step 27200  loss 2.7139
    step 27400  loss 2.7121
    step 27600  loss 2.7116
    step 27800  loss 2.7103
    step 28000  loss 2.7149
    step 28200  loss 2.7119
    step 28400  loss 2.7076
    step 28600  loss 2.7111
    step 28800  loss 2.7108
    step 29000  loss 2.7103
    step 29200  loss 2.7117
    step 29400  loss 2.7130
    step 29600  loss 2.7107
    step 29800  loss 2.7119
    step 29999  loss 2.7098
[07:31:49] [core_d2_s3] done mean_acc=0.0634 wall_s=13241.0 s/step=0.4414
