== FIXED sweep pointer_chase difficulty=4 n_values=8 T=30 vocab=18 device=cuda depths=[1] mix=True ==
  [seed 0] mt_lnn core-depth=1 fixed (203K params, n_layers=2, scan=on)
    step     0  loss 2.9325
    step   200  loss 2.0439
    step   400  loss 1.9637
    step   600  loss 1.9893
    step   800  loss 1.9568
    step  1000  loss 1.9874
    step  1200  loss 1.9892
    step  1400  loss 1.9423
    step  1600  loss 1.9806
    step  1800  loss 1.9585
    step  2000  loss 1.9644
    step  2200  loss 1.9793
    step  2400  loss 1.9574
    step  2600  loss 1.9513
    step  2800  loss 1.9368
    step  3000  loss 1.9602
    step  3200  loss 1.9645
    step  3400  loss 1.9569
    step  3600  loss 1.9600
    step  3800  loss 1.9491
    step  4000  loss 1.9798
    step  4200  loss 1.9577
    step  4400  loss 1.9626
    step  4600  loss 1.9571
    step  4800  loss 1.9554
    step  5000  loss 1.9493
    step  5200  loss 1.9504
    step  5400  loss 1.9651
    step  5600  loss 1.9568
    step  5800  loss 1.9584
    step  6000  loss 1.9596
    step  6200  loss 1.9640
    step  6400  loss 1.9472
    step  6600  loss 1.9665
    step  6800  loss 1.9543
    step  7000  loss 1.9413
