<string>:131: RuntimeWarning: d_proto=6 is not a multiple of 8 — protofilament einsums won't hit Tensor Cores optimally. Nearest aligned d_model values (n_protofilaments=13, n_heads=13): []
/Users/aricredemption/Projects/M1/benchmarks/streaming_edge_profile.py:96: DeprecationWarning: You are using the legacy TorchScript-based ONNX export. Starting in PyTorch 2.9, the new torch.export-based ONNX exporter has become the default. Learn more about the new export logic: https://docs.pytorch.org/docs/stable/onnx_export.html. For exporting control flow: https://pytorch.org/tutorials/beginner/onnx/export_control_flow_model_to_onnx_tutorial.html
  torch.onnx.export(
/Users/aricredemption/Projects/M1/mt_lnn/parallel_scan.py:140: TracerWarning: Converting a tensor to a Python boolean might cause the trace to be incorrect. We can't record the data flow of Python values, so this value will be treated as a constant in the future. This means that the trace might not generalize to other inputs!
  assert X.shape[-2] == T_orig, \
/Users/aricredemption/Projects/M1/mt_lnn/parallel_scan.py:73: TracerWarning: Converting a tensor to a Python integer might cause the trace to be incorrect. We can't record the data flow of Python values, so this value will be treated as a constant in the future. This means that the trace might not generalize to other inputs!
  n = int(n)
/Users/aricredemption/Projects/M1/mt_lnn/parallel_scan.py:151: TracerWarning: Converting a tensor to a Python boolean might cause the trace to be incorrect. We can't record the data flow of Python values, so this value will be treated as a constant in the future. This means that the trace might not generalize to other inputs!
  if Tpow2 != T_orig:
/Users/aricredemption/Projects/M1/mt_lnn/parallel_scan.py:89: TracerWarning: Converting a tensor to a Python boolean might cause the trace to be incorrect. We can't record the data flow of Python values, so this value will be treated as a constant in the future. This means that the trace might not generalize to other inputs!
  if T == 1:
/Users/aricredemption/Projects/M1/mt_lnn/parallel_scan.py:162: TracerWarning: Converting a tensor to a Python boolean might cause the trace to be incorrect. We can't record the data flow of Python values, so this value will be treated as a constant in the future. This means that the trace might not generalize to other inputs!
  if Tpow2 != T_orig:
/Users/aricredemption/Projects/M1/mt_lnn/mt_lnn_layer.py:466: TracerWarning: Converting a tensor to a Python boolean might cause the trace to be incorrect. We can't record the data flow of Python values, so this value will be treated as a constant in the future. This means that the trace might not generalize to other inputs!
  if K_active == S:
/Users/aricredemption/Projects/M1/.venv/lib/python3.12/site-packages/torch/onnx/_internal/torchscript_exporter/jit_utils.py:308: UserWarning: Constant folding - Only steps=1 can be constant folded for opset >= 10 onnx::Slice op. Constant folding not applied. (Triggered internally at /Users/runner/work/pytorch/pytorch/torch/csrc/jit/passes/onnx/constant_fold.cpp:180.)
  _C._jit_pass_onnx_node_shape_type_inference(node, params_dict, opset_version)
/Users/aricredemption/Projects/M1/.venv/lib/python3.12/site-packages/torch/onnx/_internal/torchscript_exporter/utils.py:709: UserWarning: Constant folding - Only steps=1 can be constant folded for opset >= 10 onnx::Slice op. Constant folding not applied. (Triggered internally at /Users/runner/work/pytorch/pytorch/torch/csrc/jit/passes/onnx/constant_fold.cpp:180.)
  _C._jit_pass_onnx_graph_shape_type_inference(
/Users/aricredemption/Projects/M1/.venv/lib/python3.12/site-packages/torch/onnx/_internal/torchscript_exporter/utils.py:1175: UserWarning: Constant folding - Only steps=1 can be constant folded for opset >= 10 onnx::Slice op. Constant folding not applied. (Triggered internally at /Users/runner/work/pytorch/pytorch/torch/csrc/jit/passes/onnx/constant_fold.cpp:180.)
  params_dict = _C._jit_pass_onnx_constant_fold(
/Users/aricredemption/Projects/M1/.venv/lib/python3.12/site-packages/torch/onnx/_internal/torchscript_exporter/utils.py:1182: UserWarning: Constant folding - Only steps=1 can be constant folded for opset >= 10 onnx::Slice op. Constant folding not applied. (Triggered internally at /Users/runner/work/pytorch/pytorch/torch/csrc/jit/passes/onnx/constant_fold.cpp:180.)
  _C._jit_pass_onnx_graph_shape_type_inference(
[1/4] export+parity ......... PASS (max|onnx-torch| = 5.96e-08; historical standard 3.58e-07)
      Δt schedule regular        max|onnx-torch| = 8.20e-08
      Δt schedule bursty         max|onnx-torch| = 5.96e-08
      Δt schedule lognormal_jitter max|onnx-torch| = 1.19e-07
[2/4] variable-Δt .......... PASS (worst 1.19e-07 across regular/sparse/bursty schedules)
/Users/aricredemption/Projects/M1/benchmarks/streaming_edge_profile.py:78: DeprecationWarning: You are using the legacy TorchScript-based ONNX export. Starting in PyTorch 2.9, the new torch.export-based ONNX exporter has become the default. Learn more about the new export logic: https://docs.pytorch.org/docs/stable/onnx_export.html. For exporting control flow: https://pytorch.org/tutorials/beginner/onnx/export_control_flow_model_to_onnx_tutorial.html
  torch.onnx.export(
WARNING:root:Please consider to run pre-processing before quantization. Refer to example: https://github.com/microsoft/onnxruntime-inference-examples/blob/main/quantization/image_classification/cpu/ReadMe.md 
      mt_lnn   fp32   1479.8 KiB | int8  1616.2 KiB | int8 drift 2.43e-03
/Users/aricredemption/Projects/M1/.venv/lib/python3.12/site-packages/torch/onnx/_internal/torchscript_exporter/symbolic_opset9.py:4462: UserWarning: Exporting a model to ONNX with a batch_size other than 1, with a variable length with LSTM can cause an error when running the ONNX model with a different batch size. Make sure to save the model with a batch size of 1, or define the initial states (h0/c0) as inputs of the model. 
  return _generic_rnn(
WARNING:root:Please consider to run pre-processing before quantization. Refer to example: https://github.com/microsoft/onnxruntime-inference-examples/blob/main/quantization/image_classification/cpu/ReadMe.md 
      lstm     fp32    394.3 KiB | int8   112.5 KiB | int8 drift 9.63e-03
/Users/aricredemption/Projects/M1/.venv/lib/python3.12/site-packages/torch/onnx/_internal/torchscript_exporter/symbolic_opset9.py:4570: UserWarning: Exporting a model to ONNX with a batch_size other than 1, with a variable length with GRU can cause an error when running the ONNX model with a different batch size. Make sure to save the model with a batch size of 1, or define the initial states (h0/c0) as inputs of the model. 
  return _generic_rnn(
WARNING:root:Please consider to run pre-processing before quantization. Refer to example: https://github.com/microsoft/onnxruntime-inference-examples/blob/main/quantization/image_classification/cpu/ReadMe.md 
      gru      fp32    295.6 KiB | int8   297.5 KiB | int8 drift 6.07e-03

==========================================================================
STREAMING EDGE PROFILE | d_model=78 layers=2 T=128 | Δt runtime input | CPU (this machine)
arch         params  int8 KiB  1-core µs/step  all-core µs/step  state B
mt_lnn       55,161    1616.2            26.0              31.2    3,120
lstm         99,217     112.5            21.7              23.8    1,248
gru          74,569     297.5            20.7              21.7      624
(onnx)                                                     62.7   ORT fixed-T
==========================================================================

results -> benchmarks/results/streaming_edge_profile.json   overall: ALL GATES PASS
