synthetic continuous-time control | Van der Pol mu=2.0 | 5 seeds | Δt supplied to every arch | target: x(t+0.5) from 48 irregular samples
pre-registered rule: domain won iff mt_lnn |t|>=2 vs gru_d AND lstm AND gru at the cv=1 tiers; claim needs >=2 of 3 domains
probe rules registered in the docstring BEFORE any run: mt_lnn_dt R1/R2, mt_lnn_ad R2'/R1' — thresholds not movable

Δt mean=0.05 cv=0.0  train 2500 / test 800 windows (mean-predictor RMSE 1.4832)
    mt_lnn       seed 0: rmse 0.0200 (52s)
    mt_lnn       seed 1: rmse 0.0045 (51s)
    mt_lnn       seed 2: rmse 0.0217 (50s)
    mt_lnn       seed 3: rmse 0.0138 (50s)
    mt_lnn       seed 4: rmse 0.0224 (50s)
    mt_lnn       RMSE 0.0165 ± 0.0075  (55,083 params, 252s total)
    mt_lnn_dt    seed 0: rmse 0.0376 (32s)
    mt_lnn_dt    seed 1: rmse 0.0630 (32s)
    mt_lnn_dt    seed 2: rmse 0.0139 (35s)
    mt_lnn_dt    seed 3: rmse 0.0105 (32s)
    mt_lnn_dt    seed 4: rmse 0.0137 (32s)
    mt_lnn_dt    RMSE 0.0277 ± 0.0225  (50,857 params, 163s total)
    mt_lnn_ad    seed 0: rmse 0.0165 (38s)
    mt_lnn_ad    seed 1: rmse 0.0485 (36s)
    mt_lnn_ad    seed 2: rmse 0.0096 (38s)
    mt_lnn_ad    seed 3: rmse 0.0304 (36s)
    mt_lnn_ad    seed 4: rmse 0.0249 (38s)
    mt_lnn_ad    RMSE 0.0260 ± 0.0149  (55,731 params, 186s total)
    lstm         seed 0: rmse 0.0097 (24s)
    lstm         seed 1: rmse 0.0125 (24s)
    lstm         seed 2: rmse 0.0026 (24s)
    lstm         seed 3: rmse 0.0327 (24s)
    lstm         seed 4: rmse 0.0028 (24s)
    lstm         RMSE 0.0121 ± 0.0123  (99,139 params, 119s total)
    gru          seed 0: rmse 0.0087 (20s)
    gru          seed 1: rmse 0.0044 (20s)
    gru          seed 2: rmse 0.0050 (20s)
    gru          seed 3: rmse 0.0015 (20s)
    gru          seed 4: rmse 0.0663 (20s)
    gru          RMSE 0.0172 ± 0.0276  (74,491 params, 98s total)
    gru_d        seed 0: rmse 0.0392 (51s)
    gru_d        seed 1: rmse 0.0154 (52s)
    gru_d        seed 2: rmse 0.0079 (51s)
    gru_d        seed 3: rmse 0.0115 (51s)
    gru_d        seed 4: rmse 0.0095 (51s)
    gru_d        RMSE 0.0167 ± 0.0129  (74,493 params, 256s total)
/Users/aricredemption/Projects/M1/benchmarks/battery_soh_edge.py:167: UserWarning: enable_nested_tensor is True, but self.use_nested_tensor is False because encoder_layer.norm_first was True
  self.enc = nn.TransformerEncoder(enc, n_layers)
    transformer  seed 0: rmse 0.0501 (13s)
    transformer  seed 1: rmse 0.0324 (13s)
    transformer  seed 2: rmse 0.0033 (13s)
    transformer  seed 3: rmse 0.0600 (13s)
    transformer  seed 4: rmse 0.0112 (13s)
    transformer  RMSE 0.0314 ± 0.0243  (152,413 params, 67s total)

Δt mean=0.05 cv=1.0  train 2500 / test 800 windows (mean-predictor RMSE 1.4637)
    mt_lnn       seed 0: rmse 0.0098 (51s)
    mt_lnn       seed 1: rmse 0.0129 (50s)
    mt_lnn       seed 2: rmse 0.0742 (49s)
    mt_lnn       seed 3: rmse 0.0244 (54s)
    mt_lnn       seed 4: rmse 0.0181 (51s)
    mt_lnn       RMSE 0.0279 ± 0.0265  (55,083 params, 255s total)
    mt_lnn_dt    seed 0: rmse 0.0358 (32s)
    mt_lnn_dt    seed 1: rmse 0.0336 (35s)
    mt_lnn_dt    seed 2: rmse 0.0129 (33s)
    mt_lnn_dt    seed 3: rmse 0.1482 (35s)
    mt_lnn_dt    seed 4: rmse 0.0493 (33s)
    mt_lnn_dt    RMSE 0.0560 ± 0.0532  (50,857 params, 167s total)
    mt_lnn_ad    seed 0: rmse 0.0318 (36s)
    mt_lnn_ad    seed 1: rmse 0.0274 (37s)
    mt_lnn_ad    seed 2: rmse 0.0655 (36s)
    mt_lnn_ad    seed 3: rmse 0.0583 (38s)
    mt_lnn_ad    seed 4: rmse 0.0390 (38s)
    mt_lnn_ad    RMSE 0.0444 ± 0.0167  (55,731 params, 184s total)
    lstm         seed 0: rmse 0.0226 (25s)
    lstm         seed 1: rmse 0.0186 (25s)
    lstm         seed 2: rmse 0.0145 (25s)
    lstm         seed 3: rmse 0.0282 (25s)
    lstm         seed 4: rmse 0.0573 (25s)
    lstm         RMSE 0.0282 ± 0.0170  (99,139 params, 127s total)
    gru          seed 0: rmse 0.0117 (19s)
    gru          seed 1: rmse 0.0290 (19s)
    gru          seed 2: rmse 0.0081 (20s)
    gru          seed 3: rmse 0.0208 (19s)
    gru          seed 4: rmse 0.0468 (19s)
    gru          RMSE 0.0233 ± 0.0155  (74,491 params, 97s total)
    gru_d        seed 0: rmse 0.0138 (53s)
    gru_d        seed 1: rmse 0.0355 (53s)
    gru_d        seed 2: rmse 0.0428 (54s)
    gru_d        seed 3: rmse 0.0450 (53s)
    gru_d        seed 4: rmse 0.0219 (52s)
    gru_d        RMSE 0.0318 ± 0.0135  (74,493 params, 266s total)
    transformer  seed 0: rmse 0.0303 (14s)
    transformer  seed 1: rmse 0.0337 (14s)
    transformer  seed 2: rmse 0.0931 (14s)
    transformer  seed 3: rmse 0.0896 (14s)
    transformer  seed 4: rmse 0.0369 (14s)
    transformer  RMSE 0.0567 ± 0.0317  (152,413 params, 71s total)

Δt mean=0.15 cv=0.0  train 2500 / test 800 windows (mean-predictor RMSE 1.4739)
    mt_lnn       seed 0: rmse 0.0069 (53s)
    mt_lnn       seed 1: rmse 0.0541 (54s)
    mt_lnn       seed 2: rmse 0.0116 (51s)
    mt_lnn       seed 3: rmse 0.0047 (55s)
    mt_lnn       seed 4: rmse 0.0112 (55s)
    mt_lnn       RMSE 0.0177 ± 0.0205  (55,083 params, 267s total)
    mt_lnn_dt    seed 0: rmse 0.0342 (36s)
    mt_lnn_dt    seed 1: rmse 0.0133 (36s)
    mt_lnn_dt    seed 2: rmse 0.0294 (36s)
    mt_lnn_dt    seed 3: rmse 0.0204 (35s)
    mt_lnn_dt    seed 4: rmse 0.0059 (32s)
    mt_lnn_dt    RMSE 0.0207 ± 0.0115  (50,857 params, 175s total)
    mt_lnn_ad    seed 0: rmse 0.0348 (36s)
    mt_lnn_ad    seed 1: rmse 0.0264 (39s)
    mt_lnn_ad    seed 2: rmse 0.0118 (37s)
    mt_lnn_ad    seed 3: rmse 0.0171 (42s)
    mt_lnn_ad    seed 4: rmse 0.0098 (40s)
    mt_lnn_ad    RMSE 0.0200 ± 0.0105  (55,731 params, 193s total)
    lstm         seed 0: rmse 0.0258 (25s)
    lstm         seed 1: rmse 0.0262 (25s)
    lstm         seed 2: rmse 0.0343 (25s)
    lstm         seed 3: rmse 0.0058 (25s)
    lstm         seed 4: rmse 0.1584 (25s)
    lstm         RMSE 0.0501 ± 0.0615  (99,139 params, 127s total)
    gru          seed 0: rmse 0.0108 (19s)
    gru          seed 1: rmse 0.0036 (20s)
    gru          seed 2: rmse 0.0034 (19s)
    gru          seed 3: rmse 0.0142 (19s)
    gru          seed 4: rmse 0.0128 (19s)
    gru          RMSE 0.0090 ± 0.0051  (74,491 params, 97s total)
    gru_d        seed 0: rmse 0.0471 (52s)
    gru_d        seed 1: rmse 0.0033 (53s)
    gru_d        seed 2: rmse 0.0212 (52s)
    gru_d        seed 3: rmse 0.0026 (52s)
    gru_d        seed 4: rmse 0.0141 (52s)
    gru_d        RMSE 0.0177 ± 0.0182  (74,493 params, 263s total)
    transformer  seed 0: rmse 0.0284 (14s)
    transformer  seed 1: rmse 0.0052 (14s)
    transformer  seed 2: rmse 0.0122 (14s)
    transformer  seed 3: rmse 0.0010 (14s)
    transformer  seed 4: rmse 0.0044 (14s)
    transformer  RMSE 0.0103 ± 0.0109  (152,413 params, 71s total)

Δt mean=0.15 cv=1.0  train 2500 / test 800 windows (mean-predictor RMSE 1.5035)
    mt_lnn       seed 0: rmse 0.0139 (53s)
    mt_lnn       seed 1: rmse 0.0171 (54s)
    mt_lnn       seed 2: rmse 0.1128 (58s)
    mt_lnn       seed 3: rmse 0.0338 (52s)
    mt_lnn       seed 4: rmse 0.0270 (64s)
    mt_lnn       RMSE 0.0409 ± 0.0409  (55,083 params, 281s total)
    mt_lnn_dt    seed 0: rmse 0.0237 (40s)
    mt_lnn_dt    seed 1: rmse 0.0365 (42s)
    mt_lnn_dt    seed 2: rmse 0.0089 (41s)
    mt_lnn_dt    seed 3: rmse 0.0086 (44s)
    mt_lnn_dt    seed 4: rmse 0.0167 (35s)
    mt_lnn_dt    RMSE 0.0189 ± 0.0117  (50,857 params, 203s total)
    mt_lnn_ad    seed 0: rmse 0.1063 (41s)
    mt_lnn_ad    seed 1: rmse 0.0353 (46s)
    mt_lnn_ad    seed 2: rmse 0.0358 (41s)
    mt_lnn_ad    seed 3: rmse 0.0364 (42s)
    mt_lnn_ad    seed 4: rmse 0.0454 (41s)
    mt_lnn_ad    RMSE 0.0518 ± 0.0307  (55,731 params, 210s total)
    lstm         seed 0: rmse 0.0642 (24s)
    lstm         seed 1: rmse 0.0151 (24s)
    lstm         seed 2: rmse 0.0178 (24s)
    lstm         seed 3: rmse 0.0685 (24s)
    lstm         seed 4: rmse 0.0160 (24s)
    lstm         RMSE 0.0363 ± 0.0275  (99,139 params, 122s total)
    gru          seed 0: rmse 0.0327 (20s)
    gru          seed 1: rmse 0.0366 (20s)
    gru          seed 2: rmse 0.0228 (20s)
    gru          seed 3: rmse 0.0257 (20s)
    gru          seed 4: rmse 0.0445 (21s)
    gru          RMSE 0.0325 ± 0.0087  (74,491 params, 101s total)
    gru_d        seed 0: rmse 0.0144 (57s)
    gru_d        seed 1: rmse 0.0562 (55s)
    gru_d        seed 2: rmse 0.0314 (54s)
    gru_d        seed 3: rmse 0.0293 (54s)
    gru_d        seed 4: rmse 0.0286 (55s)
    gru_d        RMSE 0.0320 ± 0.0151  (74,493 params, 274s total)
    transformer  seed 0: rmse 0.0779 (15s)
    transformer  seed 1: rmse 0.0382 (15s)
    transformer  seed 2: rmse 0.0399 (16s)
    transformer  seed 3: rmse 0.0657 (19s)
    transformer  seed 4: rmse 0.0362 (16s)
    transformer  RMSE 0.0516 ± 0.0190  (152,413 params, 81s total)

Δt mean=0.4 cv=0.0  train 2080 / test 665 windows (mean-predictor RMSE 1.4678)
    mt_lnn       seed 0: rmse 0.0142 (45s)
    mt_lnn       seed 1: rmse 0.0066 (45s)
    mt_lnn       seed 2: rmse 0.0114 (45s)
    mt_lnn       seed 3: rmse 0.0310 (44s)
    mt_lnn       seed 4: rmse 0.0140 (44s)
    mt_lnn       RMSE 0.0155 ± 0.0092  (55,083 params, 223s total)
    mt_lnn_dt    seed 0: rmse 0.0106 (29s)
    mt_lnn_dt    seed 1: rmse 0.0344 (28s)
    mt_lnn_dt    seed 2: rmse 0.0330 (28s)
    mt_lnn_dt    seed 3: rmse 0.0354 (29s)
    mt_lnn_dt    seed 4: rmse 0.0342 (28s)
    mt_lnn_dt    RMSE 0.0295 ± 0.0106  (50,857 params, 143s total)
    mt_lnn_ad    seed 0: rmse 0.0278 (31s)
    mt_lnn_ad    seed 1: rmse 0.0167 (32s)
    mt_lnn_ad    seed 2: rmse 0.0927 (34s)
    mt_lnn_ad    seed 3: rmse 0.0063 (34s)
    mt_lnn_ad    seed 4: rmse 0.0097 (33s)
    mt_lnn_ad    RMSE 0.0307 ± 0.0357  (55,731 params, 164s total)
    lstm         seed 0: rmse 0.0635 (20s)
    lstm         seed 1: rmse 0.0029 (20s)
    lstm         seed 2: rmse 0.0426 (20s)
    lstm         seed 3: rmse 0.0040 (23s)
    lstm         seed 4: rmse 0.0053 (22s)
    lstm         RMSE 0.0237 ± 0.0279  (99,139 params, 106s total)
    gru          seed 0: rmse 0.0274 (17s)
    gru          seed 1: rmse 0.0055 (17s)
    gru          seed 2: rmse 0.0587 (18s)
    gru          seed 3: rmse 0.1104 (17s)
    gru          seed 4: rmse 0.0324 (17s)
    gru          RMSE 0.0469 ± 0.0403  (74,491 params, 85s total)
    gru_d        seed 0: rmse 0.0406 (46s)
    gru_d        seed 1: rmse 0.0146 (43s)
    gru_d        seed 2: rmse 0.0328 (43s)
    gru_d        seed 3: rmse 0.0369 (44s)
    gru_d        seed 4: rmse 0.0037 (55s)
    gru_d        RMSE 0.0257 ± 0.0159  (74,493 params, 232s total)
    transformer  seed 0: rmse 0.0228 (12s)
    transformer  seed 1: rmse 0.0037 (13s)
    transformer  seed 2: rmse 0.0130 (12s)
    transformer  seed 3: rmse 0.0037 (13s)
    transformer  seed 4: rmse 0.0048 (12s)
    transformer  RMSE 0.0096 ± 0.0083  (152,413 params, 63s total)

Δt mean=0.4 cv=1.0  train 2167 / test 682 windows (mean-predictor RMSE 1.4629)
    mt_lnn       seed 0: rmse 0.0157 (48s)
    mt_lnn       seed 1: rmse 0.0146 (49s)
    mt_lnn       seed 2: rmse 0.0554 (44s)
    mt_lnn       seed 3: rmse 0.0098 (43s)
    mt_lnn       seed 4: rmse 0.0445 (43s)
    mt_lnn       RMSE 0.0280 ± 0.0205  (55,083 params, 227s total)
    mt_lnn_dt    seed 0: rmse 0.0467 (28s)
    mt_lnn_dt    seed 1: rmse 0.0329 (27s)
    mt_lnn_dt    seed 2: rmse 0.0110 (27s)
    mt_lnn_dt    seed 3: rmse 0.0181 (28s)
    mt_lnn_dt    seed 4: rmse 0.0172 (27s)
    mt_lnn_dt    RMSE 0.0252 ± 0.0145  (50,857 params, 138s total)
    mt_lnn_ad    seed 0: rmse 0.0335 (30s)
    mt_lnn_ad    seed 1: rmse 0.0140 (30s)
    mt_lnn_ad    seed 2: rmse 0.1403 (30s)
    mt_lnn_ad    seed 3: rmse 0.0469 (30s)
    mt_lnn_ad    seed 4: rmse 0.0364 (30s)
    mt_lnn_ad    RMSE 0.0542 ± 0.0495  (55,731 params, 151s total)
    lstm         seed 0: rmse 0.0153 (22s)
    lstm         seed 1: rmse 0.0397 (22s)
    lstm         seed 2: rmse 0.0174 (22s)
    lstm         seed 3: rmse 0.0377 (22s)
    lstm         seed 4: rmse 0.0248 (22s)
    lstm         RMSE 0.0270 ± 0.0113  (99,139 params, 110s total)
    gru          seed 0: rmse 0.0361 (17s)
    gru          seed 1: rmse 0.0307 (17s)
    gru          seed 2: rmse 0.0203 (17s)
    gru          seed 3: rmse 0.0356 (17s)
    gru          seed 4: rmse 0.0208 (17s)
    gru          RMSE 0.0287 ± 0.0077  (74,491 params, 84s total)
    gru_d        seed 0: rmse 0.0303 (47s)
    gru_d        seed 1: rmse 0.0167 (48s)
    gru_d        seed 2: rmse 0.0220 (46s)
    gru_d        seed 3: rmse 0.0264 (54s)
    gru_d        seed 4: rmse 0.0187 (49s)
    gru_d        RMSE 0.0228 ± 0.0055  (74,493 params, 244s total)
    transformer  seed 0: rmse 0.0262 (14s)
    transformer  seed 1: rmse 0.0273 (14s)
    transformer  seed 2: rmse 0.0152 (14s)
    transformer  seed 3: rmse 0.0295 (14s)
    transformer  seed 4: rmse 0.0197 (14s)
    transformer  RMSE 0.0236 ± 0.0059  (152,413 params, 70s total)

EXTRAP tier | train Δt mean=0.05 cv=1, test Δt mean=0.4 cv=1, Δt channel in TRAIN units (mean-predictor RMSE 1.5024)
    mt_lnn       seed 0: rmse 0.4685 (59s)
    mt_lnn       seed 1: rmse 0.4200 (61s)
    mt_lnn       seed 2: rmse 0.4938 (61s)
    mt_lnn       seed 3: rmse 0.4618 (62s)
    mt_lnn       seed 4: rmse 0.4677 (61s)
    mt_lnn       RMSE 0.4624 ± 0.0267  (55,083 params, 304s total)
    mt_lnn_dt    seed 0: rmse 0.2958 (40s)
    mt_lnn_dt    seed 1: rmse 0.2652 (38s)
    mt_lnn_dt    seed 2: rmse 0.2774 (39s)
    mt_lnn_dt    seed 3: rmse 0.3370 (39s)
    mt_lnn_dt    seed 4: rmse 0.3269 (40s)
    mt_lnn_dt    RMSE 0.3005 ± 0.0310  (50,857 params, 196s total)
    mt_lnn_ad    seed 0: rmse 0.3028 (41s)
    mt_lnn_ad    seed 1: rmse 0.2857 (39s)
    mt_lnn_ad    seed 2: rmse 0.3213 (39s)
    mt_lnn_ad    seed 3: rmse 0.2740 (38s)
    mt_lnn_ad    seed 4: rmse 0.3182 (38s)
    mt_lnn_ad    RMSE 0.3004 ± 0.0205  (55,731 params, 194s total)
    lstm         seed 0: rmse 0.4098 (24s)
    lstm         seed 1: rmse 0.3940 (24s)
    lstm         seed 2: rmse 0.3546 (24s)
    lstm         seed 3: rmse 0.4893 (24s)
    lstm         seed 4: rmse 0.4450 (24s)
    lstm         RMSE 0.4185 ± 0.0512  (99,139 params, 120s total)
    gru          seed 0: rmse 0.2522 (20s)
    gru          seed 1: rmse 0.2430 (20s)
    gru          seed 2: rmse 0.2589 (20s)
    gru          seed 3: rmse 0.3038 (20s)
    gru          seed 4: rmse 0.3029 (20s)
    gru          RMSE 0.2722 ± 0.0290  (74,491 params, 99s total)
    gru_d        seed 0: rmse 0.2031 (48s)
    gru_d        seed 1: rmse 0.2949 (48s)
    gru_d        seed 2: rmse 0.3261 (48s)
    gru_d        seed 3: rmse 0.1902 (48s)
    gru_d        seed 4: rmse 0.2281 (48s)
    gru_d        RMSE 0.2485 ± 0.0592  (74,493 params, 241s total)
    transformer  seed 0: rmse 0.5930 (13s)
    transformer  seed 1: rmse 0.6166 (13s)
    transformer  seed 2: rmse 0.6625 (13s)
    transformer  seed 3: rmse 0.6280 (14s)
    transformer  seed 4: rmse 0.6550 (13s)
    transformer  RMSE 0.6310 ± 0.0284  (152,413 params, 67s total)

==================================================================
  dt0.05_cv1.0     mt_lnn vs mt_lnn_dt    t=+1.06 within noise
  dt0.05_cv1.0     mt_lnn vs mt_lnn_ad    t=+1.18 within noise
  dt0.05_cv1.0     mt_lnn vs transformer  t=+1.56 within noise
  dt0.05_cv1.0     mt_lnn_dt vs transformer  t=+0.03 within noise
  dt0.05_cv1.0     mt_lnn_ad vs mt_lnn_dt    t=+0.46 within noise
  dt0.05_cv1.0     mt_lnn_ad vs transformer  t=+0.77 within noise
  dt0.05_cv1.0     lstm vs mt_lnn       t=-0.03 within noise
  dt0.05_cv1.0     lstm vs mt_lnn_dt    t=+1.11 within noise
  dt0.05_cv1.0     lstm vs mt_lnn_ad    t=+1.52 within noise
  dt0.05_cv1.0     lstm vs transformer  t=+1.77 within noise
  dt0.05_cv1.0     gru vs mt_lnn       t=+0.33 within noise
  dt0.05_cv1.0     gru vs mt_lnn_dt    t=+1.32 within noise
  dt0.05_cv1.0     gru vs mt_lnn_ad    t=+2.07 SIGNIFICANT
  dt0.05_cv1.0     gru vs lstm         t=+0.48 within noise
  dt0.05_cv1.0     gru vs gru_d        t=+0.93 within noise
  dt0.05_cv1.0     gru vs transformer  t=+2.12 SIGNIFICANT
  dt0.05_cv1.0     gru_d vs mt_lnn       t=-0.29 within noise
  dt0.05_cv1.0     gru_d vs mt_lnn_dt    t=+0.99 within noise
  dt0.05_cv1.0     gru_d vs mt_lnn_ad    t=+1.31 within noise
  dt0.05_cv1.0     gru_d vs lstm         t=-0.36 within noise
  dt0.05_cv1.0     gru_d vs transformer  t=+1.62 within noise
  dt0.15_cv1.0     mt_lnn vs mt_lnn_dt    t=-1.16 within noise
  dt0.15_cv1.0     mt_lnn vs mt_lnn_ad    t=+0.48 within noise
  dt0.15_cv1.0     mt_lnn vs transformer  t=+0.53 within noise
  dt0.15_cv1.0     mt_lnn_dt vs transformer  t=+3.28 SIGNIFICANT
  dt0.15_cv1.0     mt_lnn_ad vs mt_lnn_dt    t=-2.24 SIGNIFICANT
  dt0.15_cv1.0     mt_lnn_ad vs transformer  t=-0.01 within noise
  dt0.15_cv1.0     lstm vs mt_lnn       t=+0.21 within noise
  dt0.15_cv1.0     lstm vs mt_lnn_dt    t=-1.31 within noise
  dt0.15_cv1.0     lstm vs mt_lnn_ad    t=+0.84 within noise
  dt0.15_cv1.0     lstm vs transformer  t=+1.02 within noise
  dt0.15_cv1.0     gru vs mt_lnn       t=+0.45 within noise
  dt0.15_cv1.0     gru vs mt_lnn_dt    t=-2.09 SIGNIFICANT
  dt0.15_cv1.0     gru vs mt_lnn_ad    t=+1.36 within noise
  dt0.15_cv1.0     gru vs lstm         t=+0.30 within noise
  dt0.15_cv1.0     gru vs gru_d        t=-0.06 within noise
  dt0.15_cv1.0     gru vs transformer  t=+2.05 SIGNIFICANT
  dt0.15_cv1.0     gru_d vs mt_lnn       t=+0.46 within noise
  dt0.15_cv1.0     gru_d vs mt_lnn_dt    t=-1.53 within noise
  dt0.15_cv1.0     gru_d vs mt_lnn_ad    t=+1.30 within noise
  dt0.15_cv1.0     gru_d vs lstm         t=+0.31 within noise
  dt0.15_cv1.0     gru_d vs transformer  t=+1.81 within noise
  dt0.4_cv1.0      mt_lnn vs mt_lnn_dt    t=-0.25 within noise
  dt0.4_cv1.0      mt_lnn vs mt_lnn_ad    t=+1.09 within noise
  dt0.4_cv1.0      mt_lnn vs transformer  t=-0.46 within noise
  dt0.4_cv1.0      mt_lnn_dt vs transformer  t=-0.23 within noise
  dt0.4_cv1.0      mt_lnn_ad vs mt_lnn_dt    t=-1.26 within noise
  dt0.4_cv1.0      mt_lnn_ad vs transformer  t=-1.37 within noise
  dt0.4_cv1.0      lstm vs mt_lnn       t=+0.10 within noise
  dt0.4_cv1.0      lstm vs mt_lnn_dt    t=-0.22 within noise
  dt0.4_cv1.0      lstm vs mt_lnn_ad    t=+1.20 within noise
  dt0.4_cv1.0      lstm vs transformer  t=-0.59 within noise
  dt0.4_cv1.0      gru vs mt_lnn       t=-0.07 within noise
  dt0.4_cv1.0      gru vs mt_lnn_dt    t=-0.48 within noise
  dt0.4_cv1.0      gru vs mt_lnn_ad    t=+1.14 within noise
  dt0.4_cv1.0      gru vs lstm         t=-0.28 within noise
  dt0.4_cv1.0      gru vs gru_d        t=-1.39 within noise
  dt0.4_cv1.0      gru vs transformer  t=-1.17 within noise
  dt0.4_cv1.0      gru_d vs mt_lnn       t=+0.55 within noise
  dt0.4_cv1.0      gru_d vs mt_lnn_dt    t=+0.35 within noise
  dt0.4_cv1.0      gru_d vs mt_lnn_ad    t=+1.41 within noise
  dt0.4_cv1.0      gru_d vs lstm         t=+0.74 within noise
  dt0.4_cv1.0      gru_d vs transformer  t=+0.22 within noise
  extrapolation tier extrap_dt0.05to0.4_cv1.0: mt_lnn_dt vs each — gru_d=-1.739, lstm=4.414, gru=-1.492, mt_lnn=8.854
  extrapolation tier extrap_dt0.05to0.4_cv1.0: mt_lnn_ad vs each — gru_d=-1.852, lstm=4.793, gru=-1.778, mt_lnn_dt=0.004

MECHANISM VERDICT (pre-registered R1/R2): CLOSED — mechanism null on both rules; record the negative and stop telling the CT story
MECHANISM VERDICT (pre-registered R2'/R1', mt_lnn_ad): ARCHIVED FOR GOOD — double negative with mt_lnn_dt; the decay direction is permanently closed, no third probe

results -> benchmarks/results/synth_ct_control_ad.json
