synthetic continuous-time control | Van der Pol mu=2.0 | 5 seeds | Δt supplied to every arch | target: x(t+0.5) from 48 irregular samples
pre-registered rule: domain won iff mt_lnn |t|>=2 vs gru_d AND lstm AND gru at the cv=1 tiers; claim needs >=2 of 3 domains

Δt mean=0.05 cv=0.0  train 2500 / test 800 windows (mean-predictor RMSE 1.4832)
    mt_lnn       seed 0: rmse 0.0200 (51s)
    mt_lnn       seed 1: rmse 0.0045 (51s)
    mt_lnn       seed 2: rmse 0.0217 (50s)
    mt_lnn       seed 3: rmse 0.0138 (50s)
    mt_lnn       seed 4: rmse 0.0224 (50s)
    mt_lnn       RMSE 0.0165 ± 0.0075  (55,083 params, 253s total)
    mt_lnn_dt    seed 0: rmse 0.0376 (32s)
    mt_lnn_dt    seed 1: rmse 0.0630 (32s)
    mt_lnn_dt    seed 2: rmse 0.0139 (32s)
    mt_lnn_dt    seed 3: rmse 0.0105 (38s)
    mt_lnn_dt    seed 4: rmse 0.0137 (36s)
    mt_lnn_dt    RMSE 0.0277 ± 0.0225  (50,857 params, 170s total)
    lstm         seed 0: rmse 0.0097 (24s)
    lstm         seed 1: rmse 0.0125 (24s)
    lstm         seed 2: rmse 0.0026 (24s)
    lstm         seed 3: rmse 0.0327 (24s)
    lstm         seed 4: rmse 0.0028 (24s)
    lstm         RMSE 0.0121 ± 0.0123  (99,139 params, 120s total)
    gru          seed 0: rmse 0.0087 (20s)
    gru          seed 1: rmse 0.0044 (20s)
    gru          seed 2: rmse 0.0050 (20s)
    gru          seed 3: rmse 0.0015 (20s)
    gru          seed 4: rmse 0.0663 (20s)
    gru          RMSE 0.0172 ± 0.0276  (74,491 params, 100s total)
    gru_d        seed 0: rmse 0.0392 (54s)
    gru_d        seed 1: rmse 0.0154 (52s)
    gru_d        seed 2: rmse 0.0079 (51s)
    gru_d        seed 3: rmse 0.0115 (51s)
    gru_d        seed 4: rmse 0.0095 (52s)
    gru_d        RMSE 0.0167 ± 0.0129  (74,493 params, 260s total)
/Users/aricredemption/Projects/M1/benchmarks/battery_soh_edge.py:167: UserWarning: enable_nested_tensor is True, but self.use_nested_tensor is False because encoder_layer.norm_first was True
  self.enc = nn.TransformerEncoder(enc, n_layers)
    transformer  seed 0: rmse 0.0501 (14s)
    transformer  seed 1: rmse 0.0324 (15s)
    transformer  seed 2: rmse 0.0033 (15s)
    transformer  seed 3: rmse 0.0600 (15s)
    transformer  seed 4: rmse 0.0112 (17s)
    transformer  RMSE 0.0314 ± 0.0243  (152,413 params, 77s total)

Δt mean=0.05 cv=1.0  train 2500 / test 800 windows (mean-predictor RMSE 1.4637)
    mt_lnn       seed 0: rmse 0.0098 (59s)
    mt_lnn       seed 1: rmse 0.0129 (56s)
    mt_lnn       seed 2: rmse 0.0742 (69s)
    mt_lnn       seed 3: rmse 0.0244 (70s)
    mt_lnn       seed 4: rmse 0.0181 (66s)
    mt_lnn       RMSE 0.0279 ± 0.0265  (55,083 params, 322s total)
    mt_lnn_dt    seed 0: rmse 0.0358 (39s)
    mt_lnn_dt    seed 1: rmse 0.0336 (34s)
    mt_lnn_dt    seed 2: rmse 0.0129 (33s)
    mt_lnn_dt    seed 3: rmse 0.1482 (33s)
    mt_lnn_dt    seed 4: rmse 0.0493 (33s)
    mt_lnn_dt    RMSE 0.0560 ± 0.0532  (50,857 params, 172s total)
    lstm         seed 0: rmse 0.0226 (24s)
    lstm         seed 1: rmse 0.0186 (24s)
    lstm         seed 2: rmse 0.0145 (24s)
    lstm         seed 3: rmse 0.0282 (24s)
    lstm         seed 4: rmse 0.0573 (24s)
    lstm         RMSE 0.0282 ± 0.0170  (99,139 params, 121s total)
    gru          seed 0: rmse 0.0117 (20s)
    gru          seed 1: rmse 0.0290 (20s)
    gru          seed 2: rmse 0.0081 (20s)
    gru          seed 3: rmse 0.0208 (20s)
    gru          seed 4: rmse 0.0468 (20s)
    gru          RMSE 0.0233 ± 0.0155  (74,491 params, 101s total)
    gru_d        seed 0: rmse 0.0138 (52s)
    gru_d        seed 1: rmse 0.0355 (51s)
    gru_d        seed 2: rmse 0.0428 (51s)
    gru_d        seed 3: rmse 0.0450 (51s)
    gru_d        seed 4: rmse 0.0219 (51s)
    gru_d        RMSE 0.0318 ± 0.0135  (74,493 params, 255s total)
    transformer  seed 0: rmse 0.0303 (13s)
    transformer  seed 1: rmse 0.0337 (13s)
    transformer  seed 2: rmse 0.0931 (13s)
    transformer  seed 3: rmse 0.0896 (13s)
    transformer  seed 4: rmse 0.0369 (13s)
    transformer  RMSE 0.0567 ± 0.0317  (152,413 params, 67s total)

Δt mean=0.15 cv=0.0  train 2500 / test 800 windows (mean-predictor RMSE 1.4739)
    mt_lnn       seed 0: rmse 0.0069 (51s)
    mt_lnn       seed 1: rmse 0.0541 (49s)
    mt_lnn       seed 2: rmse 0.0116 (54s)
    mt_lnn       seed 3: rmse 0.0047 (51s)
    mt_lnn       seed 4: rmse 0.0112 (55s)
    mt_lnn       RMSE 0.0177 ± 0.0205  (55,083 params, 259s total)
    mt_lnn_dt    seed 0: rmse 0.0342 (36s)
    mt_lnn_dt    seed 1: rmse 0.0133 (36s)
    mt_lnn_dt    seed 2: rmse 0.0294 (36s)
    mt_lnn_dt    seed 3: rmse 0.0204 (36s)
    mt_lnn_dt    seed 4: rmse 0.0059 (36s)
    mt_lnn_dt    RMSE 0.0207 ± 0.0115  (50,857 params, 178s total)
    lstm         seed 0: rmse 0.0258 (26s)
    lstm         seed 1: rmse 0.0262 (25s)
    lstm         seed 2: rmse 0.0343 (25s)
    lstm         seed 3: rmse 0.0058 (25s)
    lstm         seed 4: rmse 0.1584 (25s)
    lstm         RMSE 0.0501 ± 0.0615  (99,139 params, 127s total)
    gru          seed 0: rmse 0.0108 (20s)
    gru          seed 1: rmse 0.0036 (20s)
    gru          seed 2: rmse 0.0034 (20s)
    gru          seed 3: rmse 0.0142 (20s)
    gru          seed 4: rmse 0.0128 (20s)
    gru          RMSE 0.0090 ± 0.0051  (74,491 params, 101s total)
    gru_d        seed 0: rmse 0.0471 (59s)
    gru_d        seed 1: rmse 0.0033 (58s)
    gru_d        seed 2: rmse 0.0212 (58s)
    gru_d        seed 3: rmse 0.0026 (59s)
    gru_d        seed 4: rmse 0.0141 (58s)
    gru_d        RMSE 0.0177 ± 0.0182  (74,493 params, 292s total)
    transformer  seed 0: rmse 0.0284 (14s)
    transformer  seed 1: rmse 0.0052 (15s)
    transformer  seed 2: rmse 0.0122 (14s)
    transformer  seed 3: rmse 0.0010 (14s)
    transformer  seed 4: rmse 0.0044 (14s)
    transformer  RMSE 0.0103 ± 0.0109  (152,413 params, 71s total)

Δt mean=0.15 cv=1.0  train 2500 / test 800 windows (mean-predictor RMSE 1.5035)
    mt_lnn       seed 0: rmse 0.0139 (51s)
    mt_lnn       seed 1: rmse 0.0171 (54s)
    mt_lnn       seed 2: rmse 0.1128 (51s)
    mt_lnn       seed 3: rmse 0.0338 (49s)
    mt_lnn       seed 4: rmse 0.0270 (49s)
    mt_lnn       RMSE 0.0409 ± 0.0409  (55,083 params, 254s total)
    mt_lnn_dt    seed 0: rmse 0.0237 (32s)
    mt_lnn_dt    seed 1: rmse 0.0365 (31s)
    mt_lnn_dt    seed 2: rmse 0.0089 (32s)
    mt_lnn_dt    seed 3: rmse 0.0086 (32s)
    mt_lnn_dt    seed 4: rmse 0.0167 (32s)
    mt_lnn_dt    RMSE 0.0189 ± 0.0117  (50,857 params, 158s total)
    lstm         seed 0: rmse 0.0642 (23s)
    lstm         seed 1: rmse 0.0151 (23s)
    lstm         seed 2: rmse 0.0178 (23s)
    lstm         seed 3: rmse 0.0685 (23s)
    lstm         seed 4: rmse 0.0160 (23s)
    lstm         RMSE 0.0363 ± 0.0275  (99,139 params, 116s total)
    gru          seed 0: rmse 0.0327 (18s)
    gru          seed 1: rmse 0.0366 (18s)
    gru          seed 2: rmse 0.0228 (18s)
    gru          seed 3: rmse 0.0257 (18s)
    gru          seed 4: rmse 0.0445 (18s)
    gru          RMSE 0.0325 ± 0.0087  (74,491 params, 91s total)
    gru_d        seed 0: rmse 0.0144 (50s)
    gru_d        seed 1: rmse 0.0562 (50s)
    gru_d        seed 2: rmse 0.0314 (50s)
    gru_d        seed 3: rmse 0.0293 (50s)
    gru_d        seed 4: rmse 0.0286 (48s)
    gru_d        RMSE 0.0320 ± 0.0151  (74,493 params, 247s total)
    transformer  seed 0: rmse 0.0779 (14s)
    transformer  seed 1: rmse 0.0382 (14s)
    transformer  seed 2: rmse 0.0399 (14s)
    transformer  seed 3: rmse 0.0657 (14s)
    transformer  seed 4: rmse 0.0362 (14s)
    transformer  RMSE 0.0516 ± 0.0190  (152,413 params, 69s total)

Δt mean=0.4 cv=0.0  train 2080 / test 665 windows (mean-predictor RMSE 1.4678)
    mt_lnn       seed 0: rmse 0.0142 (45s)
    mt_lnn       seed 1: rmse 0.0066 (49s)
    mt_lnn       seed 2: rmse 0.0114 (49s)
    mt_lnn       seed 3: rmse 0.0310 (49s)
    mt_lnn       seed 4: rmse 0.0140 (49s)
    mt_lnn       RMSE 0.0155 ± 0.0092  (55,083 params, 241s total)
    mt_lnn_dt    seed 0: rmse 0.0106 (32s)
    mt_lnn_dt    seed 1: rmse 0.0344 (29s)
    mt_lnn_dt    seed 2: rmse 0.0330 (27s)
    mt_lnn_dt    seed 3: rmse 0.0354 (27s)
    mt_lnn_dt    seed 4: rmse 0.0342 (27s)
    mt_lnn_dt    RMSE 0.0295 ± 0.0106  (50,857 params, 141s total)
    lstm         seed 0: rmse 0.0635 (20s)
    lstm         seed 1: rmse 0.0029 (20s)
    lstm         seed 2: rmse 0.0426 (20s)
    lstm         seed 3: rmse 0.0040 (20s)
    lstm         seed 4: rmse 0.0053 (20s)
    lstm         RMSE 0.0237 ± 0.0279  (99,139 params, 100s total)
    gru          seed 0: rmse 0.0274 (17s)
    gru          seed 1: rmse 0.0055 (17s)
    gru          seed 2: rmse 0.0587 (17s)
    gru          seed 3: rmse 0.1104 (17s)
    gru          seed 4: rmse 0.0324 (17s)
    gru          RMSE 0.0469 ± 0.0403  (74,491 params, 83s total)
    gru_d        seed 0: rmse 0.0406 (42s)
    gru_d        seed 1: rmse 0.0146 (42s)
    gru_d        seed 2: rmse 0.0328 (42s)
    gru_d        seed 3: rmse 0.0369 (42s)
    gru_d        seed 4: rmse 0.0037 (42s)
    gru_d        RMSE 0.0257 ± 0.0159  (74,493 params, 211s total)
    transformer  seed 0: rmse 0.0228 (11s)
    transformer  seed 1: rmse 0.0037 (11s)
    transformer  seed 2: rmse 0.0130 (11s)
    transformer  seed 3: rmse 0.0037 (11s)
    transformer  seed 4: rmse 0.0048 (11s)
    transformer  RMSE 0.0096 ± 0.0083  (152,413 params, 54s total)

Δt mean=0.4 cv=1.0  train 2167 / test 682 windows (mean-predictor RMSE 1.4629)
    mt_lnn       seed 0: rmse 0.0157 (44s)
    mt_lnn       seed 1: rmse 0.0146 (43s)
    mt_lnn       seed 2: rmse 0.0554 (43s)
    mt_lnn       seed 3: rmse 0.0098 (43s)
    mt_lnn       seed 4: rmse 0.0445 (43s)
    mt_lnn       RMSE 0.0280 ± 0.0205  (55,083 params, 215s total)
    mt_lnn_dt    seed 0: rmse 0.0467 (27s)
    mt_lnn_dt    seed 1: rmse 0.0329 (27s)
    mt_lnn_dt    seed 2: rmse 0.0110 (27s)
    mt_lnn_dt    seed 3: rmse 0.0181 (27s)
    mt_lnn_dt    seed 4: rmse 0.0172 (27s)
    mt_lnn_dt    RMSE 0.0252 ± 0.0145  (50,857 params, 136s total)
    lstm         seed 0: rmse 0.0153 (19s)
    lstm         seed 1: rmse 0.0397 (19s)
    lstm         seed 2: rmse 0.0174 (19s)
    lstm         seed 3: rmse 0.0377 (19s)
    lstm         seed 4: rmse 0.0248 (19s)
    lstm         RMSE 0.0270 ± 0.0113  (99,139 params, 95s total)
    gru          seed 0: rmse 0.0361 (15s)
    gru          seed 1: rmse 0.0307 (15s)
    gru          seed 2: rmse 0.0203 (15s)
    gru          seed 3: rmse 0.0356 (15s)
    gru          seed 4: rmse 0.0208 (15s)
    gru          RMSE 0.0287 ± 0.0077  (74,491 params, 74s total)
    gru_d        seed 0: rmse 0.0303 (39s)
    gru_d        seed 1: rmse 0.0167 (39s)
    gru_d        seed 2: rmse 0.0220 (38s)
    gru_d        seed 3: rmse 0.0264 (39s)
    gru_d        seed 4: rmse 0.0187 (38s)
    gru_d        RMSE 0.0228 ± 0.0055  (74,493 params, 193s total)
    transformer  seed 0: rmse 0.0262 (11s)
    transformer  seed 1: rmse 0.0273 (11s)
    transformer  seed 2: rmse 0.0152 (11s)
    transformer  seed 3: rmse 0.0295 (11s)
    transformer  seed 4: rmse 0.0197 (11s)
    transformer  RMSE 0.0236 ± 0.0059  (152,413 params, 56s total)

EXTRAP tier | train Δt mean=0.05 cv=1, test Δt mean=0.4 cv=1, Δt channel in TRAIN units (mean-predictor RMSE 1.5024)
    mt_lnn       seed 0: rmse 0.4685 (51s)
    mt_lnn       seed 1: rmse 0.4200 (49s)
    mt_lnn       seed 2: rmse 0.4938 (49s)
    mt_lnn       seed 3: rmse 0.4618 (65s)
    mt_lnn       seed 4: rmse 0.4677 (59s)
    mt_lnn       RMSE 0.4624 ± 0.0267  (55,083 params, 273s total)
    mt_lnn_dt    seed 0: rmse 0.2958 (35s)
    mt_lnn_dt    seed 1: rmse 0.2652 (33s)
    mt_lnn_dt    seed 2: rmse 0.2774 (33s)
    mt_lnn_dt    seed 3: rmse 0.3370 (33s)
    mt_lnn_dt    seed 4: rmse 0.3269 (33s)
    mt_lnn_dt    RMSE 0.3005 ± 0.0310  (50,857 params, 167s total)
    lstm         seed 0: rmse 0.4098 (24s)
    lstm         seed 1: rmse 0.3940 (24s)
    lstm         seed 2: rmse 0.3546 (24s)
    lstm         seed 3: rmse 0.4893 (24s)
    lstm         seed 4: rmse 0.4450 (24s)
    lstm         RMSE 0.4185 ± 0.0512  (99,139 params, 122s total)
    gru          seed 0: rmse 0.2522 (20s)
    gru          seed 1: rmse 0.2430 (20s)
    gru          seed 2: rmse 0.2589 (20s)
    gru          seed 3: rmse 0.3038 (20s)
    gru          seed 4: rmse 0.3029 (20s)
    gru          RMSE 0.2722 ± 0.0290  (74,491 params, 102s total)
    gru_d        seed 0: rmse 0.2031 (52s)
    gru_d        seed 1: rmse 0.2949 (52s)
    gru_d        seed 2: rmse 0.3261 (52s)
    gru_d        seed 3: rmse 0.1902 (52s)
    gru_d        seed 4: rmse 0.2281 (52s)
    gru_d        RMSE 0.2485 ± 0.0592  (74,493 params, 259s total)
    transformer  seed 0: rmse 0.5930 (13s)
    transformer  seed 1: rmse 0.6166 (13s)
    transformer  seed 2: rmse 0.6625 (13s)
    transformer  seed 3: rmse 0.6280 (13s)
    transformer  seed 4: rmse 0.6550 (13s)
    transformer  RMSE 0.6310 ± 0.0284  (152,413 params, 67s total)

==================================================================
  dt0.05_cv1.0     mt_lnn vs mt_lnn_dt    t=+1.06 within noise
  dt0.05_cv1.0     mt_lnn vs transformer  t=+1.56 within noise
  dt0.05_cv1.0     mt_lnn_dt vs transformer  t=+0.03 within noise
  dt0.05_cv1.0     lstm vs mt_lnn       t=-0.03 within noise
  dt0.05_cv1.0     lstm vs mt_lnn_dt    t=+1.11 within noise
  dt0.05_cv1.0     lstm vs transformer  t=+1.77 within noise
  dt0.05_cv1.0     gru vs mt_lnn       t=+0.33 within noise
  dt0.05_cv1.0     gru vs mt_lnn_dt    t=+1.32 within noise
  dt0.05_cv1.0     gru vs lstm         t=+0.48 within noise
  dt0.05_cv1.0     gru vs gru_d        t=+0.93 within noise
  dt0.05_cv1.0     gru vs transformer  t=+2.12 SIGNIFICANT
  dt0.05_cv1.0     gru_d vs mt_lnn       t=-0.29 within noise
  dt0.05_cv1.0     gru_d vs mt_lnn_dt    t=+0.99 within noise
  dt0.05_cv1.0     gru_d vs lstm         t=-0.36 within noise
  dt0.05_cv1.0     gru_d vs transformer  t=+1.62 within noise
  dt0.15_cv1.0     mt_lnn vs mt_lnn_dt    t=-1.16 within noise
  dt0.15_cv1.0     mt_lnn vs transformer  t=+0.53 within noise
  dt0.15_cv1.0     mt_lnn_dt vs transformer  t=+3.28 SIGNIFICANT
  dt0.15_cv1.0     lstm vs mt_lnn       t=+0.21 within noise
  dt0.15_cv1.0     lstm vs mt_lnn_dt    t=-1.31 within noise
  dt0.15_cv1.0     lstm vs transformer  t=+1.02 within noise
  dt0.15_cv1.0     gru vs mt_lnn       t=+0.45 within noise
  dt0.15_cv1.0     gru vs mt_lnn_dt    t=-2.09 SIGNIFICANT
  dt0.15_cv1.0     gru vs lstm         t=+0.30 within noise
  dt0.15_cv1.0     gru vs gru_d        t=-0.06 within noise
  dt0.15_cv1.0     gru vs transformer  t=+2.05 SIGNIFICANT
  dt0.15_cv1.0     gru_d vs mt_lnn       t=+0.46 within noise
  dt0.15_cv1.0     gru_d vs mt_lnn_dt    t=-1.53 within noise
  dt0.15_cv1.0     gru_d vs lstm         t=+0.31 within noise
  dt0.15_cv1.0     gru_d vs transformer  t=+1.81 within noise
  dt0.4_cv1.0      mt_lnn vs mt_lnn_dt    t=-0.25 within noise
  dt0.4_cv1.0      mt_lnn vs transformer  t=-0.46 within noise
  dt0.4_cv1.0      mt_lnn_dt vs transformer  t=-0.23 within noise
  dt0.4_cv1.0      lstm vs mt_lnn       t=+0.10 within noise
  dt0.4_cv1.0      lstm vs mt_lnn_dt    t=-0.22 within noise
  dt0.4_cv1.0      lstm vs transformer  t=-0.59 within noise
  dt0.4_cv1.0      gru vs mt_lnn       t=-0.07 within noise
  dt0.4_cv1.0      gru vs mt_lnn_dt    t=-0.48 within noise
  dt0.4_cv1.0      gru vs lstm         t=-0.28 within noise
  dt0.4_cv1.0      gru vs gru_d        t=-1.39 within noise
  dt0.4_cv1.0      gru vs transformer  t=-1.17 within noise
  dt0.4_cv1.0      gru_d vs mt_lnn       t=+0.55 within noise
  dt0.4_cv1.0      gru_d vs mt_lnn_dt    t=+0.35 within noise
  dt0.4_cv1.0      gru_d vs lstm         t=+0.74 within noise
  dt0.4_cv1.0      gru_d vs transformer  t=+0.22 within noise
  extrapolation tier extrap_dt0.05to0.4_cv1.0: mt_lnn_dt vs each — gru_d=-1.739, lstm=4.414, gru=-1.492, mt_lnn=8.854

MECHANISM VERDICT (pre-registered R1/R2): CLOSED — mechanism null on both rules; record the negative and stop telling the CT story

results -> benchmarks/results/synth_ct_control_dt.json
