========================================================================
SCALING TRAIN | WikiText-103 | 20000 steps | arch mt_lnn | extracted log
Source: E:\M1\scaling_fp32\converge_probe_mtlnn.log
Generated: 2026-07-19 23:14:52 +08:00
========================================================================


------------------------------------------------------------------------
=== mt_lnn (train, seed 0) ===
'[Errno 101] Network is unreachable' thrown while requesting HEAD https://huggingface.co/datasets/Salesforce/wikitext/resolve/b08601e04326c79dfdd32d625aee71d232d685c3/wikitext.py
Retrying in 1s [Retry 1/5].
Using the latest cached version of the dataset since Salesforce/wikitext couldn't be found on the Hugging Face Hub
Found the latest cached dataset configuration 'wikitext-103-raw-v1' at /root/.cache/huggingface/datasets/Salesforce___wikitext/wikitext-103-raw-v1/0.0.0/b08601e04326c79dfdd32d625aee71d232d685c3 (last modified on Tue Jul 14 21:17:11 2026).
    [tokenize train] 100000/1165029 rows, 10.2M tokens, 5s
    [tokenize train] 200000/1165029 rows, 20.4M tokens, 11s
    [tokenize train] 300000/1165029 rows, 30.7M tokens, 16s
    [tokenize train] 400000/1165029 rows, 40.9M tokens, 21s
[transformers] Token indices sequence length is longer than the specified maximum sequence length for this model (1063 > 1024). Running this sequence through the model will result in indexing errors
    [tokenize train] 500000/1165029 rows, 51.0M tokens, 26s
    [tokenize train] 600000/1165029 rows, 61.5M tokens, 31s
    [tokenize train] 700000/1165029 rows, 71.6M tokens, 36s
    [tokenize train] 800000/1165029 rows, 81.9M tokens, 42s
    [tokenize train] 900000/1165029 rows, 92.1M tokens, 47s
    [tokenize train] 1000000/1165029 rows, 102.4M tokens, 52s
    [tokenize train] 1100000/1165029 rows, 112.6M tokens, 57s
    [tokenize train] done: 119.1M tokens -> 232588 chunks of 512 (60s)
'[Errno 101] Network is unreachable' thrown while requesting HEAD https://huggingface.co/datasets/Salesforce/wikitext/resolve/b08601e04326c79dfdd32d625aee71d232d685c3/wikitext.py
Retrying in 1s [Retry 1/5].
Using the latest cached version of the dataset since Salesforce/wikitext couldn't be found on the Hugging Face Hub
Found the latest cached dataset configuration 'wikitext-103-raw-v1' at /root/.cache/huggingface/datasets/Salesforce___wikitext/wikitext-103-raw-v1/0.0.0/b08601e04326c79dfdd32d625aee71d232d685c3 (last modified on Tue Jul 14 21:17:11 2026).
    [tokenize test] done: 0.3M tokens -> 558 chunks of 512 (0s)
  [mt_lnn] resumed checkpoint: step 10000/20000, cursor 40000
  [mt_lnn     ] 10100/20000 loss 5.0464 | 13718 tok/s
  [mt_lnn     ] 10200/20000 loss 5.0141 | 15192 tok/s
  [mt_lnn     ] 10300/20000 loss 5.1209 | 15281 tok/s
  [mt_lnn     ] 10400/20000 loss 4.2856 | 15137 tok/s
  [mt_lnn     ] 10500/20000 loss 4.5406 | 15243 tok/s
  [mt_lnn] checkpoint saved at step 10500: /root/autodl-tmp/M1/scaling_fp32/converge_probe/checkpoints/train_mt_lnn_s0.pt
  [mt_lnn     ] 10600/20000 loss 5.2133 | 13578 tok/s
  [mt_lnn     ] 10700/20000 loss 5.0398 | 15305 tok/s
  [mt_lnn     ] 10800/20000 loss 4.8413 | 15127 tok/s
  [mt_lnn     ] 10900/20000 loss 4.7350 | 15173 tok/s
  [mt_lnn     ] 11000/20000 loss 4.8426 | 15305 tok/s
  [mt_lnn] checkpoint saved at step 11000: /root/autodl-tmp/M1/scaling_fp32/converge_probe/checkpoints/train_mt_lnn_s0.pt
  [mt_lnn     ] 11100/20000 loss 4.4433 | 12230 tok/s
  [mt_lnn     ] 11200/20000 loss 4.8157 | 13829 tok/s
  [mt_lnn     ] 11300/20000 loss 4.6287 | 15209 tok/s
  [mt_lnn     ] 11400/20000 loss 5.0752 | 13020 tok/s
  [mt_lnn     ] 11500/20000 loss 4.9329 | 13804 tok/s
  [mt_lnn] checkpoint saved at step 11500: /root/autodl-tmp/M1/scaling_fp32/converge_probe/checkpoints/train_mt_lnn_s0.pt
  [mt_lnn     ] 11600/20000 loss 4.7352 | 11190 tok/s
  [mt_lnn     ] 11700/20000 loss 4.6227 | 14934 tok/s
  [mt_lnn     ] 11800/20000 loss 4.9544 | 15194 tok/s
  [mt_lnn     ] 11900/20000 loss 4.8770 | 15243 tok/s
  [mt_lnn     ] 12000/20000 loss 4.8383 | 15335 tok/s
  [mt_lnn] checkpoint saved at step 12000: /root/autodl-tmp/M1/scaling_fp32/converge_probe/checkpoints/train_mt_lnn_s0.pt
  [mt_lnn     ] 12100/20000 loss 5.1769 | 11247 tok/s
  [mt_lnn     ] 12200/20000 loss 4.7242 | 14288 tok/s
  [mt_lnn     ] 12300/20000 loss 4.9931 | 13931 tok/s
  [mt_lnn     ] 12400/20000 loss 4.6982 | 13827 tok/s
  [mt_lnn     ] 12500/20000 loss 4.2013 | 11633 tok/s
  [mt_lnn] checkpoint saved at step 12500: /root/autodl-tmp/M1/scaling_fp32/converge_probe/checkpoints/train_mt_lnn_s0.pt
  [mt_lnn     ] 12600/20000 loss 5.0400 | 12146 tok/s
  [mt_lnn     ] 12700/20000 loss 4.8565 | 12361 tok/s
  [mt_lnn     ] 12800/20000 loss 4.3300 | 11446 tok/s
  [mt_lnn     ] 12900/20000 loss 5.2911 | 10951 tok/s
  [mt_lnn     ] 13000/20000 loss 4.5656 | 11238 tok/s
  [mt_lnn] checkpoint saved at step 13000: /root/autodl-tmp/M1/scaling_fp32/converge_probe/checkpoints/train_mt_lnn_s0.pt
  [mt_lnn     ] 13100/20000 loss 4.6972 | 12952 tok/s
  [mt_lnn     ] 13200/20000 loss 4.2447 | 15255 tok/s
  [mt_lnn     ] 13300/20000 loss 4.8114 | 15166 tok/s
  [mt_lnn     ] 13400/20000 loss 4.9403 | 15267 tok/s
  [mt_lnn     ] 13500/20000 loss 4.5356 | 15207 tok/s
  [mt_lnn] checkpoint saved at step 13500: /root/autodl-tmp/M1/scaling_fp32/converge_probe/checkpoints/train_mt_lnn_s0.pt
  [mt_lnn     ] 13600/20000 loss 5.0781 | 13406 tok/s
  [mt_lnn     ] 13700/20000 loss 4.3431 | 15146 tok/s
  [mt_lnn     ] 13800/20000 loss 4.5096 | 15164 tok/s
  [mt_lnn     ] 13900/20000 loss 4.7688 | 15207 tok/s
  [mt_lnn     ] 14000/20000 loss 5.4608 | 15238 tok/s
  [mt_lnn] checkpoint saved at step 14000: /root/autodl-tmp/M1/scaling_fp32/converge_probe/checkpoints/train_mt_lnn_s0.pt
  [mt_lnn     ] 14100/20000 loss 4.9198 | 13473 tok/s
  [mt_lnn     ] 14200/20000 loss 4.9831 | 15258 tok/s
  [mt_lnn     ] 14300/20000 loss 3.9727 | 15266 tok/s
  [mt_lnn     ] 14400/20000 loss 4.9519 | 15265 tok/s
  [mt_lnn     ] 14500/20000 loss 4.7874 | 15249 tok/s
  [mt_lnn] checkpoint saved at step 14500: /root/autodl-tmp/M1/scaling_fp32/converge_probe/checkpoints/train_mt_lnn_s0.pt
  [mt_lnn     ] 14600/20000 loss 4.8487 | 13427 tok/s
  [mt_lnn     ] 14700/20000 loss 4.5583 | 15192 tok/s
  [mt_lnn     ] 14800/20000 loss 4.6402 | 15188 tok/s
  [mt_lnn     ] 14900/20000 loss 4.8395 | 15198 tok/s
  [mt_lnn     ] 15000/20000 loss 4.9858 | 14482 tok/s
  [mt_lnn] checkpoint saved at step 15000: /root/autodl-tmp/M1/scaling_fp32/converge_probe/checkpoints/train_mt_lnn_s0.pt
  [mt_lnn     ] 15100/20000 loss 4.5988 | 13077 tok/s
  [mt_lnn     ] 15200/20000 loss 5.2295 | 15222 tok/s
  [mt_lnn     ] 15300/20000 loss 4.6524 | 15144 tok/s
  [mt_lnn     ] 15400/20000 loss 4.8587 | 15244 tok/s
  [mt_lnn     ] 15500/20000 loss 4.9894 | 15190 tok/s
  [mt_lnn] checkpoint saved at step 15500: /root/autodl-tmp/M1/scaling_fp32/converge_probe/checkpoints/train_mt_lnn_s0.pt
  [mt_lnn     ] 15600/20000 loss 4.7874 | 13423 tok/s
  [mt_lnn     ] 15700/20000 loss 4.5338 | 15217 tok/s
  [mt_lnn     ] 15800/20000 loss 4.3302 | 15179 tok/s
  [mt_lnn     ] 15900/20000 loss 4.6102 | 15153 tok/s
  [mt_lnn     ] 16000/20000 loss 4.7517 | 15199 tok/s
  [mt_lnn] checkpoint saved at step 16000: /root/autodl-tmp/M1/scaling_fp32/converge_probe/checkpoints/train_mt_lnn_s0.pt
  [mt_lnn     ] 16100/20000 loss 4.2291 | 13459 tok/s
  [mt_lnn     ] 16200/20000 loss 4.8427 | 15209 tok/s
  [mt_lnn     ] 16300/20000 loss 4.5889 | 15226 tok/s
  [mt_lnn     ] 16400/20000 loss 4.7173 | 15269 tok/s
  [mt_lnn     ] 16500/20000 loss 5.0683 | 15266 tok/s
  [mt_lnn] checkpoint saved at step 16500: /root/autodl-tmp/M1/scaling_fp32/converge_probe/checkpoints/train_mt_lnn_s0.pt
  [mt_lnn     ] 16600/20000 loss 4.9629 | 13510 tok/s
  [mt_lnn     ] 16700/20000 loss 5.1567 | 15333 tok/s
  [mt_lnn     ] 16800/20000 loss 4.5760 | 15307 tok/s
  [mt_lnn     ] 16900/20000 loss 4.6997 | 15259 tok/s
  [mt_lnn     ] 17000/20000 loss 4.7835 | 15293 tok/s
  [mt_lnn] checkpoint saved at step 17000: /root/autodl-tmp/M1/scaling_fp32/converge_probe/checkpoints/train_mt_lnn_s0.pt
  [mt_lnn     ] 17100/20000 loss 5.1135 | 13546 tok/s
  [mt_lnn     ] 17200/20000 loss 5.1083 | 15142 tok/s
  [mt_lnn     ] 17300/20000 loss 5.1750 | 14084 tok/s
  [mt_lnn     ] 17400/20000 loss 4.6646 | 14484 tok/s
  [mt_lnn     ] 17500/20000 loss 4.9184 | 13631 tok/s
  [mt_lnn] checkpoint saved at step 17500: /root/autodl-tmp/M1/scaling_fp32/converge_probe/checkpoints/train_mt_lnn_s0.pt
  [mt_lnn     ] 17600/20000 loss 4.4352 | 13500 tok/s
  [mt_lnn     ] 17700/20000 loss 5.0059 | 15252 tok/s
  [mt_lnn     ] 17800/20000 loss 4.4554 | 15296 tok/s
  [mt_lnn     ] 17900/20000 loss 4.0607 | 15228 tok/s
  [mt_lnn     ] 18000/20000 loss 4.2785 | 15236 tok/s
  [mt_lnn] checkpoint saved at step 18000: /root/autodl-tmp/M1/scaling_fp32/converge_probe/checkpoints/train_mt_lnn_s0.pt
  [mt_lnn     ] 18100/20000 loss 4.8391 | 13166 tok/s
  [mt_lnn     ] 18200/20000 loss 4.7993 | 14695 tok/s
  [mt_lnn     ] 18300/20000 loss 4.7171 | 15277 tok/s
  [mt_lnn     ] 18400/20000 loss 4.7696 | 15295 tok/s
  [mt_lnn     ] 18500/20000 loss 4.4731 | 15311 tok/s
  [mt_lnn] checkpoint saved at step 18500: /root/autodl-tmp/M1/scaling_fp32/converge_probe/checkpoints/train_mt_lnn_s0.pt
  [mt_lnn     ] 18600/20000 loss 4.9089 | 13509 tok/s
  [mt_lnn     ] 18700/20000 loss 4.7987 | 15276 tok/s
  [mt_lnn     ] 18800/20000 loss 4.9156 | 15260 tok/s
  [mt_lnn     ] 18900/20000 loss 4.9216 | 15292 tok/s
  [mt_lnn     ] 19000/20000 loss 4.5262 | 15286 tok/s
  [mt_lnn] checkpoint saved at step 19000: /root/autodl-tmp/M1/scaling_fp32/converge_probe/checkpoints/train_mt_lnn_s0.pt
  [mt_lnn     ] 19100/20000 loss 4.4573 | 13532 tok/s
  [mt_lnn     ] 19200/20000 loss 5.0074 | 15297 tok/s
  [mt_lnn     ] 19300/20000 loss 4.1428 | 15224 tok/s
  [mt_lnn     ] 19400/20000 loss 4.5667 | 15252 tok/s
  [mt_lnn     ] 19500/20000 loss 4.6085 | 13334 tok/s
  [mt_lnn] checkpoint saved at step 19500: /root/autodl-tmp/M1/scaling_fp32/converge_probe/checkpoints/train_mt_lnn_s0.pt
  [mt_lnn     ] 19600/20000 loss 4.7666 | 13493 tok/s
  [mt_lnn     ] 19700/20000 loss 4.5327 | 15331 tok/s
  [mt_lnn     ] 19800/20000 loss 4.7239 | 15295 tok/s
  [mt_lnn     ] 19900/20000 loss 4.4865 | 15315 tok/s
  [mt_lnn     ] 20000/20000 loss 4.6431 | 15306 tok/s
  [mt_lnn] checkpoint saved at step 20000: /root/autodl-tmp/M1/scaling_fp32/converge_probe/checkpoints/train_mt_lnn_s0.pt
  [mt_lnn] checkpoint saved at step 20000: /root/autodl-tmp/M1/scaling_fp32/converge_probe/checkpoints/train_mt_lnn_s0.pt


========================================================================
SCALING TRAIN | WikiText-103 | 20000 steps | seeds [0]
arch               params  stable     val_ppl (mean卤std)   n
mt_lnn        126,041,819    True       89.28 卤 0.00      1
=======================================================================

------------------------------------------------------------------------
=== mt_lnn (train, seed 1) ===
'[Errno 101] Network is unreachable' thrown while requesting HEAD https://huggingface.co/datasets/Salesforce/wikitext/resolve/b08601e04326c79dfdd32d625aee71d232d685c3/wikitext.py
Retrying in 1s [Retry 1/5].
Using the latest cached version of the dataset since Salesforce/wikitext couldn't be found on the Hugging Face Hub
Found the latest cached dataset configuration 'wikitext-103-raw-v1' at /root/.cache/huggingface/datasets/Salesforce___wikitext/wikitext-103-raw-v1/0.0.0/b08601e04326c79dfdd32d625aee71d232d685c3 (last modified on Tue Jul 14 21:17:11 2026).
    [tokenize train] 100000/1165029 rows, 10.2M tokens, 5s
    [tokenize train] 200000/1165029 rows, 20.4M tokens, 10s
    [tokenize train] 300000/1165029 rows, 30.7M tokens, 15s
    [tokenize train] 400000/1165029 rows, 40.9M tokens, 21s
[transformers] Token indices sequence length is longer than the specified maximum sequence length for this model (1063 > 1024). Running this sequence through the model will result in indexing errors
    [tokenize train] 500000/1165029 rows, 51.0M tokens, 26s
    [tokenize train] 600000/1165029 rows, 61.5M tokens, 31s
    [tokenize train] 700000/1165029 rows, 71.6M tokens, 37s
    [tokenize train] 800000/1165029 rows, 81.9M tokens, 42s
    [tokenize train] 900000/1165029 rows, 92.1M tokens, 48s
    [tokenize train] 1000000/1165029 rows, 102.4M tokens, 53s
    [tokenize train] 1100000/1165029 rows, 112.6M tokens, 59s
    [tokenize train] done: 119.1M tokens -> 232588 chunks of 512 (63s)
'[Errno 101] Network is unreachable' thrown while requesting HEAD https://huggingface.co/datasets/Salesforce/wikitext/resolve/b08601e04326c79dfdd32d625aee71d232d685c3/wikitext.py
Retrying in 1s [Retry 1/5].
Using the latest cached version of the dataset since Salesforce/wikitext couldn't be found on the Hugging Face Hub
Found the latest cached dataset configuration 'wikitext-103-raw-v1' at /root/.cache/huggingface/datasets/Salesforce___wikitext/wikitext-103-raw-v1/0.0.0/b08601e04326c79dfdd32d625aee71d232d685c3 (last modified on Tue Jul 14 21:17:11 2026).
    [tokenize test] done: 0.3M tokens -> 558 chunks of 512 (0s)
  [mt_lnn     ] 100/20000 loss 6.8692 | 11708 tok/s
  [mt_lnn     ] 200/20000 loss 6.8867 | 11386 tok/s
  [mt_lnn     ] 300/20000 loss 6.5274 | 12256 tok/s
  [mt_lnn     ] 400/20000 loss 6.5571 | 12081 tok/s
  [mt_lnn     ] 500/20000 loss 5.9979 | 12794 tok/s
  [mt_lnn] checkpoint saved at step 500: /root/autodl-tmp/M1/scaling_fp32/converge_probe/checkpoints/train_mt_lnn_s1.pt
  [mt_lnn     ] 600/20000 loss 6.2922 | 14407 tok/s
  [mt_lnn     ] 700/20000 loss 5.8670 | 15210 tok/s
  [mt_lnn     ] 800/20000 loss 6.0591 | 15770 tok/s
  [mt_lnn     ] 900/20000 loss 5.9480 | 15895 tok/s
  [mt_lnn     ] 1000/20000 loss 5.8809 | 15885 tok/s
  [mt_lnn] checkpoint saved at step 1000: /root/autodl-tmp/M1/scaling_fp32/converge_probe/checkpoints/train_mt_lnn_s1.pt
  [mt_lnn     ] 1100/20000 loss 5.8080 | 11488 tok/s
  [mt_lnn     ] 1200/20000 loss 5.6608 | 14409 tok/s
  [mt_lnn     ] 1300/20000 loss 5.7039 | 15881 tok/s
  [mt_lnn     ] 1400/20000 loss 5.9306 | 15805 tok/s
  [mt_lnn     ] 1500/20000 loss 5.3181 | 13344 tok/s
  [mt_lnn] checkpoint saved at step 1500: /root/autodl-tmp/M1/scaling_fp32/converge_probe/checkpoints/train_mt_lnn_s1.pt
  [mt_lnn     ] 1600/20000 loss 5.6637 | 11612 tok/s
  [mt_lnn     ] 1700/20000 loss 6.0820 | 12417 tok/s
  [mt_lnn     ] 1800/20000 loss 5.8205 | 14508 tok/s
  [mt_lnn     ] 1900/20000 loss 5.4782 | 15620 tok/s
  [mt_lnn     ] 2000/20000 loss 5.5652 | 12327 tok/s
  [mt_lnn] checkpoint saved at step 2000: /root/autodl-tmp/M1/scaling_fp32/converge_probe/checkpoints/train_mt_lnn_s1.pt
  [mt_lnn     ] 2100/20000 loss 5.6064 | 11693 tok/s
  [mt_lnn     ] 2200/20000 loss 5.6777 | 12891 tok/s
  [mt_lnn     ] 2300/20000 loss 4.9507 | 15934 tok/s
  [mt_lnn     ] 2400/20000 loss 5.7070 | 14211 tok/s
  [mt_lnn     ] 2500/20000 loss 5.4488 | 15567 tok/s
  [mt_lnn] checkpoint saved at step 2500: /root/autodl-tmp/M1/scaling_fp32/converge_probe/checkpoints/train_mt_lnn_s1.pt
  [mt_lnn     ] 2600/20000 loss 5.4326 | 14063 tok/s
  [mt_lnn     ] 2700/20000 loss 5.3263 | 15763 tok/s
  [mt_lnn     ] 2800/20000 loss 5.5416 | 15924 tok/s
  [mt_lnn     ] 2900/20000 loss 5.6576 | 15971 tok/s
  [mt_lnn     ] 3000/20000 loss 5.4634 | 15881 tok/s
  [mt_lnn] checkpoint saved at step 3000: /root/autodl-tmp/M1/scaling_fp32/converge_probe/checkpoints/train_mt_lnn_s1.pt
  [mt_lnn     ] 3100/20000 loss 5.0297 | 13933 tok/s
  [mt_lnn     ] 3200/20000 loss 5.2254 | 15885 tok/s
  [mt_lnn     ] 3300/20000 loss 5.3572 | 15996 tok/s
  [mt_lnn     ] 3400/20000 loss 5.5699 | 15954 tok/s
  [mt_lnn     ] 3500/20000 loss 5.1558 | 15956 tok/s
  [mt_lnn] checkpoint saved at step 3500: /root/autodl-tmp/M1/scaling_fp32/converge_probe/checkpoints/train_mt_lnn_s1.pt
  [mt_lnn     ] 3600/20000 loss 5.5121 | 14071 tok/s
  [mt_lnn     ] 3700/20000 loss 5.0760 | 14751 tok/s
  [mt_lnn     ] 3800/20000 loss 5.3044 | 12435 tok/s
  [mt_lnn     ] 3900/20000 loss 5.2129 | 12415 tok/s
  [mt_lnn     ] 4000/20000 loss 5.5128 | 15678 tok/s
  [mt_lnn] checkpoint saved at step 4000: /root/autodl-tmp/M1/scaling_fp32/converge_probe/checkpoints/train_mt_lnn_s1.pt
  [mt_lnn     ] 4100/20000 loss 5.1875 | 14048 tok/s
  [mt_lnn     ] 4200/20000 loss 5.3178 | 15880 tok/s
  [mt_lnn     ] 4300/20000 loss 5.1497 | 15946 tok/s
  [mt_lnn     ] 4400/20000 loss 5.0166 | 15953 tok/s
  [mt_lnn     ] 4500/20000 loss 5.1338 | 15865 tok/s
  [mt_lnn] checkpoint saved at step 4500: /root/autodl-tmp/M1/scaling_fp32/converge_probe/checkpoints/train_mt_lnn_s1.pt
  [mt_lnn     ] 4600/20000 loss 4.5722 | 14046 tok/s
  [mt_lnn     ] 4700/20000 loss 4.8284 | 15952 tok/s
  [mt_lnn     ] 4800/20000 loss 5.2221 | 15966 tok/s
  [mt_lnn     ] 4900/20000 loss 5.3383 | 15987 tok/s
  [mt_lnn     ] 5000/20000 loss 5.8274 | 15926 tok/s
  [mt_lnn] checkpoint saved at step 5000: /root/autodl-tmp/M1/scaling_fp32/converge_probe/checkpoints/train_mt_lnn_s1.pt
  [mt_lnn     ] 5100/20000 loss 5.4134 | 14030 tok/s
  [mt_lnn     ] 5200/20000 loss 4.9585 | 15969 tok/s
  [mt_lnn     ] 5300/20000 loss 4.7174 | 15957 tok/s
  [mt_lnn     ] 5400/20000 loss 4.9330 | 15931 tok/s
  [mt_lnn     ] 5500/20000 loss 4.7315 | 15947 tok/s
  [mt_lnn] checkpoint saved at step 5500: /root/autodl-tmp/M1/scaling_fp32/converge_probe/checkpoints/train_mt_lnn_s1.pt
  [mt_lnn     ] 5600/20000 loss 4.6060 | 14059 tok/s
  [mt_lnn     ] 5700/20000 loss 5.2180 | 15963 tok/s
  [mt_lnn     ] 5800/20000 loss 5.1909 | 15951 tok/s
  [mt_lnn     ] 5900/20000 loss 5.5575 | 15923 tok/s
  [mt_lnn     ] 6000/20000 loss 5.2413 | 15954 tok/s
  [mt_lnn] checkpoint saved at step 6000: /root/autodl-tmp/M1/scaling_fp32/converge_probe/checkpoints/train_mt_lnn_s1.pt
  [mt_lnn     ] 6100/20000 loss 5.2360 | 13995 tok/s
  [mt_lnn     ] 6200/20000 loss 4.9702 | 15976 tok/s
  [mt_lnn     ] 6300/20000 loss 5.2692 | 15873 tok/s
  [mt_lnn     ] 6400/20000 loss 5.1727 | 15932 tok/s
  [mt_lnn     ] 6500/20000 loss 4.6106 | 15945 tok/s
  [mt_lnn] checkpoint saved at step 6500: /root/autodl-tmp/M1/scaling_fp32/converge_probe/checkpoints/train_mt_lnn_s1.pt
  [mt_lnn     ] 6600/20000 loss 5.4944 | 14057 tok/s
  [mt_lnn     ] 6700/20000 loss 5.1179 | 15915 tok/s
  [mt_lnn     ] 6800/20000 loss 5.0942 | 15933 tok/s
  [mt_lnn     ] 6900/20000 loss 5.2361 | 15946 tok/s
  [mt_lnn     ] 7000/20000 loss 5.1857 | 15928 tok/s
  [mt_lnn] checkpoint saved at step 7000: /root/autodl-tmp/M1/scaling_fp32/converge_probe/checkpoints/train_mt_lnn_s1.pt
  [mt_lnn     ] 7100/20000 loss 4.9672 | 14016 tok/s
  [mt_lnn     ] 7200/20000 loss 4.9919 | 15960 tok/s
  [mt_lnn     ] 7300/20000 loss 5.3918 | 15902 tok/s
  [mt_lnn     ] 7400/20000 loss 4.6795 | 15947 tok/s
  [mt_lnn     ] 7500/20000 loss 4.6716 | 15920 tok/s
  [mt_lnn] checkpoint saved at step 7500: /root/autodl-tmp/M1/scaling_fp32/converge_probe/checkpoints/train_mt_lnn_s1.pt
  [mt_lnn     ] 7600/20000 loss 4.8347 | 14016 tok/s
  [mt_lnn     ] 7700/20000 loss 4.6807 | 15968 tok/s
  [mt_lnn     ] 7800/20000 loss 5.0670 | 15875 tok/s
  [mt_lnn     ] 7900/20000 loss 4.7983 | 15917 tok/s
  [mt_lnn     ] 8000/20000 loss 5.2514 | 15889 tok/s
  [mt_lnn] checkpoint saved at step 8000: /root/autodl-tmp/M1/scaling_fp32/converge_probe/checkpoints/train_mt_lnn_s1.pt
  [mt_lnn     ] 8100/20000 loss 4.8456 | 14047 tok/s
  [mt_lnn     ] 8200/20000 loss 4.8911 | 15870 tok/s
  [mt_lnn     ] 8300/20000 loss 4.7081 | 15838 tok/s
  [mt_lnn     ] 8400/20000 loss 5.1135 | 15921 tok/s
  [mt_lnn     ] 8500/20000 loss 4.6849 | 15961 tok/s
  [mt_lnn] checkpoint saved at step 8500: /root/autodl-tmp/M1/scaling_fp32/converge_probe/checkpoints/train_mt_lnn_s1.pt
  [mt_lnn     ] 8600/20000 loss 5.2101 | 13962 tok/s
  [mt_lnn     ] 8700/20000 loss 5.2245 | 15978 tok/s
  [mt_lnn     ] 8800/20000 loss 4.4482 | 15948 tok/s
  [mt_lnn     ] 8900/20000 loss 5.2576 | 15896 tok/s
  [mt_lnn     ] 9000/20000 loss 5.1121 | 15894 tok/s
  [mt_lnn] checkpoint saved at step 9000: /root/autodl-tmp/M1/scaling_fp32/converge_probe/checkpoints/train_mt_lnn_s1.pt
  [mt_lnn     ] 9100/20000 loss 5.0212 | 14033 tok/s
  [mt_lnn     ] 9200/20000 loss 5.1309 | 15896 tok/s
  [mt_lnn     ] 9300/20000 loss 4.8896 | 15920 tok/s
  [mt_lnn     ] 9400/20000 loss 4.4707 | 15840 tok/s
  [mt_lnn     ] 9500/20000 loss 5.2603 | 15885 tok/s
  [mt_lnn] checkpoint saved at step 9500: /root/autodl-tmp/M1/scaling_fp32/converge_probe/checkpoints/train_mt_lnn_s1.pt
  [mt_lnn     ] 9600/20000 loss 4.9525 | 11400 tok/s
  [mt_lnn     ] 9700/20000 loss 4.0364 | 12784 tok/s
  [mt_lnn     ] 9800/20000 loss 4.6242 | 12775 tok/s
  [mt_lnn     ] 9900/20000 loss 4.5961 | 12832 tok/s
  [mt_lnn     ] 10000/20000 loss 5.0110 | 14502 tok/s
  [mt_lnn] checkpoint saved at step 10000: /root/autodl-tmp/M1/scaling_fp32/converge_probe/checkpoints/train_mt_lnn_s1.pt
  [mt_lnn     ] 10100/20000 loss 5.0707 | 13989 tok/s
  [mt_lnn     ] 10200/20000 loss 5.3227 | 13024 tok/s
  [mt_lnn     ] 10300/20000 loss 4.5084 | 12790 tok/s
  [mt_lnn     ] 10400/20000 loss 5.0411 | 12771 tok/s
  [mt_lnn     ] 10500/20000 loss 4.9607 | 12868 tok/s
  [mt_lnn] checkpoint saved at step 10500: /root/autodl-tmp/M1/scaling_fp32/converge_probe/checkpoints/train_mt_lnn_s1.pt
  [mt_lnn     ] 10600/20000 loss 5.1838 | 13045 tok/s
  [mt_lnn     ] 10700/20000 loss 4.3450 | 11670 tok/s
  [mt_lnn     ] 10800/20000 loss 4.4842 | 11425 tok/s
  [mt_lnn     ] 10900/20000 loss 4.7816 | 11589 tok/s
  [mt_lnn     ] 11000/20000 loss 4.8631 | 12803 tok/s
  [mt_lnn] checkpoint saved at step 11000: /root/autodl-tmp/M1/scaling_fp32/converge_probe/checkpoints/train_mt_lnn_s1.pt
  [mt_lnn     ] 11100/20000 loss 4.9729 | 13476 tok/s
  [mt_lnn     ] 11200/20000 loss 4.9067 | 15947 tok/s
  [mt_lnn     ] 11300/20000 loss 4.8287 | 15997 tok/s
  [mt_lnn     ] 11400/20000 loss 5.3894 | 15894 tok/s
  [mt_lnn     ] 11500/20000 loss 4.6686 | 15990 tok/s
  [mt_lnn] checkpoint saved at step 11500: /root/autodl-tmp/M1/scaling_fp32/converge_probe/checkpoints/train_mt_lnn_s1.pt
  [mt_lnn     ] 11600/20000 loss 4.2608 | 14069 tok/s
  [mt_lnn     ] 11700/20000 loss 4.8841 | 15856 tok/s
  [mt_lnn     ] 11800/20000 loss 4.3884 | 15976 tok/s
  [mt_lnn     ] 11900/20000 loss 4.8633 | 15880 tok/s
  [mt_lnn     ] 12000/20000 loss 4.8513 | 15975 tok/s
  [mt_lnn] checkpoint saved at step 12000: /root/autodl-tmp/M1/scaling_fp32/converge_probe/checkpoints/train_mt_lnn_s1.pt
  [mt_lnn     ] 12100/20000 loss 4.6649 | 14016 tok/s
  [mt_lnn     ] 12200/20000 loss 4.7457 | 15875 tok/s
  [mt_lnn     ] 12300/20000 loss 5.0800 | 15940 tok/s
  [mt_lnn     ] 12400/20000 loss 4.6299 | 15943 tok/s
  [mt_lnn     ] 12500/20000 loss 5.0741 | 15954 tok/s
  [mt_lnn] checkpoint saved at step 12500: /root/autodl-tmp/M1/scaling_fp32/converge_probe/checkpoints/train_mt_lnn_s1.pt
  [mt_lnn     ] 12600/20000 loss 4.9176 | 13514 tok/s
  [mt_lnn     ] 12700/20000 loss 5.0882 | 15954 tok/s
  [mt_lnn     ] 12800/20000 loss 4.9107 | 15933 tok/s
  [mt_lnn     ] 12900/20000 loss 4.6711 | 15917 tok/s
  [mt_lnn     ] 13000/20000 loss 4.7423 | 15947 tok/s
  [mt_lnn] checkpoint saved at step 13000: /root/autodl-tmp/M1/scaling_fp32/converge_probe/checkpoints/train_mt_lnn_s1.pt
  [mt_lnn     ] 13100/20000 loss 4.3367 | 13932 tok/s
  [mt_lnn     ] 13200/20000 loss 4.6271 | 15940 tok/s
  [mt_lnn     ] 13300/20000 loss 4.6906 | 15875 tok/s
  [mt_lnn     ] 13400/20000 loss 4.9171 | 15030 tok/s
  [mt_lnn     ] 13500/20000 loss 5.0350 | 12653 tok/s
  [mt_lnn] checkpoint saved at step 13500: /root/autodl-tmp/M1/scaling_fp32/converge_probe/checkpoints/train_mt_lnn_s1.pt
  [mt_lnn     ] 13600/20000 loss 4.8749 | 13904 tok/s
  [mt_lnn     ] 13700/20000 loss 4.8845 | 15917 tok/s
  [mt_lnn     ] 13800/20000 loss 5.2108 | 15951 tok/s
  [mt_lnn     ] 13900/20000 loss 4.8343 | 14727 tok/s
  [mt_lnn     ] 14000/20000 loss 4.4728 | 15046 tok/s
  [mt_lnn] checkpoint saved at step 14000: /root/autodl-tmp/M1/scaling_fp32/converge_probe/checkpoints/train_mt_lnn_s1.pt
  [mt_lnn     ] 14100/20000 loss 4.6050 | 13994 tok/s
  [mt_lnn     ] 14200/20000 loss 4.9529 | 15978 tok/s
  [mt_lnn     ] 14300/20000 loss 5.0377 | 15920 tok/s
  [mt_lnn     ] 14400/20000 loss 4.2518 | 15911 tok/s
  [mt_lnn     ] 14500/20000 loss 4.6520 | 15180 tok/s
  [mt_lnn] checkpoint saved at step 14500: /root/autodl-tmp/M1/scaling_fp32/converge_probe/checkpoints/train_mt_lnn_s1.pt
  [mt_lnn     ] 14600/20000 loss 4.7078 | 12063 tok/s
  [mt_lnn     ] 14700/20000 loss 4.8486 | 15546 tok/s
  [mt_lnn     ] 14800/20000 loss 4.7756 | 12761 tok/s
  [mt_lnn     ] 14900/20000 loss 4.7771 | 12920 tok/s
  [mt_lnn     ] 15000/20000 loss 4.7982 | 12895 tok/s
  [mt_lnn] checkpoint saved at step 15000: /root/autodl-tmp/M1/scaling_fp32/converge_probe/checkpoints/train_mt_lnn_s1.pt
  [mt_lnn     ] 15100/20000 loss 4.1920 | 13551 tok/s
  [mt_lnn     ] 15200/20000 loss 4.9095 | 16026 tok/s
  [mt_lnn     ] 15300/20000 loss 4.5009 | 15996 tok/s
  [mt_lnn     ] 15400/20000 loss 4.8602 | 16028 tok/s
  [mt_lnn     ] 15500/20000 loss 4.5697 | 16006 tok/s
  [mt_lnn] checkpoint saved at step 15500: /root/autodl-tmp/M1/scaling_fp32/converge_probe/checkpoints/train_mt_lnn_s1.pt
  [mt_lnn     ] 15600/20000 loss 4.2760 | 14091 tok/s
  [mt_lnn     ] 15700/20000 loss 4.6613 | 15958 tok/s
  [mt_lnn     ] 15800/20000 loss 4.2572 | 16035 tok/s
  [mt_lnn     ] 15900/20000 loss 5.0272 | 15973 tok/s
  [mt_lnn     ] 16000/20000 loss 4.8517 | 16016 tok/s
  [mt_lnn] checkpoint saved at step 16000: /root/autodl-tmp/M1/scaling_fp32/converge_probe/checkpoints/train_mt_lnn_s1.pt
  [mt_lnn     ] 16100/20000 loss 4.8662 | 14069 tok/s
  [mt_lnn     ] 16200/20000 loss 4.2436 | 15999 tok/s
  [mt_lnn     ] 16300/20000 loss 4.3594 | 16063 tok/s
  [mt_lnn     ] 16400/20000 loss 4.8126 | 16062 tok/s
  [mt_lnn     ] 16500/20000 loss 4.7012 | 15964 tok/s
  [mt_lnn] checkpoint saved at step 16500: /root/autodl-tmp/M1/scaling_fp32/converge_probe/checkpoints/train_mt_lnn_s1.pt
  [mt_lnn     ] 16600/20000 loss 5.3478 | 14127 tok/s
  [mt_lnn     ] 16700/20000 loss 4.7516 | 16027 tok/s
  [mt_lnn     ] 16800/20000 loss 4.8065 | 15980 tok/s
  [mt_lnn     ] 16900/20000 loss 4.9161 | 16037 tok/s
  [mt_lnn     ] 17000/20000 loss 4.9670 | 15977 tok/s
  [mt_lnn] checkpoint saved at step 17000: /root/autodl-tmp/M1/scaling_fp32/converge_probe/checkpoints/train_mt_lnn_s1.pt
  [mt_lnn     ] 17100/20000 loss 3.9777 | 11664 tok/s
  [mt_lnn     ] 17200/20000 loss 4.1727 | 13401 tok/s
  [mt_lnn     ] 17300/20000 loss 4.9001 | 15332 tok/s
  [mt_lnn     ] 17400/20000 loss 4.7833 | 16081 tok/s
  [mt_lnn     ] 17500/20000 loss 4.5264 | 16041 tok/s
  [mt_lnn] checkpoint saved at step 17500: /root/autodl-tmp/M1/scaling_fp32/converge_probe/checkpoints/train_mt_lnn_s1.pt
  [mt_lnn     ] 17600/20000 loss 4.2910 | 14118 tok/s
  [mt_lnn     ] 17700/20000 loss 4.9088 | 16000 tok/s
  [mt_lnn     ] 17800/20000 loss 4.8128 | 16029 tok/s
  [mt_lnn     ] 17900/20000 loss 4.0860 | 16071 tok/s
  [mt_lnn     ] 18000/20000 loss 4.3385 | 16002 tok/s
  [mt_lnn] checkpoint saved at step 18000: /root/autodl-tmp/M1/scaling_fp32/converge_probe/checkpoints/train_mt_lnn_s1.pt
  [mt_lnn     ] 18100/20000 loss 4.8425 | 14190 tok/s
  [mt_lnn     ] 18200/20000 loss 4.5061 | 16010 tok/s
  [mt_lnn     ] 18300/20000 loss 4.4780 | 16086 tok/s
  [mt_lnn     ] 18400/20000 loss 4.6151 | 16004 tok/s
  [mt_lnn     ] 18500/20000 loss 4.4344 | 16060 tok/s
  [mt_lnn] checkpoint saved at step 18500: /root/autodl-tmp/M1/scaling_fp32/converge_probe/checkpoints/train_mt_lnn_s1.pt
  [mt_lnn     ] 18600/20000 loss 4.6188 | 14164 tok/s
  [mt_lnn     ] 18700/20000 loss 4.2536 | 16071 tok/s
  [mt_lnn     ] 18800/20000 loss 4.4268 | 16053 tok/s
  [mt_lnn     ] 18900/20000 loss 4.5364 | 15990 tok/s
  [mt_lnn     ] 19000/20000 loss 4.8008 | 16026 tok/s
  [mt_lnn] checkpoint saved at step 19000: /root/autodl-tmp/M1/scaling_fp32/converge_probe/checkpoints/train_mt_lnn_s1.pt
  [mt_lnn     ] 19100/20000 loss 4.5783 | 14147 tok/s
  [mt_lnn     ] 19200/20000 loss 4.5497 | 16036 tok/s
  [mt_lnn     ] 19300/20000 loss 4.5682 | 15990 tok/s
  [mt_lnn     ] 19400/20000 loss 4.8083 | 13173 tok/s
  [mt_lnn     ] 19500/20000 loss 4.7508 | 12431 tok/s
  [mt_lnn] checkpoint saved at step 19500: /root/autodl-tmp/M1/scaling_fp32/converge_probe/checkpoints/train_mt_lnn_s1.pt
  [mt_lnn     ] 19600/20000 loss 3.8795 | 11921 tok/s
  [mt_lnn     ] 19700/20000 loss 4.6716 | 15957 tok/s
  [mt_lnn     ] 19800/20000 loss 4.3024 | 16002 tok/s
  [mt_lnn     ] 19900/20000 loss 4.5953 | 16077 tok/s
  [mt_lnn     ] 20000/20000 loss 4.7303 | 16007 tok/s
  [mt_lnn] checkpoint saved at step 20000: /root/autodl-tmp/M1/scaling_fp32/converge_probe/checkpoints/train_mt_lnn_s1.pt
  [mt_lnn] checkpoint saved at step 20000: /root/autodl-tmp/M1/scaling_fp32/converge_probe/checkpoints/train_mt_lnn_s1.pt


------------------------------------------------------------------------
=== mt_lnn (train, seed 2) ===
'[Errno 101] Network is unreachable' thrown while requesting HEAD https://huggingface.co/datasets/Salesforce/wikitext/resolve/b08601e04326c79dfdd32d625aee71d232d685c3/wikitext.py
Retrying in 1s [Retry 1/5].
Using the latest cached version of the dataset since Salesforce/wikitext couldn't be found on the Hugging Face Hub
Found the latest cached dataset configuration 'wikitext-103-raw-v1' at /root/.cache/huggingface/datasets/Salesforce___wikitext/wikitext-103-raw-v1/0.0.0/b08601e04326c79dfdd32d625aee71d232d685c3 (last modified on Tue Jul 14 21:17:11 2026).
    [tokenize train] 100000/1165029 rows, 10.2M tokens, 6s
    [tokenize train] 200000/1165029 rows, 20.4M tokens, 12s
    [tokenize train] 300000/1165029 rows, 30.7M tokens, 17s
    [tokenize train] 400000/1165029 rows, 40.9M tokens, 23s
[transformers] Token indices sequence length is longer than the specified maximum sequence length for this model (1063 > 1024). Running this sequence through the model will result in indexing errors
    [tokenize train] 500000/1165029 rows, 51.0M tokens, 28s
    [tokenize train] 600000/1165029 rows, 61.5M tokens, 34s
    [tokenize train] 700000/1165029 rows, 71.6M tokens, 39s
    [tokenize train] 800000/1165029 rows, 81.9M tokens, 45s
    [tokenize train] 900000/1165029 rows, 92.1M tokens, 50s
    [tokenize train] 1000000/1165029 rows, 102.4M tokens, 56s
    [tokenize train] 1100000/1165029 rows, 112.6M tokens, 62s
    [tokenize train] done: 119.1M tokens -> 232588 chunks of 512 (65s)
'[Errno 101] Network is unreachable' thrown while requesting HEAD https://huggingface.co/datasets/Salesforce/wikitext/resolve/b08601e04326c79dfdd32d625aee71d232d685c3/wikitext.py
Retrying in 1s [Retry 1/5].
Using the latest cached version of the dataset since Salesforce/wikitext couldn't be found on the Hugging Face Hub
Found the latest cached dataset configuration 'wikitext-103-raw-v1' at /root/.cache/huggingface/datasets/Salesforce___wikitext/wikitext-103-raw-v1/0.0.0/b08601e04326c79dfdd32d625aee71d232d685c3 (last modified on Tue Jul 14 21:17:11 2026).
    [tokenize test] done: 0.3M tokens -> 558 chunks of 512 (0s)
  [mt_lnn     ] 100/20000 loss 6.7703 | 13347 tok/s
  [mt_lnn     ] 200/20000 loss 6.5776 | 15919 tok/s
  [mt_lnn     ] 300/20000 loss 6.3830 | 15975 tok/s
  [mt_lnn     ] 400/20000 loss 6.3634 | 16050 tok/s
  [mt_lnn     ] 500/20000 loss 6.2206 | 15944 tok/s
  [mt_lnn] checkpoint saved at step 500: /root/autodl-tmp/M1/scaling_fp32/converge_probe/checkpoints/train_mt_lnn_s2.pt
  [mt_lnn     ] 600/20000 loss 6.0976 | 14999 tok/s
  [mt_lnn     ] 700/20000 loss 6.0236 | 14394 tok/s
  [mt_lnn     ] 800/20000 loss 6.0752 | 12359 tok/s
  [mt_lnn     ] 900/20000 loss 5.8888 | 12377 tok/s
  [mt_lnn     ] 1000/20000 loss 5.9861 | 12409 tok/s
  [mt_lnn] checkpoint saved at step 1000: /root/autodl-tmp/M1/scaling_fp32/converge_probe/checkpoints/train_mt_lnn_s2.pt
  [mt_lnn     ] 1100/20000 loss 5.7579 | 11432 tok/s
  [mt_lnn     ] 1200/20000 loss 5.6166 | 13439 tok/s
  [mt_lnn     ] 1300/20000 loss 5.9058 | 15916 tok/s
  [mt_lnn     ] 1400/20000 loss 5.8915 | 15948 tok/s
  [mt_lnn     ] 1500/20000 loss 5.8415 | 16009 tok/s
  [mt_lnn] checkpoint saved at step 1500: /root/autodl-tmp/M1/scaling_fp32/converge_probe/checkpoints/train_mt_lnn_s2.pt
  [mt_lnn     ] 1600/20000 loss 5.6926 | 14240 tok/s
  [mt_lnn     ] 1700/20000 loss 5.8753 | 16042 tok/s
  [mt_lnn     ] 1800/20000 loss 5.6022 | 15955 tok/s
  [mt_lnn     ] 1900/20000 loss 5.7515 | 16035 tok/s
  [mt_lnn     ] 2000/20000 loss 5.9043 | 15935 tok/s
  [mt_lnn] checkpoint saved at step 2000: /root/autodl-tmp/M1/scaling_fp32/converge_probe/checkpoints/train_mt_lnn_s2.pt
  [mt_lnn     ] 2100/20000 loss 5.3098 | 14215 tok/s
  [mt_lnn     ] 2200/20000 loss 5.4577 | 15996 tok/s
  [mt_lnn     ] 2300/20000 loss 5.3626 | 16028 tok/s
  [mt_lnn     ] 2400/20000 loss 5.7530 | 16013 tok/s
  [mt_lnn     ] 2500/20000 loss 5.3864 | 16062 tok/s
  [mt_lnn] checkpoint saved at step 2500: /root/autodl-tmp/M1/scaling_fp32/converge_probe/checkpoints/train_mt_lnn_s2.pt
  [mt_lnn     ] 2600/20000 loss 5.7340 | 14139 tok/s
  [mt_lnn     ] 2700/20000 loss 5.3007 | 15988 tok/s
  [mt_lnn     ] 2800/20000 loss 4.9018 | 16011 tok/s
  [mt_lnn     ] 2900/20000 loss 5.7650 | 16014 tok/s
  [mt_lnn     ] 3000/20000 loss 5.7436 | 15963 tok/s
  [mt_lnn] checkpoint saved at step 3000: /root/autodl-tmp/M1/scaling_fp32/converge_probe/checkpoints/train_mt_lnn_s2.pt
  [mt_lnn     ] 3100/20000 loss 5.5584 | 14154 tok/s
  [mt_lnn     ] 3200/20000 loss 5.8887 | 16033 tok/s
  [mt_lnn     ] 3300/20000 loss 5.3822 | 15995 tok/s
  [mt_lnn     ] 3400/20000 loss 5.3723 | 16015 tok/s
  [mt_lnn     ] 3500/20000 loss 5.1218 | 15984 tok/s
  [mt_lnn] checkpoint saved at step 3500: /root/autodl-tmp/M1/scaling_fp32/converge_probe/checkpoints/train_mt_lnn_s2.pt
  [mt_lnn     ] 3600/20000 loss 5.2966 | 14200 tok/s
  [mt_lnn     ] 3700/20000 loss 5.3879 | 16066 tok/s
  [mt_lnn     ] 3800/20000 loss 5.3900 | 16042 tok/s
  [mt_lnn     ] 3900/20000 loss 5.6972 | 16041 tok/s
  [mt_lnn     ] 4000/20000 loss 5.4644 | 15993 tok/s
  [mt_lnn] checkpoint saved at step 4000: /root/autodl-tmp/M1/scaling_fp32/converge_probe/checkpoints/train_mt_lnn_s2.pt
  [mt_lnn     ] 4100/20000 loss 5.0054 | 14181 tok/s
  [mt_lnn     ] 4200/20000 loss 5.4456 | 16024 tok/s
  [mt_lnn     ] 4300/20000 loss 5.0233 | 16053 tok/s
  [mt_lnn     ] 4400/20000 loss 5.1931 | 16033 tok/s
  [mt_lnn     ] 4500/20000 loss 5.1812 | 16015 tok/s
  [mt_lnn] checkpoint saved at step 4500: /root/autodl-tmp/M1/scaling_fp32/converge_probe/checkpoints/train_mt_lnn_s2.pt
  [mt_lnn     ] 4600/20000 loss 5.3251 | 14236 tok/s
  [mt_lnn     ] 4700/20000 loss 5.0811 | 15953 tok/s
  [mt_lnn     ] 4800/20000 loss 5.2422 | 16059 tok/s
  [mt_lnn     ] 4900/20000 loss 5.2448 | 15979 tok/s
  [mt_lnn     ] 5000/20000 loss 5.6213 | 15995 tok/s
  [mt_lnn] checkpoint saved at step 5000: /root/autodl-tmp/M1/scaling_fp32/converge_probe/checkpoints/train_mt_lnn_s2.pt
  [mt_lnn     ] 5100/20000 loss 5.1066 | 14208 tok/s
  [mt_lnn     ] 5200/20000 loss 5.1345 | 14242 tok/s
  [mt_lnn     ] 5300/20000 loss 5.1378 | 12571 tok/s
  [mt_lnn     ] 5400/20000 loss 5.2225 | 12588 tok/s
  [mt_lnn     ] 5500/20000 loss 5.4262 | 12622 tok/s
  [mt_lnn] checkpoint saved at step 5500: /root/autodl-tmp/M1/scaling_fp32/converge_probe/checkpoints/train_mt_lnn_s2.pt
  [mt_lnn     ] 5600/20000 loss 5.3944 | 10458 tok/s
  [mt_lnn     ] 5700/20000 loss 5.2227 | 11857 tok/s
  [mt_lnn     ] 5800/20000 loss 5.6061 | 12039 tok/s
  [mt_lnn     ] 5900/20000 loss 5.3977 | 12562 tok/s
  [mt_lnn     ] 6000/20000 loss 5.2347 | 12603 tok/s
  [mt_lnn] checkpoint saved at step 6000: /root/autodl-tmp/M1/scaling_fp32/converge_probe/checkpoints/train_mt_lnn_s2.pt
  [mt_lnn     ] 6100/20000 loss 5.0041 | 13041 tok/s
  [mt_lnn     ] 6200/20000 loss 5.4066 | 15968 tok/s
  [mt_lnn     ] 6300/20000 loss 5.1074 | 16028 tok/s
  [mt_lnn     ] 6400/20000 loss 5.1633 | 15981 tok/s
  [mt_lnn     ] 6500/20000 loss 4.7607 | 16067 tok/s
  [mt_lnn] checkpoint saved at step 6500: /root/autodl-tmp/M1/scaling_fp32/converge_probe/checkpoints/train_mt_lnn_s2.pt
  [mt_lnn     ] 6600/20000 loss 4.6788 | 14226 tok/s
  [mt_lnn     ] 6700/20000 loss 5.3558 | 15959 tok/s
  [mt_lnn     ] 6800/20000 loss 4.6351 | 15917 tok/s
  [mt_lnn     ] 6900/20000 loss 4.8554 | 16069 tok/s
  [mt_lnn     ] 7000/20000 loss 5.0802 | 15900 tok/s
  [mt_lnn] checkpoint saved at step 7000: /root/autodl-tmp/M1/scaling_fp32/converge_probe/checkpoints/train_mt_lnn_s2.pt
  [mt_lnn     ] 7100/20000 loss 5.1256 | 14197 tok/s
  [mt_lnn     ] 7200/20000 loss 5.2562 | 16045 tok/s
  [mt_lnn     ] 7300/20000 loss 5.4450 | 16006 tok/s
  [mt_lnn     ] 7400/20000 loss 5.0667 | 16009 tok/s
  [mt_lnn     ] 7500/20000 loss 5.3287 | 16031 tok/s
  [mt_lnn] checkpoint saved at step 7500: /root/autodl-tmp/M1/scaling_fp32/converge_probe/checkpoints/train_mt_lnn_s2.pt
  [mt_lnn     ] 7600/20000 loss 5.7454 | 11760 tok/s
  [mt_lnn     ] 7700/20000 loss 5.1825 | 15149 tok/s
  [mt_lnn     ] 7800/20000 loss 5.0634 | 15996 tok/s
  [mt_lnn     ] 7900/20000 loss 5.4147 | 16004 tok/s
  [mt_lnn     ] 8000/20000 loss 4.9198 | 16018 tok/s
  [mt_lnn] checkpoint saved at step 8000: /root/autodl-tmp/M1/scaling_fp32/converge_probe/checkpoints/train_mt_lnn_s2.pt
  [mt_lnn     ] 8100/20000 loss 4.6245 | 14244 tok/s
  [mt_lnn     ] 8200/20000 loss 5.2863 | 14544 tok/s
  [mt_lnn     ] 8300/20000 loss 4.8722 | 13262 tok/s
  [mt_lnn     ] 8400/20000 loss 5.4008 | 16032 tok/s
  [mt_lnn     ] 8500/20000 loss 5.0248 | 15944 tok/s
  [mt_lnn] checkpoint saved at step 8500: /root/autodl-tmp/M1/scaling_fp32/converge_probe/checkpoints/train_mt_lnn_s2.pt
  [mt_lnn     ] 8600/20000 loss 4.8974 | 14258 tok/s
  [mt_lnn     ] 8700/20000 loss 5.0256 | 15983 tok/s
  [mt_lnn     ] 8800/20000 loss 5.1841 | 15937 tok/s
  [mt_lnn     ] 8900/20000 loss 5.0005 | 16019 tok/s
  [mt_lnn     ] 9000/20000 loss 4.8812 | 15989 tok/s
  [mt_lnn] checkpoint saved at step 9000: /root/autodl-tmp/M1/scaling_fp32/converge_probe/checkpoints/train_mt_lnn_s2.pt
  [mt_lnn     ] 9100/20000 loss 4.8313 | 14196 tok/s
  [mt_lnn     ] 9200/20000 loss 4.8538 | 16039 tok/s
  [mt_lnn     ] 9300/20000 loss 5.2705 | 16034 tok/s
  [mt_lnn     ] 9400/20000 loss 4.5527 | 15994 tok/s
  [mt_lnn     ] 9500/20000 loss 4.4542 | 16008 tok/s
  [mt_lnn] checkpoint saved at step 9500: /root/autodl-tmp/M1/scaling_fp32/converge_probe/checkpoints/train_mt_lnn_s2.pt
  [mt_lnn     ] 9600/20000 loss 4.7371 | 14220 tok/s
  [mt_lnn     ] 9700/20000 loss 4.7265 | 16042 tok/s
  [mt_lnn     ] 9800/20000 loss 5.2003 | 16043 tok/s
  [mt_lnn     ] 9900/20000 loss 4.5850 | 16005 tok/s
  [mt_lnn     ] 10000/20000 loss 5.2294 | 16073 tok/s
  [mt_lnn] checkpoint saved at step 10000: /root/autodl-tmp/M1/scaling_fp32/converge_probe/checkpoints/train_mt_lnn_s2.pt
  [mt_lnn     ] 10100/20000 loss 4.5516 | 14250 tok/s
  [mt_lnn     ] 10200/20000 loss 5.1082 | 16058 tok/s
  [mt_lnn     ] 10300/20000 loss 4.8769 | 15936 tok/s
  [mt_lnn     ] 10400/20000 loss 4.5133 | 16029 tok/s
  [mt_lnn     ] 10500/20000 loss 4.7081 | 16053 tok/s
  [mt_lnn] checkpoint saved at step 10500: /root/autodl-tmp/M1/scaling_fp32/converge_probe/checkpoints/train_mt_lnn_s2.pt
  [mt_lnn     ] 10600/20000 loss 4.6867 | 11617 tok/s
  [mt_lnn     ] 10700/20000 loss 4.8663 | 12773 tok/s
  [mt_lnn     ] 10800/20000 loss 5.2003 | 15016 tok/s
  [mt_lnn     ] 10900/20000 loss 4.6128 | 15882 tok/s
  [mt_lnn     ] 11000/20000 loss 4.2203 | 14179 tok/s
  [mt_lnn] checkpoint saved at step 11000: /root/autodl-tmp/M1/scaling_fp32/converge_probe/checkpoints/train_mt_lnn_s2.pt
  [mt_lnn     ] 11100/20000 loss 5.2580 | 13831 tok/s
  [mt_lnn     ] 11200/20000 loss 5.3072 | 14948 tok/s
  [mt_lnn     ] 11300/20000 loss 5.0424 | 15835 tok/s
  [mt_lnn     ] 11400/20000 loss 4.5352 | 15961 tok/s
  [mt_lnn     ] 11500/20000 loss 4.9159 | 13704 tok/s
  [mt_lnn] checkpoint saved at step 11500: /root/autodl-tmp/M1/scaling_fp32/converge_probe/checkpoints/train_mt_lnn_s2.pt
  [mt_lnn     ] 11600/20000 loss 4.6461 | 13381 tok/s
  [mt_lnn     ] 11700/20000 loss 4.7888 | 13077 tok/s
  [mt_lnn     ] 11800/20000 loss 4.9680 | 12844 tok/s
  [mt_lnn     ] 11900/20000 loss 4.8507 | 15222 tok/s
  [mt_lnn     ] 12000/20000 loss 4.9101 | 15971 tok/s
  [mt_lnn] checkpoint saved at step 12000: /root/autodl-tmp/M1/scaling_fp32/converge_probe/checkpoints/train_mt_lnn_s2.pt
  [mt_lnn     ] 12100/20000 loss 4.2593 | 14045 tok/s
  [mt_lnn     ] 12200/20000 loss 4.7978 | 15896 tok/s
  [mt_lnn     ] 12300/20000 loss 4.7420 | 15892 tok/s
  [mt_lnn     ] 12400/20000 loss 4.5362 | 15888 tok/s
  [mt_lnn     ] 12500/20000 loss 4.6293 | 15890 tok/s
  [mt_lnn] checkpoint saved at step 12500: /root/autodl-tmp/M1/scaling_fp32/converge_probe/checkpoints/train_mt_lnn_s2.pt
  [mt_lnn     ] 12600/20000 loss 4.9371 | 14074 tok/s
  [mt_lnn     ] 12700/20000 loss 5.1683 | 15887 tok/s
  [mt_lnn     ] 12800/20000 loss 4.8359 | 15901 tok/s
  [mt_lnn     ] 12900/20000 loss 5.0542 | 15850 tok/s
  [mt_lnn     ] 13000/20000 loss 4.8223 | 15876 tok/s
  [mt_lnn] checkpoint saved at step 13000: /root/autodl-tmp/M1/scaling_fp32/converge_probe/checkpoints/train_mt_lnn_s2.pt
  [mt_lnn     ] 13100/20000 loss 4.9155 | 14102 tok/s
  [mt_lnn     ] 13200/20000 loss 4.3134 | 15932 tok/s
  [mt_lnn     ] 13300/20000 loss 4.2177 | 15889 tok/s
  [mt_lnn     ] 13400/20000 loss 4.7491 | 15913 tok/s
  [mt_lnn     ] 13500/20000 loss 5.1391 | 15867 tok/s
  [mt_lnn] checkpoint saved at step 13500: /root/autodl-tmp/M1/scaling_fp32/converge_probe/checkpoints/train_mt_lnn_s2.pt
  [mt_lnn     ] 13600/20000 loss 4.9342 | 14050 tok/s
  [mt_lnn     ] 13700/20000 loss 4.7650 | 15907 tok/s
  [mt_lnn     ] 13800/20000 loss 4.4947 | 15882 tok/s
  [mt_lnn     ] 13900/20000 loss 4.6825 | 15962 tok/s
  [mt_lnn     ] 14000/20000 loss 5.2082 | 15928 tok/s
  [mt_lnn] checkpoint saved at step 14000: /root/autodl-tmp/M1/scaling_fp32/converge_probe/checkpoints/train_mt_lnn_s2.pt
  [mt_lnn     ] 14100/20000 loss 4.5424 | 14116 tok/s
  [mt_lnn     ] 14200/20000 loss 4.8291 | 15912 tok/s
  [mt_lnn     ] 14300/20000 loss 4.8550 | 15871 tok/s
  [mt_lnn     ] 14400/20000 loss 4.4913 | 15810 tok/s
  [mt_lnn     ] 14500/20000 loss 4.6369 | 15955 tok/s
  [mt_lnn] checkpoint saved at step 14500: /root/autodl-tmp/M1/scaling_fp32/converge_probe/checkpoints/train_mt_lnn_s2.pt
  [mt_lnn     ] 14600/20000 loss 4.6187 | 14051 tok/s
  [mt_lnn     ] 14700/20000 loss 4.3589 | 15945 tok/s
  [mt_lnn     ] 14800/20000 loss 4.5726 | 13965 tok/s
  [mt_lnn     ] 14900/20000 loss 5.1870 | 12428 tok/s
  [mt_lnn     ] 15000/20000 loss 4.8243 | 12661 tok/s
  [mt_lnn] checkpoint saved at step 15000: /root/autodl-tmp/M1/scaling_fp32/converge_probe/checkpoints/train_mt_lnn_s2.pt
  [mt_lnn     ] 15100/20000 loss 4.9182 | 14146 tok/s
  [mt_lnn     ] 15200/20000 loss 4.8908 | 15847 tok/s
  [mt_lnn     ] 15300/20000 loss 4.5543 | 15919 tok/s
  [mt_lnn     ] 15400/20000 loss 4.4400 | 15969 tok/s
  [mt_lnn     ] 15500/20000 loss 4.8335 | 15959 tok/s
  [mt_lnn] checkpoint saved at step 15500: /root/autodl-tmp/M1/scaling_fp32/converge_probe/checkpoints/train_mt_lnn_s2.pt
  [mt_lnn     ] 15600/20000 loss 4.8652 | 13991 tok/s
  [mt_lnn     ] 15700/20000 loss 5.1487 | 15845 tok/s
  [mt_lnn     ] 15800/20000 loss 4.7697 | 15953 tok/s
  [mt_lnn     ] 15900/20000 loss 4.6660 | 15944 tok/s
  [mt_lnn     ] 16000/20000 loss 5.0220 | 15846 tok/s
  [mt_lnn] checkpoint saved at step 16000: /root/autodl-tmp/M1/scaling_fp32/converge_probe/checkpoints/train_mt_lnn_s2.pt
  [mt_lnn     ] 16100/20000 loss 4.7343 | 14029 tok/s
  [mt_lnn     ] 16200/20000 loss 4.6828 | 15910 tok/s
  [mt_lnn     ] 16300/20000 loss 4.2869 | 15887 tok/s
  [mt_lnn     ] 16400/20000 loss 4.6054 | 15871 tok/s
  [mt_lnn     ] 16500/20000 loss 4.3796 | 15896 tok/s
  [mt_lnn] checkpoint saved at step 16500: /root/autodl-tmp/M1/scaling_fp32/converge_probe/checkpoints/train_mt_lnn_s2.pt
  [mt_lnn     ] 16600/20000 loss 4.5774 | 14098 tok/s
  [mt_lnn     ] 16700/20000 loss 4.7200 | 15805 tok/s
  [mt_lnn     ] 16800/20000 loss 5.0753 | 15868 tok/s
  [mt_lnn     ] 16900/20000 loss 4.4907 | 15919 tok/s
  [mt_lnn     ] 17000/20000 loss 4.8569 | 15942 tok/s
  [mt_lnn] checkpoint saved at step 17000: /root/autodl-tmp/M1/scaling_fp32/converge_probe/checkpoints/train_mt_lnn_s2.pt
  [mt_lnn     ] 17100/20000 loss 4.7738 | 13883 tok/s
  [mt_lnn     ] 17200/20000 loss 4.8297 | 15779 tok/s
  [mt_lnn     ] 17300/20000 loss 4.5886 | 15815 tok/s
  [mt_lnn     ] 17400/20000 loss 4.0112 | 15879 tok/s
  [mt_lnn     ] 17500/20000 loss 4.3650 | 15846 tok/s
  [mt_lnn] checkpoint saved at step 17500: /root/autodl-tmp/M1/scaling_fp32/converge_probe/checkpoints/train_mt_lnn_s2.pt
  [mt_lnn     ] 17600/20000 loss 4.8194 | 13982 tok/s
  [mt_lnn     ] 17700/20000 loss 4.8586 | 15829 tok/s
  [mt_lnn     ] 17800/20000 loss 3.5415 | 15891 tok/s
  [mt_lnn     ] 17900/20000 loss 4.4582 | 15921 tok/s
  [mt_lnn     ] 18000/20000 loss 4.7622 | 15743 tok/s
  [mt_lnn] checkpoint saved at step 18000: /root/autodl-tmp/M1/scaling_fp32/converge_probe/checkpoints/train_mt_lnn_s2.pt
  [mt_lnn     ] 18100/20000 loss 5.0628 | 12102 tok/s
  [mt_lnn     ] 18200/20000 loss 4.8515 | 15310 tok/s
  [mt_lnn     ] 18300/20000 loss 4.9522 | 15301 tok/s
  [mt_lnn     ] 18400/20000 loss 4.5244 | 14077 tok/s
  [mt_lnn     ] 18500/20000 loss 4.7846 | 15892 tok/s
  [mt_lnn] checkpoint saved at step 18500: /root/autodl-tmp/M1/scaling_fp32/converge_probe/checkpoints/train_mt_lnn_s2.pt
  [mt_lnn     ] 18600/20000 loss 4.6513 | 13929 tok/s
  [mt_lnn     ] 18700/20000 loss 4.6982 | 15882 tok/s
  [mt_lnn     ] 18800/20000 loss 4.6246 | 15885 tok/s
  [mt_lnn     ] 18900/20000 loss 4.9042 | 15920 tok/s
  [mt_lnn     ] 19000/20000 loss 4.1520 | 15882 tok/s
  [mt_lnn] checkpoint saved at step 19000: /root/autodl-tmp/M1/scaling_fp32/converge_probe/checkpoints/train_mt_lnn_s2.pt
  [mt_lnn     ] 19100/20000 loss 4.9892 | 13972 tok/s
  [mt_lnn     ] 19200/20000 loss 4.4325 | 15815 tok/s
  [mt_lnn     ] 19300/20000 loss 4.9148 | 15858 tok/s
  [mt_lnn     ] 19400/20000 loss 4.5392 | 13714 tok/s
  [mt_lnn     ] 19500/20000 loss 4.5981 | 14995 tok/s
  [mt_lnn] checkpoint saved at step 19500: /root/autodl-tmp/M1/scaling_fp32/converge_probe/checkpoints/train_mt_lnn_s2.pt
  [mt_lnn     ] 19600/20000 loss 5.0377 | 12477 tok/s
  [mt_lnn     ] 19700/20000 loss 4.8355 | 15918 tok/s
  [mt_lnn     ] 19800/20000 loss 4.7870 | 15927 tok/s
  [mt_lnn     ] 19900/20000 loss 5.1129 | 15930 tok/s
  [mt_lnn     ] 20000/20000 loss 4.5012 | 15873 tok/s
  [mt_lnn] checkpoint saved at step 20000: /root/autodl-tmp/M1/scaling_fp32/converge_probe/checkpoints/train_mt_lnn_s2.pt
  [mt_lnn] checkpoint saved at step 20000: /root/autodl-tmp/M1/scaling_fp32/converge_probe/checkpoints/train_mt_lnn_s2.pt


========================================================================
SCALING TRAIN | WikiText-103 | 20000 steps | seeds [1, 2]
arch               params  stable     val_ppl (mean卤std)   n
mt_lnn        126,041,819    True       88.75 卤 0.19      2
=======================================================================
