========================================================================
SCALING TRAIN | WikiText-103 | 20000 steps | arch transformer | extracted log
Source: E:\M1\scaling_fp32\converge_probe_mtlnn.log
Generated: 2026-07-19 23:14:52 +08:00
========================================================================


------------------------------------------------------------------------
=== transformer (train, seed 0) ===
'[Errno 101] Network is unreachable' thrown while requesting HEAD https://huggingface.co/datasets/Salesforce/wikitext/resolve/b08601e04326c79dfdd32d625aee71d232d685c3/wikitext.py
Retrying in 1s [Retry 1/5].
Using the latest cached version of the dataset since Salesforce/wikitext couldn't be found on the Hugging Face Hub
Found the latest cached dataset configuration 'wikitext-103-raw-v1' at /root/.cache/huggingface/datasets/Salesforce___wikitext/wikitext-103-raw-v1/0.0.0/b08601e04326c79dfdd32d625aee71d232d685c3 (last modified on Tue Jul 14 21:17:11 2026).
    [tokenize train] 100000/1165029 rows, 10.2M tokens, 5s
    [tokenize train] 200000/1165029 rows, 20.4M tokens, 10s
    [tokenize train] 300000/1165029 rows, 30.7M tokens, 15s
    [tokenize train] 400000/1165029 rows, 40.9M tokens, 20s
[transformers] Token indices sequence length is longer than the specified maximum sequence length for this model (1063 > 1024). Running this sequence through the model will result in indexing errors
    [tokenize train] 500000/1165029 rows, 51.0M tokens, 25s
    [tokenize train] 600000/1165029 rows, 61.5M tokens, 30s
    [tokenize train] 700000/1165029 rows, 71.6M tokens, 35s
    [tokenize train] 800000/1165029 rows, 81.9M tokens, 40s
    [tokenize train] 900000/1165029 rows, 92.1M tokens, 45s
    [tokenize train] 1000000/1165029 rows, 102.4M tokens, 50s
    [tokenize train] 1100000/1165029 rows, 112.6M tokens, 56s
    [tokenize train] done: 119.1M tokens -> 232588 chunks of 512 (59s)
'[Errno 101] Network is unreachable' thrown while requesting HEAD https://huggingface.co/datasets/Salesforce/wikitext/resolve/b08601e04326c79dfdd32d625aee71d232d685c3/wikitext.py
Retrying in 1s [Retry 1/5].
Using the latest cached version of the dataset since Salesforce/wikitext couldn't be found on the Hugging Face Hub
Found the latest cached dataset configuration 'wikitext-103-raw-v1' at /root/.cache/huggingface/datasets/Salesforce___wikitext/wikitext-103-raw-v1/0.0.0/b08601e04326c79dfdd32d625aee71d232d685c3 (last modified on Tue Jul 14 21:17:11 2026).
    [tokenize test] done: 0.3M tokens -> 558 chunks of 512 (0s)
  [transformer] 100/20000 loss 7.0874 | 21636 tok/s
  [transformer] 200/20000 loss 6.7562 | 21639 tok/s
  [transformer] 300/20000 loss 6.3799 | 21482 tok/s
  [transformer] 400/20000 loss 6.5023 | 21467 tok/s
  [transformer] 500/20000 loss 6.3216 | 21315 tok/s
  [transformer] checkpoint saved at step 500: /root/autodl-tmp/M1/scaling_fp32/converge_probe/checkpoints/train_transformer_s0.pt
  [transformer] 600/20000 loss 6.3994 | 18988 tok/s
  [transformer] 700/20000 loss 6.1031 | 21165 tok/s
  [transformer] 800/20000 loss 5.9695 | 21157 tok/s
  [transformer] 900/20000 loss 6.2591 | 21263 tok/s
  [transformer] 1000/20000 loss 6.1037 | 21215 tok/s
  [transformer] checkpoint saved at step 1000: /root/autodl-tmp/M1/scaling_fp32/converge_probe/checkpoints/train_transformer_s0.pt
  [transformer] 1100/20000 loss 6.0035 | 17533 tok/s
  [transformer] 1200/20000 loss 6.2042 | 21131 tok/s
  [transformer] 1300/20000 loss 6.1626 | 21260 tok/s
  [transformer] 1400/20000 loss 6.2146 | 21101 tok/s
  [transformer] 1500/20000 loss 6.0360 | 20959 tok/s
  [transformer] checkpoint saved at step 1500: /root/autodl-tmp/M1/scaling_fp32/converge_probe/checkpoints/train_transformer_s0.pt
  [transformer] 1600/20000 loss 6.1755 | 17497 tok/s
  [transformer] 1700/20000 loss 6.1349 | 21282 tok/s
  [transformer] 1800/20000 loss 6.2877 | 21280 tok/s
  [transformer] 1900/20000 loss 6.1117 | 21283 tok/s
  [transformer] 2000/20000 loss 5.8547 | 21246 tok/s
  [transformer] checkpoint saved at step 2000: /root/autodl-tmp/M1/scaling_fp32/converge_probe/checkpoints/train_transformer_s0.pt
  [transformer] 2100/20000 loss 6.1516 | 17433 tok/s
  [transformer] 2200/20000 loss 5.5008 | 21190 tok/s
  [transformer] 2300/20000 loss 5.8793 | 21055 tok/s
  [transformer] 2400/20000 loss 5.9215 | 21056 tok/s
  [transformer] 2500/20000 loss 6.2870 | 21134 tok/s
  [transformer] checkpoint saved at step 2500: /root/autodl-tmp/M1/scaling_fp32/converge_probe/checkpoints/train_transformer_s0.pt
  [transformer] 2600/20000 loss 5.6727 | 17328 tok/s
  [transformer] 2700/20000 loss 5.8324 | 20955 tok/s
  [transformer] 2800/20000 loss 5.7478 | 21062 tok/s
  [transformer] 2900/20000 loss 5.3306 | 21135 tok/s
  [transformer] 3000/20000 loss 5.6561 | 21160 tok/s
  [transformer] checkpoint saved at step 3000: /root/autodl-tmp/M1/scaling_fp32/converge_probe/checkpoints/train_transformer_s0.pt
  [transformer] 3100/20000 loss 5.8177 | 17327 tok/s
  [transformer] 3200/20000 loss 6.1689 | 21044 tok/s
  [transformer] 3300/20000 loss 6.1376 | 21100 tok/s
  [transformer] 3400/20000 loss 5.4741 | 21127 tok/s
  [transformer] 3500/20000 loss 6.0226 | 21132 tok/s
  [transformer] checkpoint saved at step 3500: /root/autodl-tmp/M1/scaling_fp32/converge_probe/checkpoints/train_transformer_s0.pt
  [transformer] 3600/20000 loss 5.4697 | 17508 tok/s
  [transformer] 3700/20000 loss 5.4582 | 21245 tok/s
  [transformer] 3800/20000 loss 5.5096 | 21141 tok/s
  [transformer] 3900/20000 loss 5.4665 | 21242 tok/s
  [transformer] 4000/20000 loss 5.9377 | 21089 tok/s
  [transformer] checkpoint saved at step 4000: /root/autodl-tmp/M1/scaling_fp32/converge_probe/checkpoints/train_transformer_s0.pt
  [transformer] 4100/20000 loss 5.9300 | 17627 tok/s
  [transformer] 4200/20000 loss 5.5330 | 21321 tok/s
  [transformer] 4300/20000 loss 5.5400 | 21293 tok/s
  [transformer] 4400/20000 loss 5.7953 | 21325 tok/s
  [transformer] 4500/20000 loss 5.5597 | 21319 tok/s
  [transformer] checkpoint saved at step 4500: /root/autodl-tmp/M1/scaling_fp32/converge_probe/checkpoints/train_transformer_s0.pt
  [transformer] 4600/20000 loss 5.8091 | 17566 tok/s
  [transformer] 4700/20000 loss 5.6693 | 21095 tok/s
  [transformer] 4800/20000 loss 5.4892 | 21268 tok/s
  [transformer] 4900/20000 loss 5.1318 | 21229 tok/s
  [transformer] 5000/20000 loss 5.3013 | 21242 tok/s
  [transformer] checkpoint saved at step 5000: /root/autodl-tmp/M1/scaling_fp32/converge_probe/checkpoints/train_transformer_s0.pt
  [transformer] 5100/20000 loss 5.7718 | 17391 tok/s
  [transformer] 5200/20000 loss 5.5215 | 21132 tok/s
  [transformer] 5300/20000 loss 5.4095 | 21148 tok/s
  [transformer] 5400/20000 loss 5.0573 | 21039 tok/s
  [transformer] 5500/20000 loss 5.5600 | 21023 tok/s
  [transformer] checkpoint saved at step 5500: /root/autodl-tmp/M1/scaling_fp32/converge_probe/checkpoints/train_transformer_s0.pt
  [transformer] 5600/20000 loss 5.3571 | 17615 tok/s
  [transformer] 5700/20000 loss 5.6716 | 21288 tok/s
  [transformer] 5800/20000 loss 5.6267 | 21122 tok/s
  [transformer] 5900/20000 loss 5.4179 | 21151 tok/s
  [transformer] 6000/20000 loss 5.3836 | 21311 tok/s
  [transformer] checkpoint saved at step 6000: /root/autodl-tmp/M1/scaling_fp32/converge_probe/checkpoints/train_transformer_s0.pt
  [transformer] 6100/20000 loss 5.2346 | 17528 tok/s
  [transformer] 6200/20000 loss 5.4779 | 21220 tok/s
  [transformer] 6300/20000 loss 5.4152 | 21106 tok/s
  [transformer] 6400/20000 loss 5.8747 | 21173 tok/s
  [transformer] 6500/20000 loss 5.1145 | 21221 tok/s
  [transformer] checkpoint saved at step 6500: /root/autodl-tmp/M1/scaling_fp32/converge_probe/checkpoints/train_transformer_s0.pt
  [transformer] 6600/20000 loss 5.1953 | 17433 tok/s
  [transformer] 6700/20000 loss 5.2639 | 20941 tok/s
  [transformer] 6800/20000 loss 5.0844 | 21135 tok/s
  [transformer] 6900/20000 loss 5.3703 | 21125 tok/s
  [transformer] 7000/20000 loss 5.2387 | 21025 tok/s
  [transformer] checkpoint saved at step 7000: /root/autodl-tmp/M1/scaling_fp32/converge_probe/checkpoints/train_transformer_s0.pt
  [transformer] 7100/20000 loss 5.1152 | 17461 tok/s
  [transformer] 7200/20000 loss 5.1288 | 21081 tok/s
  [transformer] 7300/20000 loss 4.7769 | 21025 tok/s
  [transformer] 7400/20000 loss 5.0355 | 21131 tok/s
  [transformer] 7500/20000 loss 5.8300 | 21128 tok/s
  [transformer] checkpoint saved at step 7500: /root/autodl-tmp/M1/scaling_fp32/converge_probe/checkpoints/train_transformer_s0.pt
  [transformer] 7600/20000 loss 5.1191 | 17423 tok/s
  [transformer] 7700/20000 loss 4.9499 | 21139 tok/s
  [transformer] 7800/20000 loss 5.5662 | 21070 tok/s
  [transformer] 7900/20000 loss 5.0956 | 21139 tok/s
  [transformer] 8000/20000 loss 4.8311 | 21058 tok/s
  [transformer] checkpoint saved at step 8000: /root/autodl-tmp/M1/scaling_fp32/converge_probe/checkpoints/train_transformer_s0.pt
  [transformer] 8100/20000 loss 5.0959 | 17370 tok/s
  [transformer] 8200/20000 loss 4.6651 | 21179 tok/s
  [transformer] 8300/20000 loss 4.8244 | 21324 tok/s
  [transformer] 8400/20000 loss 5.6337 | 21321 tok/s
  [transformer] 8500/20000 loss 5.3081 | 21266 tok/s
  [transformer] checkpoint saved at step 8500: /root/autodl-tmp/M1/scaling_fp32/converge_probe/checkpoints/train_transformer_s0.pt
  [transformer] 8600/20000 loss 5.1618 | 17297 tok/s
  [transformer] 8700/20000 loss 5.0651 | 21163 tok/s
  [transformer] 8800/20000 loss 4.8567 | 21254 tok/s
  [transformer] 8900/20000 loss 5.2259 | 21113 tok/s
  [transformer] 9000/20000 loss 4.6183 | 21252 tok/s
  [transformer] checkpoint saved at step 9000: /root/autodl-tmp/M1/scaling_fp32/converge_probe/checkpoints/train_transformer_s0.pt
  [transformer] 9100/20000 loss 5.2427 | 17382 tok/s
  [transformer] 9200/20000 loss 5.3355 | 21128 tok/s
  [transformer] 9300/20000 loss 5.1411 | 21015 tok/s
  [transformer] 9400/20000 loss 5.0857 | 21117 tok/s
  [transformer] 9500/20000 loss 5.0665 | 21001 tok/s
  [transformer] checkpoint saved at step 9500: /root/autodl-tmp/M1/scaling_fp32/converge_probe/checkpoints/train_transformer_s0.pt
  [transformer] 9600/20000 loss 5.1397 | 17348 tok/s
  [transformer] 9700/20000 loss 5.3766 | 21071 tok/s
  [transformer] 9800/20000 loss 5.0662 | 21108 tok/s
  [transformer] 9900/20000 loss 5.2128 | 21180 tok/s
  [transformer] 10000/20000 loss 4.8539 | 21215 tok/s
  [transformer] checkpoint saved at step 10000: /root/autodl-tmp/M1/scaling_fp32/converge_probe/checkpoints/train_transformer_s0.pt
  [transformer] 10100/20000 loss 5.2208 | 17450 tok/s
  [transformer] 10200/20000 loss 5.1245 | 21065 tok/s
  [transformer] 10300/20000 loss 5.3389 | 21104 tok/s
  [transformer] 10400/20000 loss 4.4698 | 21220 tok/s
  [transformer] 10500/20000 loss 4.7294 | 21116 tok/s
  [transformer] checkpoint saved at step 10500: /root/autodl-tmp/M1/scaling_fp32/converge_probe/checkpoints/train_transformer_s0.pt
  [transformer] 10600/20000 loss 5.3812 | 17306 tok/s
  [transformer] 10700/20000 loss 5.2246 | 21070 tok/s
  [transformer] 10800/20000 loss 5.0693 | 21083 tok/s
  [transformer] 10900/20000 loss 4.9493 | 21127 tok/s
  [transformer] 11000/20000 loss 5.0543 | 21205 tok/s
  [transformer] checkpoint saved at step 11000: /root/autodl-tmp/M1/scaling_fp32/converge_probe/checkpoints/train_transformer_s0.pt
  [transformer] 11100/20000 loss 4.6853 | 17454 tok/s
  [transformer] 11200/20000 loss 5.1442 | 21094 tok/s
  [transformer] 11300/20000 loss 4.8088 | 21039 tok/s
  [transformer] 11400/20000 loss 5.2889 | 21043 tok/s
  [transformer] 11500/20000 loss 5.1729 | 21162 tok/s
  [transformer] checkpoint saved at step 11500: /root/autodl-tmp/M1/scaling_fp32/converge_probe/checkpoints/train_transformer_s0.pt
  [transformer] 11600/20000 loss 4.9101 | 17486 tok/s
  [transformer] 11700/20000 loss 4.9217 | 21173 tok/s
  [transformer] 11800/20000 loss 5.0828 | 21100 tok/s
  [transformer] 11900/20000 loss 5.0626 | 21162 tok/s
  [transformer] 12000/20000 loss 4.9456 | 21109 tok/s
  [transformer] checkpoint saved at step 12000: /root/autodl-tmp/M1/scaling_fp32/converge_probe/checkpoints/train_transformer_s0.pt
  [transformer] 12100/20000 loss 5.3335 | 17339 tok/s
  [transformer] 12200/20000 loss 4.9226 | 21118 tok/s
  [transformer] 12300/20000 loss 5.2553 | 21130 tok/s
  [transformer] 12400/20000 loss 4.8971 | 21254 tok/s
  [transformer] 12500/20000 loss 4.4097 | 21116 tok/s
  [transformer] checkpoint saved at step 12500: /root/autodl-tmp/M1/scaling_fp32/converge_probe/checkpoints/train_transformer_s0.pt
  [transformer] 12600/20000 loss 5.1836 | 17549 tok/s
  [transformer] 12700/20000 loss 5.0577 | 21281 tok/s
  [transformer] 12800/20000 loss 4.4773 | 21297 tok/s
  [transformer] 12900/20000 loss 5.4988 | 21290 tok/s
  [transformer] 13000/20000 loss 4.7065 | 21269 tok/s
  [transformer] checkpoint saved at step 13000: /root/autodl-tmp/M1/scaling_fp32/converge_probe/checkpoints/train_transformer_s0.pt
  [transformer] 13100/20000 loss 4.7918 | 17227 tok/s
  [transformer] 13200/20000 loss 4.3770 | 21000 tok/s
  [transformer] 13300/20000 loss 4.9062 | 21129 tok/s
  [transformer] 13400/20000 loss 5.1193 | 21114 tok/s
  [transformer] 13500/20000 loss 4.7282 | 21131 tok/s
  [transformer] checkpoint saved at step 13500: /root/autodl-tmp/M1/scaling_fp32/converge_probe/checkpoints/train_transformer_s0.pt
  [transformer] 13600/20000 loss 5.1107 | 17189 tok/s
  [transformer] 13700/20000 loss 4.4629 | 21280 tok/s
  [transformer] 13800/20000 loss 4.7275 | 21249 tok/s
  [transformer] 13900/20000 loss 4.8883 | 21218 tok/s
  [transformer] 14000/20000 loss 5.6128 | 21236 tok/s
  [transformer] checkpoint saved at step 14000: /root/autodl-tmp/M1/scaling_fp32/converge_probe/checkpoints/train_transformer_s0.pt
  [transformer] 14100/20000 loss 5.0775 | 17570 tok/s
  [transformer] 14200/20000 loss 5.1160 | 21249 tok/s
  [transformer] 14300/20000 loss 4.0441 | 21261 tok/s
  [transformer] 14400/20000 loss 5.0315 | 21257 tok/s
  [transformer] 14500/20000 loss 5.0590 | 21237 tok/s
  [transformer] checkpoint saved at step 14500: /root/autodl-tmp/M1/scaling_fp32/converge_probe/checkpoints/train_transformer_s0.pt
  [transformer] 14600/20000 loss 4.9568 | 17547 tok/s
  [transformer] 14700/20000 loss 4.6747 | 21112 tok/s
  [transformer] 14800/20000 loss 4.7119 | 21021 tok/s
  [transformer] 14900/20000 loss 4.9586 | 21104 tok/s
  [transformer] 15000/20000 loss 5.0880 | 21087 tok/s
  [transformer] checkpoint saved at step 15000: /root/autodl-tmp/M1/scaling_fp32/converge_probe/checkpoints/train_transformer_s0.pt
  [transformer] 15100/20000 loss 4.7335 | 17372 tok/s
  [transformer] 15200/20000 loss 5.3202 | 21045 tok/s
  [transformer] 15300/20000 loss 4.6868 | 20974 tok/s
  [transformer] 15400/20000 loss 4.9030 | 21153 tok/s
  [transformer] 15500/20000 loss 5.1416 | 21141 tok/s
  [transformer] checkpoint saved at step 15500: /root/autodl-tmp/M1/scaling_fp32/converge_probe/checkpoints/train_transformer_s0.pt
  [transformer] 15600/20000 loss 4.8520 | 17397 tok/s
  [transformer] 15700/20000 loss 4.5268 | 21192 tok/s
  [transformer] 15800/20000 loss 4.4044 | 21045 tok/s
  [transformer] 15900/20000 loss 4.7114 | 21121 tok/s
  [transformer] 16000/20000 loss 4.8741 | 21251 tok/s
  [transformer] checkpoint saved at step 16000: /root/autodl-tmp/M1/scaling_fp32/converge_probe/checkpoints/train_transformer_s0.pt
  [transformer] 16100/20000 loss 4.3304 | 17443 tok/s
  [transformer] 16200/20000 loss 4.8742 | 21133 tok/s
  [transformer] 16300/20000 loss 4.7441 | 21108 tok/s
  [transformer] 16400/20000 loss 4.8136 | 21119 tok/s
  [transformer] 16500/20000 loss 5.1100 | 21125 tok/s
  [transformer] checkpoint saved at step 16500: /root/autodl-tmp/M1/scaling_fp32/converge_probe/checkpoints/train_transformer_s0.pt
  [transformer] 16600/20000 loss 5.0220 | 17557 tok/s
  [transformer] 16700/20000 loss 5.2621 | 21126 tok/s
  [transformer] 16800/20000 loss 4.6610 | 21000 tok/s
  [transformer] 16900/20000 loss 4.7566 | 21272 tok/s
  [transformer] 17000/20000 loss 4.8421 | 21237 tok/s
  [transformer] checkpoint saved at step 17000: /root/autodl-tmp/M1/scaling_fp32/converge_probe/checkpoints/train_transformer_s0.pt
  [transformer] 17100/20000 loss 5.1612 | 17359 tok/s
  [transformer] 17200/20000 loss 5.1233 | 21079 tok/s
  [transformer] 17300/20000 loss 5.2338 | 21150 tok/s
  [transformer] 17400/20000 loss 4.7644 | 21065 tok/s
  [transformer] 17500/20000 loss 4.9598 | 21100 tok/s
  [transformer] checkpoint saved at step 17500: /root/autodl-tmp/M1/scaling_fp32/converge_probe/checkpoints/train_transformer_s0.pt
  [transformer] 17600/20000 loss 4.4915 | 17302 tok/s
  [transformer] 17700/20000 loss 5.0281 | 21183 tok/s
  [transformer] 17800/20000 loss 4.5217 | 21222 tok/s
  [transformer] 17900/20000 loss 4.1525 | 21216 tok/s
  [transformer] 18000/20000 loss 4.3137 | 21237 tok/s
  [transformer] checkpoint saved at step 18000: /root/autodl-tmp/M1/scaling_fp32/converge_probe/checkpoints/train_transformer_s0.pt
  [transformer] 18100/20000 loss 4.9190 | 17517 tok/s
  [transformer] 18200/20000 loss 4.8534 | 21249 tok/s
  [transformer] 18300/20000 loss 4.7928 | 21253 tok/s
  [transformer] 18400/20000 loss 4.8270 | 21137 tok/s
  [transformer] 18500/20000 loss 4.5117 | 21230 tok/s
  [transformer] checkpoint saved at step 18500: /root/autodl-tmp/M1/scaling_fp32/converge_probe/checkpoints/train_transformer_s0.pt
  [transformer] 18600/20000 loss 4.9470 | 17290 tok/s
  [transformer] 18700/20000 loss 4.8493 | 21118 tok/s
  [transformer] 18800/20000 loss 5.0090 | 21195 tok/s
  [transformer] 18900/20000 loss 4.9429 | 21033 tok/s
  [transformer] 19000/20000 loss 4.5535 | 21122 tok/s
  [transformer] checkpoint saved at step 19000: /root/autodl-tmp/M1/scaling_fp32/converge_probe/checkpoints/train_transformer_s0.pt
  [transformer] 19100/20000 loss 4.4824 | 17371 tok/s
  [transformer] 19200/20000 loss 5.0104 | 21315 tok/s
  [transformer] 19300/20000 loss 4.1901 | 21264 tok/s
  [transformer] 19400/20000 loss 4.5857 | 21155 tok/s
  [transformer] 19500/20000 loss 4.6970 | 21255 tok/s
  [transformer] checkpoint saved at step 19500: /root/autodl-tmp/M1/scaling_fp32/converge_probe/checkpoints/train_transformer_s0.pt
  [transformer] 19600/20000 loss 4.7897 | 17595 tok/s
  [transformer] 19700/20000 loss 4.5390 | 21296 tok/s
  [transformer] 19800/20000 loss 4.7783 | 21280 tok/s
  [transformer] 19900/20000 loss 4.5041 | 21263 tok/s
  [transformer] 20000/20000 loss 4.6914 | 21254 tok/s
  [transformer] checkpoint saved at step 20000: /root/autodl-tmp/M1/scaling_fp32/converge_probe/checkpoints/train_transformer_s0.pt
  [transformer] checkpoint saved at step 20000: /root/autodl-tmp/M1/scaling_fp32/converge_probe/checkpoints/train_transformer_s0.pt

========================================================================
SCALING TRAIN | WikiText-103 | 20000 steps | seeds [0]
arch               params  stable     val_ppl (mean卤std)   n
mt_lnn        126,041,819    True       89.28 卤 0.00      1
transformer   142,051,520    True       94.63 卤 0.00      1

=======================================================================
BEGIN converge_probe_s12.log | seeds 1,2
=======================================================================
device=cuda dtype=torch.float32 mode=train d_model=832 n_layers=12 archs=['mt_lnn', 'transformer']


------------------------------------------------------------------------
=== transformer (train, seed 1) ===
'[Errno 101] Network is unreachable' thrown while requesting HEAD https://huggingface.co/datasets/Salesforce/wikitext/resolve/b08601e04326c79dfdd32d625aee71d232d685c3/wikitext.py
Retrying in 1s [Retry 1/5].
Using the latest cached version of the dataset since Salesforce/wikitext couldn't be found on the Hugging Face Hub
Found the latest cached dataset configuration 'wikitext-103-raw-v1' at /root/.cache/huggingface/datasets/Salesforce___wikitext/wikitext-103-raw-v1/0.0.0/b08601e04326c79dfdd32d625aee71d232d685c3 (last modified on Tue Jul 14 21:17:11 2026).
    [tokenize train] 100000/1165029 rows, 10.2M tokens, 6s
    [tokenize train] 200000/1165029 rows, 20.4M tokens, 11s
    [tokenize train] 300000/1165029 rows, 30.7M tokens, 17s
    [tokenize train] 400000/1165029 rows, 40.9M tokens, 22s
[transformers] Token indices sequence length is longer than the specified maximum sequence length for this model (1063 > 1024). Running this sequence through the model will result in indexing errors
    [tokenize train] 500000/1165029 rows, 51.0M tokens, 27s
    [tokenize train] 600000/1165029 rows, 61.5M tokens, 33s
    [tokenize train] 700000/1165029 rows, 71.6M tokens, 38s
    [tokenize train] 800000/1165029 rows, 81.9M tokens, 44s
    [tokenize train] 900000/1165029 rows, 92.1M tokens, 49s
    [tokenize train] 1000000/1165029 rows, 102.4M tokens, 54s
    [tokenize train] 1100000/1165029 rows, 112.6M tokens, 60s
    [tokenize train] done: 119.1M tokens -> 232588 chunks of 512 (63s)
'[Errno 101] Network is unreachable' thrown while requesting HEAD https://huggingface.co/datasets/Salesforce/wikitext/resolve/b08601e04326c79dfdd32d625aee71d232d685c3/wikitext.py
Retrying in 1s [Retry 1/5].
Using the latest cached version of the dataset since Salesforce/wikitext couldn't be found on the Hugging Face Hub
Found the latest cached dataset configuration 'wikitext-103-raw-v1' at /root/.cache/huggingface/datasets/Salesforce___wikitext/wikitext-103-raw-v1/0.0.0/b08601e04326c79dfdd32d625aee71d232d685c3 (last modified on Tue Jul 14 21:17:11 2026).
    [tokenize test] done: 0.3M tokens -> 558 chunks of 512 (0s)
  [transformer] 100/20000 loss 6.8951 | 21724 tok/s
  [transformer] 200/20000 loss 7.0032 | 21670 tok/s
  [transformer] 300/20000 loss 6.6756 | 21462 tok/s
  [transformer] 400/20000 loss 6.7215 | 21402 tok/s
  [transformer] 500/20000 loss 6.2411 | 21251 tok/s
  [transformer] checkpoint saved at step 500: /root/autodl-tmp/M1/scaling_fp32/converge_probe/checkpoints/train_transformer_s1.pt
  [transformer] 600/20000 loss 6.5426 | 18799 tok/s
  [transformer] 700/20000 loss 6.1849 | 21120 tok/s
  [transformer] 800/20000 loss 6.3328 | 21289 tok/s
  [transformer] 900/20000 loss 6.2520 | 21304 tok/s
  [transformer] 1000/20000 loss 6.2145 | 21188 tok/s
  [transformer] checkpoint saved at step 1000: /root/autodl-tmp/M1/scaling_fp32/converge_probe/checkpoints/train_transformer_s1.pt
  [transformer] 1100/20000 loss 6.1588 | 17421 tok/s
  [transformer] 1200/20000 loss 5.9855 | 21127 tok/s
  [transformer] 1300/20000 loss 6.0527 | 21105 tok/s
  [transformer] 1400/20000 loss 6.3130 | 21312 tok/s
  [transformer] 1500/20000 loss 5.7543 | 21274 tok/s
  [transformer] checkpoint saved at step 1500: /root/autodl-tmp/M1/scaling_fp32/converge_probe/checkpoints/train_transformer_s1.pt
  [transformer] 1600/20000 loss 6.0374 | 17547 tok/s
  [transformer] 1700/20000 loss 6.3656 | 21077 tok/s
  [transformer] 1800/20000 loss 6.1651 | 21259 tok/s
  [transformer] 1900/20000 loss 5.8811 | 21290 tok/s
  [transformer] 2000/20000 loss 5.9723 | 21252 tok/s
  [transformer] checkpoint saved at step 2000: /root/autodl-tmp/M1/scaling_fp32/converge_probe/checkpoints/train_transformer_s1.pt
  [transformer] 2100/20000 loss 6.0423 | 17479 tok/s
  [transformer] 2200/20000 loss 6.0694 | 21029 tok/s
  [transformer] 2300/20000 loss 5.4066 | 21100 tok/s
  [transformer] 2400/20000 loss 6.0356 | 21109 tok/s
  [transformer] 2500/20000 loss 5.8710 | 21076 tok/s
  [transformer] checkpoint saved at step 2500: /root/autodl-tmp/M1/scaling_fp32/converge_probe/checkpoints/train_transformer_s1.pt
  [transformer] 2600/20000 loss 5.7977 | 17208 tok/s
  [transformer] 2700/20000 loss 5.7091 | 20950 tok/s
  [transformer] 2800/20000 loss 5.8973 | 21087 tok/s
  [transformer] 2900/20000 loss 6.0289 | 20942 tok/s
  [transformer] 3000/20000 loss 5.8551 | 21079 tok/s
  [transformer] checkpoint saved at step 3000: /root/autodl-tmp/M1/scaling_fp32/converge_probe/checkpoints/train_transformer_s1.pt
  [transformer] 3100/20000 loss 5.4573 | 17536 tok/s
  [transformer] 3200/20000 loss 5.6024 | 21088 tok/s
  [transformer] 3300/20000 loss 5.7106 | 21073 tok/s
  [transformer] 3400/20000 loss 5.9253 | 21066 tok/s
  [transformer] 3500/20000 loss 5.5558 | 21038 tok/s
  [transformer] checkpoint saved at step 3500: /root/autodl-tmp/M1/scaling_fp32/converge_probe/checkpoints/train_transformer_s1.pt
  [transformer] 3600/20000 loss 5.8542 | 17393 tok/s
  [transformer] 3700/20000 loss 5.4406 | 21137 tok/s
  [transformer] 3800/20000 loss 5.6383 | 21071 tok/s
  [transformer] 3900/20000 loss 5.5589 | 21116 tok/s
  [transformer] 4000/20000 loss 5.8592 | 21107 tok/s
  [transformer] checkpoint saved at step 4000: /root/autodl-tmp/M1/scaling_fp32/converge_probe/checkpoints/train_transformer_s1.pt
  [transformer] 4100/20000 loss 5.5318 | 17493 tok/s
  [transformer] 4200/20000 loss 5.6130 | 21104 tok/s
  [transformer] 4300/20000 loss 5.5116 | 21130 tok/s
  [transformer] 4400/20000 loss 5.4029 | 20944 tok/s
  [transformer] 4500/20000 loss 5.4556 | 21115 tok/s
  [transformer] checkpoint saved at step 4500: /root/autodl-tmp/M1/scaling_fp32/converge_probe/checkpoints/train_transformer_s1.pt
  [transformer] 4600/20000 loss 4.9697 | 17407 tok/s
  [transformer] 4700/20000 loss 5.1704 | 21141 tok/s
  [transformer] 4800/20000 loss 5.6081 | 21119 tok/s
  [transformer] 4900/20000 loss 5.6170 | 21150 tok/s
  [transformer] 5000/20000 loss 6.1024 | 21039 tok/s
  [transformer] checkpoint saved at step 5000: /root/autodl-tmp/M1/scaling_fp32/converge_probe/checkpoints/train_transformer_s1.pt
  [transformer] 5100/20000 loss 5.7745 | 17480 tok/s
  [transformer] 5200/20000 loss 5.2966 | 21123 tok/s
  [transformer] 5300/20000 loss 5.0847 | 21063 tok/s
  [transformer] 5400/20000 loss 5.2677 | 21229 tok/s
  [transformer] 5500/20000 loss 5.0330 | 21196 tok/s
  [transformer] checkpoint saved at step 5500: /root/autodl-tmp/M1/scaling_fp32/converge_probe/checkpoints/train_transformer_s1.pt
  [transformer] 5600/20000 loss 4.9333 | 17341 tok/s
  [transformer] 5700/20000 loss 5.5429 | 21103 tok/s
  [transformer] 5800/20000 loss 5.4964 | 21122 tok/s
  [transformer] 5900/20000 loss 5.8092 | 21119 tok/s
  [transformer] 6000/20000 loss 5.4893 | 21085 tok/s
  [transformer] checkpoint saved at step 6000: /root/autodl-tmp/M1/scaling_fp32/converge_probe/checkpoints/train_transformer_s1.pt
  [transformer] 6100/20000 loss 5.5204 | 17327 tok/s
  [transformer] 6200/20000 loss 5.2812 | 21071 tok/s
  [transformer] 6300/20000 loss 5.5895 | 21079 tok/s
  [transformer] 6400/20000 loss 5.5097 | 21132 tok/s
  [transformer] 6500/20000 loss 4.9154 | 21078 tok/s
  [transformer] checkpoint saved at step 6500: /root/autodl-tmp/M1/scaling_fp32/converge_probe/checkpoints/train_transformer_s1.pt
  [transformer] 6600/20000 loss 5.7442 | 17359 tok/s
  [transformer] 6700/20000 loss 5.3157 | 21037 tok/s
  [transformer] 6800/20000 loss 5.3885 | 21049 tok/s
  [transformer] 6900/20000 loss 5.5292 | 21056 tok/s
  [transformer] 7000/20000 loss 5.4240 | 20957 tok/s
  [transformer] checkpoint saved at step 7000: /root/autodl-tmp/M1/scaling_fp32/converge_probe/checkpoints/train_transformer_s1.pt
  [transformer] 7100/20000 loss 5.2322 | 17216 tok/s
  [transformer] 7200/20000 loss 5.2291 | 21089 tok/s
  [transformer] 7300/20000 loss 5.6087 | 21121 tok/s
  [transformer] 7400/20000 loss 4.8904 | 21068 tok/s
  [transformer] 7500/20000 loss 4.9536 | 21095 tok/s
  [transformer] checkpoint saved at step 7500: /root/autodl-tmp/M1/scaling_fp32/converge_probe/checkpoints/train_transformer_s1.pt
  [transformer] 7600/20000 loss 5.0752 | 17454 tok/s
  [transformer] 7700/20000 loss 5.0144 | 21108 tok/s
  [transformer] 7800/20000 loss 5.3015 | 21180 tok/s
  [transformer] 7900/20000 loss 5.1405 | 21258 tok/s
  [transformer] 8000/20000 loss 5.5370 | 21284 tok/s
  [transformer] checkpoint saved at step 8000: /root/autodl-tmp/M1/scaling_fp32/converge_probe/checkpoints/train_transformer_s1.pt
  [transformer] 8100/20000 loss 5.2109 | 17285 tok/s
  [transformer] 8200/20000 loss 5.1511 | 21052 tok/s
  [transformer] 8300/20000 loss 4.9550 | 21105 tok/s
  [transformer] 8400/20000 loss 5.3665 | 21071 tok/s
  [transformer] 8500/20000 loss 4.8935 | 21054 tok/s
  [transformer] checkpoint saved at step 8500: /root/autodl-tmp/M1/scaling_fp32/converge_probe/checkpoints/train_transformer_s1.pt
  [transformer] 8600/20000 loss 5.4825 | 17415 tok/s
  [transformer] 8700/20000 loss 5.4330 | 21054 tok/s
  [transformer] 8800/20000 loss 4.7523 | 21080 tok/s
  [transformer] 8900/20000 loss 5.5345 | 21087 tok/s
  [transformer] 9000/20000 loss 5.4150 | 21093 tok/s
  [transformer] checkpoint saved at step 9000: /root/autodl-tmp/M1/scaling_fp32/converge_probe/checkpoints/train_transformer_s1.pt
  [transformer] 9100/20000 loss 5.2061 | 17638 tok/s
  [transformer] 9200/20000 loss 5.3048 | 21085 tok/s
  [transformer] 9300/20000 loss 5.1794 | 21114 tok/s
  [transformer] 9400/20000 loss 4.7353 | 21212 tok/s
  [transformer] 9500/20000 loss 5.5098 | 21074 tok/s
  [transformer] checkpoint saved at step 9500: /root/autodl-tmp/M1/scaling_fp32/converge_probe/checkpoints/train_transformer_s1.pt
  [transformer] 9600/20000 loss 5.1938 | 17534 tok/s
  [transformer] 9700/20000 loss 4.2898 | 21097 tok/s
  [transformer] 9800/20000 loss 4.9190 | 21195 tok/s
  [transformer] 9900/20000 loss 4.8473 | 21210 tok/s
  [transformer] 10000/20000 loss 5.2160 | 21189 tok/s
  [transformer] checkpoint saved at step 10000: /root/autodl-tmp/M1/scaling_fp32/converge_probe/checkpoints/train_transformer_s1.pt
  [transformer] 10100/20000 loss 5.3457 | 17550 tok/s
  [transformer] 10200/20000 loss 5.5066 | 21244 tok/s
  [transformer] 10300/20000 loss 4.7228 | 21208 tok/s
  [transformer] 10400/20000 loss 5.2008 | 20991 tok/s
  [transformer] 10500/20000 loss 5.2312 | 21118 tok/s
  [transformer] checkpoint saved at step 10500: /root/autodl-tmp/M1/scaling_fp32/converge_probe/checkpoints/train_transformer_s1.pt
  [transformer] 10600/20000 loss 5.3256 | 17392 tok/s
  [transformer] 10700/20000 loss 4.5476 | 21135 tok/s
  [transformer] 10800/20000 loss 4.7225 | 21098 tok/s
  [transformer] 10900/20000 loss 4.9276 | 21087 tok/s
  [transformer] 11000/20000 loss 5.0655 | 21117 tok/s
  [transformer] checkpoint saved at step 11000: /root/autodl-tmp/M1/scaling_fp32/converge_probe/checkpoints/train_transformer_s1.pt
  [transformer] 11100/20000 loss 5.1196 | 17479 tok/s
  [transformer] 11200/20000 loss 5.1040 | 21042 tok/s
  [transformer] 11300/20000 loss 5.0899 | 21111 tok/s
  [transformer] 11400/20000 loss 5.6008 | 21081 tok/s
  [transformer] 11500/20000 loss 4.8907 | 21072 tok/s
  [transformer] checkpoint saved at step 11500: /root/autodl-tmp/M1/scaling_fp32/converge_probe/checkpoints/train_transformer_s1.pt
  [transformer] 11600/20000 loss 4.4968 | 17245 tok/s
  [transformer] 11700/20000 loss 5.0809 | 20909 tok/s
  [transformer] 11800/20000 loss 4.5687 | 20950 tok/s
  [transformer] 11900/20000 loss 5.0624 | 20820 tok/s
  [transformer] 12000/20000 loss 5.0560 | 20935 tok/s
  [transformer] checkpoint saved at step 12000: /root/autodl-tmp/M1/scaling_fp32/converge_probe/checkpoints/train_transformer_s1.pt
  [transformer] 12100/20000 loss 4.8007 | 17461 tok/s
  [transformer] 12200/20000 loss 4.8997 | 21235 tok/s
  [transformer] 12300/20000 loss 5.2899 | 21300 tok/s
  [transformer] 12400/20000 loss 4.8689 | 21203 tok/s
  [transformer] 12500/20000 loss 5.2913 | 21178 tok/s
  [transformer] checkpoint saved at step 12500: /root/autodl-tmp/M1/scaling_fp32/converge_probe/checkpoints/train_transformer_s1.pt
  [transformer] 12600/20000 loss 5.1085 | 17441 tok/s
  [transformer] 12700/20000 loss 5.2276 | 20969 tok/s
  [transformer] 12800/20000 loss 5.0630 | 21102 tok/s
  [transformer] 12900/20000 loss 4.8856 | 21194 tok/s
  [transformer] 13000/20000 loss 4.8765 | 21178 tok/s
  [transformer] checkpoint saved at step 13000: /root/autodl-tmp/M1/scaling_fp32/converge_probe/checkpoints/train_transformer_s1.pt
  [transformer] 13100/20000 loss 4.5668 | 17515 tok/s
  [transformer] 13200/20000 loss 4.7854 | 21206 tok/s
  [transformer] 13300/20000 loss 4.7982 | 21150 tok/s
  [transformer] 13400/20000 loss 5.1205 | 21259 tok/s
  [transformer] 13500/20000 loss 5.2108 | 21256 tok/s
  [transformer] checkpoint saved at step 13500: /root/autodl-tmp/M1/scaling_fp32/converge_probe/checkpoints/train_transformer_s1.pt
  [transformer] 13600/20000 loss 4.9991 | 17389 tok/s
  [transformer] 13700/20000 loss 4.9897 | 21064 tok/s
  [transformer] 13800/20000 loss 5.3523 | 21091 tok/s
  [transformer] 13900/20000 loss 5.0097 | 20939 tok/s
  [transformer] 14000/20000 loss 4.6129 | 21034 tok/s
  [transformer] checkpoint saved at step 14000: /root/autodl-tmp/M1/scaling_fp32/converge_probe/checkpoints/train_transformer_s1.pt
  [transformer] 14100/20000 loss 4.7604 | 17692 tok/s
  [transformer] 14200/20000 loss 5.1160 | 21250 tok/s
  [transformer] 14300/20000 loss 5.1740 | 21266 tok/s
  [transformer] 14400/20000 loss 4.3523 | 21153 tok/s
  [transformer] 14500/20000 loss 4.7604 | 21089 tok/s
  [transformer] checkpoint saved at step 14500: /root/autodl-tmp/M1/scaling_fp32/converge_probe/checkpoints/train_transformer_s1.pt
  [transformer] 14600/20000 loss 4.7866 | 17535 tok/s
  [transformer] 14700/20000 loss 5.0209 | 21086 tok/s
  [transformer] 14800/20000 loss 4.9108 | 21157 tok/s
  [transformer] 14900/20000 loss 4.9581 | 21207 tok/s
  [transformer] 15000/20000 loss 4.9452 | 21157 tok/s
  [transformer] checkpoint saved at step 15000: /root/autodl-tmp/M1/scaling_fp32/converge_probe/checkpoints/train_transformer_s1.pt
  [transformer] 15100/20000 loss 4.3137 | 17532 tok/s
  [transformer] 15200/20000 loss 5.0398 | 21238 tok/s
  [transformer] 15300/20000 loss 4.5950 | 21165 tok/s
  [transformer] 15400/20000 loss 4.9760 | 21181 tok/s
  [transformer] 15500/20000 loss 4.6445 | 21166 tok/s
  [transformer] checkpoint saved at step 15500: /root/autodl-tmp/M1/scaling_fp32/converge_probe/checkpoints/train_transformer_s1.pt
  [transformer] 15600/20000 loss 4.3721 | 17421 tok/s
  [transformer] 15700/20000 loss 4.8165 | 21028 tok/s
  [transformer] 15800/20000 loss 4.3227 | 21074 tok/s
  [transformer] 15900/20000 loss 5.1879 | 21007 tok/s
  [transformer] 16000/20000 loss 4.9643 | 21082 tok/s
  [transformer] checkpoint saved at step 16000: /root/autodl-tmp/M1/scaling_fp32/converge_probe/checkpoints/train_transformer_s1.pt
  [transformer] 16100/20000 loss 4.9127 | 17494 tok/s
  [transformer] 16200/20000 loss 4.3049 | 21035 tok/s
  [transformer] 16300/20000 loss 4.4858 | 21033 tok/s
  [transformer] 16400/20000 loss 4.9446 | 21078 tok/s
  [transformer] 16500/20000 loss 4.7743 | 21078 tok/s
  [transformer] checkpoint saved at step 16500: /root/autodl-tmp/M1/scaling_fp32/converge_probe/checkpoints/train_transformer_s1.pt
  [transformer] 16600/20000 loss 5.4296 | 15832 tok/s
  [transformer] 16700/20000 loss 4.8480 | 20872 tok/s
  [transformer] 16800/20000 loss 4.9143 | 21019 tok/s
  [transformer] 16900/20000 loss 4.9883 | 21000 tok/s
  [transformer] 17000/20000 loss 5.0685 | 21068 tok/s
  [transformer] checkpoint saved at step 17000: /root/autodl-tmp/M1/scaling_fp32/converge_probe/checkpoints/train_transformer_s1.pt
  [transformer] 17100/20000 loss 4.0671 | 17384 tok/s
  [transformer] 17200/20000 loss 4.2199 | 21220 tok/s
  [transformer] 17300/20000 loss 5.0031 | 21209 tok/s
  [transformer] 17400/20000 loss 4.8336 | 21142 tok/s
  [transformer] 17500/20000 loss 4.6795 | 21106 tok/s
  [transformer] checkpoint saved at step 17500: /root/autodl-tmp/M1/scaling_fp32/converge_probe/checkpoints/train_transformer_s1.pt
  [transformer] 17600/20000 loss 4.3534 | 17581 tok/s
  [transformer] 17700/20000 loss 5.0571 | 21187 tok/s
  [transformer] 17800/20000 loss 4.8929 | 21159 tok/s
  [transformer] 17900/20000 loss 4.1347 | 20924 tok/s
  [transformer] 18000/20000 loss 4.3894 | 21191 tok/s
  [transformer] checkpoint saved at step 18000: /root/autodl-tmp/M1/scaling_fp32/converge_probe/checkpoints/train_transformer_s1.pt
  [transformer] 18100/20000 loss 4.9164 | 17485 tok/s
  [transformer] 18200/20000 loss 4.5402 | 21108 tok/s
  [transformer] 18300/20000 loss 4.5264 | 21132 tok/s
  [transformer] 18400/20000 loss 4.6708 | 21012 tok/s
  [transformer] 18500/20000 loss 4.5003 | 21059 tok/s
  [transformer] checkpoint saved at step 18500: /root/autodl-tmp/M1/scaling_fp32/converge_probe/checkpoints/train_transformer_s1.pt
  [transformer] 18600/20000 loss 4.7000 | 17584 tok/s
  [transformer] 18700/20000 loss 4.3186 | 21088 tok/s
  [transformer] 18800/20000 loss 4.4916 | 21071 tok/s
  [transformer] 18900/20000 loss 4.6091 | 21079 tok/s
  [transformer] 19000/20000 loss 4.8781 | 21044 tok/s
  [transformer] checkpoint saved at step 19000: /root/autodl-tmp/M1/scaling_fp32/converge_probe/checkpoints/train_transformer_s1.pt
  [transformer] 19100/20000 loss 4.6113 | 17527 tok/s
  [transformer] 19200/20000 loss 4.6199 | 21154 tok/s
  [transformer] 19300/20000 loss 4.6393 | 21144 tok/s
  [transformer] 19400/20000 loss 4.8373 | 21086 tok/s
  [transformer] 19500/20000 loss 4.8773 | 21082 tok/s
  [transformer] checkpoint saved at step 19500: /root/autodl-tmp/M1/scaling_fp32/converge_probe/checkpoints/train_transformer_s1.pt
  [transformer] 19600/20000 loss 3.9298 | 17449 tok/s
  [transformer] 19700/20000 loss 4.7255 | 21163 tok/s
  [transformer] 19800/20000 loss 4.3405 | 21211 tok/s
  [transformer] 19900/20000 loss 4.6522 | 21187 tok/s
  [transformer] 20000/20000 loss 4.7245 | 21208 tok/s
  [transformer] checkpoint saved at step 20000: /root/autodl-tmp/M1/scaling_fp32/converge_probe/checkpoints/train_transformer_s1.pt
  [transformer] checkpoint saved at step 20000: /root/autodl-tmp/M1/scaling_fp32/converge_probe/checkpoints/train_transformer_s1.pt


------------------------------------------------------------------------
=== transformer (train, seed 2) ===
'[Errno 101] Network is unreachable' thrown while requesting HEAD https://huggingface.co/datasets/Salesforce/wikitext/resolve/b08601e04326c79dfdd32d625aee71d232d685c3/wikitext.py
Retrying in 1s [Retry 1/5].
Using the latest cached version of the dataset since Salesforce/wikitext couldn't be found on the Hugging Face Hub
Found the latest cached dataset configuration 'wikitext-103-raw-v1' at /root/.cache/huggingface/datasets/Salesforce___wikitext/wikitext-103-raw-v1/0.0.0/b08601e04326c79dfdd32d625aee71d232d685c3 (last modified on Tue Jul 14 21:17:11 2026).
    [tokenize train] 100000/1165029 rows, 10.2M tokens, 5s
    [tokenize train] 200000/1165029 rows, 20.4M tokens, 11s
    [tokenize train] 300000/1165029 rows, 30.7M tokens, 16s
    [tokenize train] 400000/1165029 rows, 40.9M tokens, 21s
[transformers] Token indices sequence length is longer than the specified maximum sequence length for this model (1063 > 1024). Running this sequence through the model will result in indexing errors
    [tokenize train] 500000/1165029 rows, 51.0M tokens, 27s
    [tokenize train] 600000/1165029 rows, 61.5M tokens, 32s
    [tokenize train] 700000/1165029 rows, 71.6M tokens, 38s
    [tokenize train] 800000/1165029 rows, 81.9M tokens, 43s
    [tokenize train] 900000/1165029 rows, 92.1M tokens, 48s
    [tokenize train] 1000000/1165029 rows, 102.4M tokens, 54s
    [tokenize train] 1100000/1165029 rows, 112.6M tokens, 59s
    [tokenize train] done: 119.1M tokens -> 232588 chunks of 512 (63s)
'[Errno 101] Network is unreachable' thrown while requesting HEAD https://huggingface.co/datasets/Salesforce/wikitext/resolve/b08601e04326c79dfdd32d625aee71d232d685c3/wikitext.py
Retrying in 1s [Retry 1/5].
Using the latest cached version of the dataset since Salesforce/wikitext couldn't be found on the Hugging Face Hub
Found the latest cached dataset configuration 'wikitext-103-raw-v1' at /root/.cache/huggingface/datasets/Salesforce___wikitext/wikitext-103-raw-v1/0.0.0/b08601e04326c79dfdd32d625aee71d232d685c3 (last modified on Tue Jul 14 21:17:11 2026).
    [tokenize test] done: 0.3M tokens -> 558 chunks of 512 (0s)
  [transformer] 100/20000 loss 6.8848 | 21726 tok/s
  [transformer] 200/20000 loss 6.7659 | 21526 tok/s
  [transformer] 300/20000 loss 6.5940 | 21433 tok/s
  [transformer] 400/20000 loss 6.5871 | 21303 tok/s
  [transformer] 500/20000 loss 6.4359 | 21168 tok/s
  [transformer] checkpoint saved at step 500: /root/autodl-tmp/M1/scaling_fp32/converge_probe/checkpoints/train_transformer_s2.pt
  [transformer] 600/20000 loss 6.3133 | 18960 tok/s
  [transformer] 700/20000 loss 6.2674 | 21088 tok/s
  [transformer] 800/20000 loss 6.3483 | 21082 tok/s
  [transformer] 900/20000 loss 6.1767 | 21093 tok/s
  [transformer] 1000/20000 loss 6.2922 | 21318 tok/s
  [transformer] checkpoint saved at step 1000: /root/autodl-tmp/M1/scaling_fp32/converge_probe/checkpoints/train_transformer_s2.pt
  [transformer] 1100/20000 loss 6.1092 | 17507 tok/s
  [transformer] 1200/20000 loss 5.9790 | 21119 tok/s
  [transformer] 1300/20000 loss 6.2599 | 21207 tok/s
  [transformer] 1400/20000 loss 6.2228 | 21303 tok/s
  [transformer] 1500/20000 loss 6.1506 | 21103 tok/s
  [transformer] checkpoint saved at step 1500: /root/autodl-tmp/M1/scaling_fp32/converge_probe/checkpoints/train_transformer_s2.pt
  [transformer] 1600/20000 loss 6.0370 | 17471 tok/s
  [transformer] 1700/20000 loss 6.1940 | 21168 tok/s
  [transformer] 1800/20000 loss 5.9434 | 21138 tok/s
  [transformer] 1900/20000 loss 6.1003 | 21085 tok/s
  [transformer] 2000/20000 loss 6.2664 | 21071 tok/s
  [transformer] checkpoint saved at step 2000: /root/autodl-tmp/M1/scaling_fp32/converge_probe/checkpoints/train_transformer_s2.pt
  [transformer] 2100/20000 loss 5.7501 | 17478 tok/s
  [transformer] 2200/20000 loss 5.8261 | 21117 tok/s
  [transformer] 2300/20000 loss 5.7443 | 21158 tok/s
  [transformer] 2400/20000 loss 6.1463 | 21052 tok/s
  [transformer] 2500/20000 loss 5.7502 | 21106 tok/s
  [transformer] checkpoint saved at step 2500: /root/autodl-tmp/M1/scaling_fp32/converge_probe/checkpoints/train_transformer_s2.pt
  [transformer] 2600/20000 loss 6.0790 | 17603 tok/s
  [transformer] 2700/20000 loss 5.7355 | 21211 tok/s
  [transformer] 2800/20000 loss 5.3951 | 21203 tok/s
  [transformer] 2900/20000 loss 6.0486 | 21079 tok/s
  [transformer] 3000/20000 loss 6.0890 | 21238 tok/s
  [transformer] checkpoint saved at step 3000: /root/autodl-tmp/M1/scaling_fp32/converge_probe/checkpoints/train_transformer_s2.pt
  [transformer] 3100/20000 loss 5.9062 | 17336 tok/s
  [transformer] 3200/20000 loss 6.2240 | 21017 tok/s
  [transformer] 3300/20000 loss 5.7349 | 21099 tok/s
  [transformer] 3400/20000 loss 5.7513 | 21118 tok/s
  [transformer] 3500/20000 loss 5.5261 | 21055 tok/s
  [transformer] checkpoint saved at step 3500: /root/autodl-tmp/M1/scaling_fp32/converge_probe/checkpoints/train_transformer_s2.pt
  [transformer] 3600/20000 loss 5.6768 | 17331 tok/s
  [transformer] 3700/20000 loss 5.7467 | 21111 tok/s
  [transformer] 3800/20000 loss 5.7317 | 21085 tok/s
  [transformer] 3900/20000 loss 6.0308 | 21106 tok/s
  [transformer] 4000/20000 loss 5.8173 | 21035 tok/s
  [transformer] checkpoint saved at step 4000: /root/autodl-tmp/M1/scaling_fp32/converge_probe/checkpoints/train_transformer_s2.pt
  [transformer] 4100/20000 loss 5.3617 | 17566 tok/s
  [transformer] 4200/20000 loss 5.7648 | 21055 tok/s
  [transformer] 4300/20000 loss 5.4173 | 21101 tok/s
  [transformer] 4400/20000 loss 5.5655 | 21089 tok/s
  [transformer] 4500/20000 loss 5.5223 | 21072 tok/s
  [transformer] checkpoint saved at step 4500: /root/autodl-tmp/M1/scaling_fp32/converge_probe/checkpoints/train_transformer_s2.pt
  [transformer] 4600/20000 loss 5.6544 | 17183 tok/s
  [transformer] 4700/20000 loss 5.4318 | 20982 tok/s
  [transformer] 4800/20000 loss 5.5211 | 21058 tok/s
  [transformer] 4900/20000 loss 5.6294 | 21095 tok/s
  [transformer] 5000/20000 loss 5.9279 | 21118 tok/s
  [transformer] checkpoint saved at step 5000: /root/autodl-tmp/M1/scaling_fp32/converge_probe/checkpoints/train_transformer_s2.pt
  [transformer] 5100/20000 loss 5.4130 | 17246 tok/s
  [transformer] 5200/20000 loss 5.4208 | 21004 tok/s
  [transformer] 5300/20000 loss 5.4900 | 21072 tok/s
  [transformer] 5400/20000 loss 5.5497 | 21068 tok/s
  [transformer] 5500/20000 loss 5.7585 | 20991 tok/s
  [transformer] checkpoint saved at step 5500: /root/autodl-tmp/M1/scaling_fp32/converge_probe/checkpoints/train_transformer_s2.pt
  [transformer] 5600/20000 loss 5.6549 | 17609 tok/s
  [transformer] 5700/20000 loss 5.5541 | 21326 tok/s
  [transformer] 5800/20000 loss 5.8802 | 21305 tok/s
  [transformer] 5900/20000 loss 5.6494 | 21298 tok/s
  [transformer] 6000/20000 loss 5.4763 | 21261 tok/s
  [transformer] checkpoint saved at step 6000: /root/autodl-tmp/M1/scaling_fp32/converge_probe/checkpoints/train_transformer_s2.pt
  [transformer] 6100/20000 loss 5.3100 | 17604 tok/s
  [transformer] 6200/20000 loss 5.6759 | 21082 tok/s
  [transformer] 6300/20000 loss 5.4051 | 21069 tok/s
  [transformer] 6400/20000 loss 5.4307 | 21037 tok/s
  [transformer] 6500/20000 loss 5.1069 | 21081 tok/s
  [transformer] checkpoint saved at step 6500: /root/autodl-tmp/M1/scaling_fp32/converge_probe/checkpoints/train_transformer_s2.pt
  [transformer] 6600/20000 loss 4.9829 | 17461 tok/s
  [transformer] 6700/20000 loss 5.5550 | 21115 tok/s
  [transformer] 6800/20000 loss 4.9608 | 21241 tok/s
  [transformer] 6900/20000 loss 5.1805 | 21107 tok/s
  [transformer] 7000/20000 loss 5.3518 | 21224 tok/s
  [transformer] checkpoint saved at step 7000: /root/autodl-tmp/M1/scaling_fp32/converge_probe/checkpoints/train_transformer_s2.pt
  [transformer] 7100/20000 loss 5.3373 | 17515 tok/s
  [transformer] 7200/20000 loss 5.5130 | 21071 tok/s
  [transformer] 7300/20000 loss 5.6745 | 21128 tok/s
  [transformer] 7400/20000 loss 5.3248 | 21238 tok/s
  [transformer] 7500/20000 loss 5.5766 | 21104 tok/s
  [transformer] checkpoint saved at step 7500: /root/autodl-tmp/M1/scaling_fp32/converge_probe/checkpoints/train_transformer_s2.pt
  [transformer] 7600/20000 loss 5.9301 | 17409 tok/s
  [transformer] 7700/20000 loss 5.3960 | 21114 tok/s
  [transformer] 7800/20000 loss 5.3064 | 21055 tok/s
  [transformer] 7900/20000 loss 5.6737 | 21156 tok/s
  [transformer] 8000/20000 loss 5.1537 | 20923 tok/s
  [transformer] checkpoint saved at step 8000: /root/autodl-tmp/M1/scaling_fp32/converge_probe/checkpoints/train_transformer_s2.pt
  [transformer] 8100/20000 loss 4.8102 | 17197 tok/s
  [transformer] 8200/20000 loss 5.4933 | 20928 tok/s
  [transformer] 8300/20000 loss 5.0800 | 20925 tok/s
  [transformer] 8400/20000 loss 5.6862 | 21024 tok/s
  [transformer] 8500/20000 loss 5.2077 | 21110 tok/s
  [transformer] checkpoint saved at step 8500: /root/autodl-tmp/M1/scaling_fp32/converge_probe/checkpoints/train_transformer_s2.pt
  [transformer] 8600/20000 loss 5.1625 | 17347 tok/s
  [transformer] 8700/20000 loss 5.3611 | 21147 tok/s
  [transformer] 8800/20000 loss 5.5587 | 20998 tok/s
  [transformer] 8900/20000 loss 5.2397 | 21050 tok/s
  [transformer] 9000/20000 loss 5.0442 | 21054 tok/s
  [transformer] checkpoint saved at step 9000: /root/autodl-tmp/M1/scaling_fp32/converge_probe/checkpoints/train_transformer_s2.pt
  [transformer] 9100/20000 loss 5.0431 | 17401 tok/s
  [transformer] 9200/20000 loss 5.1126 | 21379 tok/s
  [transformer] 9300/20000 loss 5.6391 | 21304 tok/s
  [transformer] 9400/20000 loss 4.8311 | 21328 tok/s
  [transformer] 9500/20000 loss 4.7390 | 21299 tok/s
  [transformer] checkpoint saved at step 9500: /root/autodl-tmp/M1/scaling_fp32/converge_probe/checkpoints/train_transformer_s2.pt
  [transformer] 9600/20000 loss 4.9773 | 17435 tok/s
  [transformer] 9700/20000 loss 5.0231 | 21291 tok/s
  [transformer] 9800/20000 loss 5.4107 | 21122 tok/s
  [transformer] 9900/20000 loss 4.8217 | 21271 tok/s
  [transformer] 10000/20000 loss 5.4718 | 21045 tok/s
  [transformer] checkpoint saved at step 10000: /root/autodl-tmp/M1/scaling_fp32/converge_probe/checkpoints/train_transformer_s2.pt
  [transformer] 10100/20000 loss 4.6922 | 17390 tok/s
  [transformer] 10200/20000 loss 5.3995 | 21090 tok/s
  [transformer] 10300/20000 loss 5.1579 | 21017 tok/s
  [transformer] 10400/20000 loss 4.7793 | 21030 tok/s
  [transformer] 10500/20000 loss 4.9368 | 21105 tok/s
  [transformer] checkpoint saved at step 10500: /root/autodl-tmp/M1/scaling_fp32/converge_probe/checkpoints/train_transformer_s2.pt
  [transformer] 10600/20000 loss 4.9549 | 17427 tok/s
  [transformer] 10700/20000 loss 5.1462 | 21146 tok/s
  [transformer] 10800/20000 loss 5.3534 | 21220 tok/s
  [transformer] 10900/20000 loss 4.9646 | 21232 tok/s
  [transformer] 11000/20000 loss 4.4837 | 21223 tok/s
  [transformer] checkpoint saved at step 11000: /root/autodl-tmp/M1/scaling_fp32/converge_probe/checkpoints/train_transformer_s2.pt
  [transformer] 11100/20000 loss 5.3962 | 17371 tok/s
  [transformer] 11200/20000 loss 5.7353 | 21111 tok/s
  [transformer] 11300/20000 loss 5.1930 | 21118 tok/s
  [transformer] 11400/20000 loss 4.7218 | 21046 tok/s
  [transformer] 11500/20000 loss 5.1008 | 21116 tok/s
  [transformer] checkpoint saved at step 11500: /root/autodl-tmp/M1/scaling_fp32/converge_probe/checkpoints/train_transformer_s2.pt
  [transformer] 11600/20000 loss 4.8662 | 17416 tok/s
  [transformer] 11700/20000 loss 4.9579 | 21129 tok/s
  [transformer] 11800/20000 loss 5.2582 | 21226 tok/s
  [transformer] 11900/20000 loss 5.0876 | 21169 tok/s
  [transformer] 12000/20000 loss 5.0627 | 21093 tok/s
  [transformer] checkpoint saved at step 12000: /root/autodl-tmp/M1/scaling_fp32/converge_probe/checkpoints/train_transformer_s2.pt
  [transformer] 12100/20000 loss 4.5027 | 17436 tok/s
  [transformer] 12200/20000 loss 4.9604 | 21050 tok/s
  [transformer] 12300/20000 loss 4.9545 | 21034 tok/s
  [transformer] 12400/20000 loss 4.7544 | 21123 tok/s
  [transformer] 12500/20000 loss 4.8049 | 21146 tok/s
  [transformer] checkpoint saved at step 12500: /root/autodl-tmp/M1/scaling_fp32/converge_probe/checkpoints/train_transformer_s2.pt
  [transformer] 12600/20000 loss 5.1523 | 17173 tok/s
  [transformer] 12700/20000 loss 5.3043 | 20988 tok/s
  [transformer] 12800/20000 loss 4.9591 | 19431 tok/s
  [transformer] 12900/20000 loss 5.2272 | 10373 tok/s
  [transformer] 13000/20000 loss 4.9702 | 10185 tok/s
  [transformer] checkpoint saved at step 13000: /root/autodl-tmp/M1/scaling_fp32/converge_probe/checkpoints/train_transformer_s2.pt
  [transformer] 13100/20000 loss 5.0399 | 9380 tok/s
  [transformer] 13200/20000 loss 4.4707 | 10420 tok/s
  [transformer] 13300/20000 loss 4.3601 | 10467 tok/s
  [transformer] 13400/20000 loss 4.9543 | 10450 tok/s
  [transformer] 13500/20000 loss 5.2442 | 10455 tok/s
  [transformer] checkpoint saved at step 13500: /root/autodl-tmp/M1/scaling_fp32/converge_probe/checkpoints/train_transformer_s2.pt
  [transformer] 13600/20000 loss 5.0198 | 9347 tok/s
  [transformer] 13700/20000 loss 4.8948 | 10458 tok/s
  [transformer] 13800/20000 loss 4.5990 | 10415 tok/s
  [transformer] 13900/20000 loss 4.7793 | 10442 tok/s
  [transformer] 14000/20000 loss 5.3227 | 10451 tok/s
  [transformer] checkpoint saved at step 14000: /root/autodl-tmp/M1/scaling_fp32/converge_probe/checkpoints/train_transformer_s2.pt
  [transformer] 14100/20000 loss 4.6906 | 9410 tok/s
  [transformer] 14200/20000 loss 5.0354 | 10380 tok/s
  [transformer] 14300/20000 loss 5.0414 | 10412 tok/s
  [transformer] 14400/20000 loss 4.5972 | 10464 tok/s
  [transformer] 14500/20000 loss 4.7280 | 10446 tok/s
  [transformer] checkpoint saved at step 14500: /root/autodl-tmp/M1/scaling_fp32/converge_probe/checkpoints/train_transformer_s2.pt
  [transformer] 14600/20000 loss 4.7170 | 9274 tok/s
  [transformer] 14700/20000 loss 4.4903 | 10412 tok/s
  [transformer] 14800/20000 loss 4.7047 | 10383 tok/s
  [transformer] 14900/20000 loss 5.3275 | 10389 tok/s
  [transformer] 15000/20000 loss 5.0088 | 10396 tok/s
  [transformer] checkpoint saved at step 15000: /root/autodl-tmp/M1/scaling_fp32/converge_probe/checkpoints/train_transformer_s2.pt
  [transformer] 15100/20000 loss 5.0856 | 9366 tok/s
  [transformer] 15200/20000 loss 5.1048 | 10472 tok/s
  [transformer] 15300/20000 loss 4.6653 | 10441 tok/s
  [transformer] 15400/20000 loss 4.5241 | 10346 tok/s
  [transformer] 15500/20000 loss 4.9173 | 10396 tok/s
  [transformer] checkpoint saved at step 15500: /root/autodl-tmp/M1/scaling_fp32/converge_probe/checkpoints/train_transformer_s2.pt
  [transformer] 15600/20000 loss 5.0104 | 9421 tok/s
  [transformer] 15700/20000 loss 5.2149 | 10450 tok/s
  [transformer] 15800/20000 loss 4.9414 | 10370 tok/s
  [transformer] 15900/20000 loss 4.7201 | 10465 tok/s
  [transformer] 16000/20000 loss 5.0921 | 10450 tok/s
  [transformer] checkpoint saved at step 16000: /root/autodl-tmp/M1/scaling_fp32/converge_probe/checkpoints/train_transformer_s2.pt
  [transformer] 16100/20000 loss 4.8069 | 9348 tok/s
  [transformer] 16200/20000 loss 4.8202 | 10466 tok/s
  [transformer] 16300/20000 loss 4.3964 | 10438 tok/s
  [transformer] 16400/20000 loss 4.6947 | 10412 tok/s
  [transformer] 16500/20000 loss 4.4162 | 10397 tok/s
  [transformer] checkpoint saved at step 16500: /root/autodl-tmp/M1/scaling_fp32/converge_probe/checkpoints/train_transformer_s2.pt
  [transformer] 16600/20000 loss 4.7210 | 9366 tok/s
  [transformer] 16700/20000 loss 4.8447 | 10381 tok/s
  [transformer] 16800/20000 loss 5.1584 | 10348 tok/s
  [transformer] 16900/20000 loss 4.5376 | 10252 tok/s
  [transformer] 17000/20000 loss 4.9254 | 10257 tok/s
  [transformer] checkpoint saved at step 17000: /root/autodl-tmp/M1/scaling_fp32/converge_probe/checkpoints/train_transformer_s2.pt
  [transformer] 17100/20000 loss 4.8425 | 9425 tok/s
  [transformer] 17200/20000 loss 4.9198 | 10317 tok/s
  [transformer] 17300/20000 loss 4.6461 | 10258 tok/s
  [transformer] 17400/20000 loss 4.1097 | 10249 tok/s
  [transformer] 17500/20000 loss 4.4898 | 10340 tok/s
  [transformer] checkpoint saved at step 17500: /root/autodl-tmp/M1/scaling_fp32/converge_probe/checkpoints/train_transformer_s2.pt
  [transformer] 17600/20000 loss 4.8986 | 9389 tok/s
  [transformer] 17700/20000 loss 4.9840 | 10449 tok/s
  [transformer] 17800/20000 loss 3.5789 | 10466 tok/s
  [transformer] 17900/20000 loss 4.5655 | 10466 tok/s
  [transformer] 18000/20000 loss 4.8459 | 10317 tok/s
  [transformer] checkpoint saved at step 18000: /root/autodl-tmp/M1/scaling_fp32/converge_probe/checkpoints/train_transformer_s2.pt
  [transformer] 18100/20000 loss 5.1652 | 9449 tok/s
  [transformer] 18200/20000 loss 4.9885 | 10478 tok/s
  [transformer] 18300/20000 loss 4.9986 | 10471 tok/s
  [transformer] 18400/20000 loss 4.5475 | 10413 tok/s
  [transformer] 18500/20000 loss 4.8486 | 10431 tok/s
  [transformer] checkpoint saved at step 18500: /root/autodl-tmp/M1/scaling_fp32/converge_probe/checkpoints/train_transformer_s2.pt
  [transformer] 18600/20000 loss 4.7189 | 9426 tok/s
  [transformer] 18700/20000 loss 4.7837 | 10394 tok/s
  [transformer] 18800/20000 loss 4.6231 | 10396 tok/s
  [transformer] 18900/20000 loss 4.9806 | 10393 tok/s
  [transformer] 19000/20000 loss 4.1637 | 10462 tok/s
  [transformer] checkpoint saved at step 19000: /root/autodl-tmp/M1/scaling_fp32/converge_probe/checkpoints/train_transformer_s2.pt
  [transformer] 19100/20000 loss 5.0642 | 9318 tok/s
  [transformer] 19200/20000 loss 4.4604 | 10397 tok/s
  [transformer] 19300/20000 loss 5.0018 | 10443 tok/s
  [transformer] 19400/20000 loss 4.6004 | 10435 tok/s
  [transformer] 19500/20000 loss 4.6429 | 10403 tok/s
  [transformer] checkpoint saved at step 19500: /root/autodl-tmp/M1/scaling_fp32/converge_probe/checkpoints/train_transformer_s2.pt
  [transformer] 19600/20000 loss 5.0777 | 9419 tok/s
  [transformer] 19700/20000 loss 4.8825 | 10357 tok/s
  [transformer] 19800/20000 loss 4.8584 | 10425 tok/s
  [transformer] 19900/20000 loss 5.1831 | 10359 tok/s
  [transformer] 20000/20000 loss 4.5275 | 10375 tok/s
  [transformer] checkpoint saved at step 20000: /root/autodl-tmp/M1/scaling_fp32/converge_probe/checkpoints/train_transformer_s2.pt
  [transformer] checkpoint saved at step 20000: /root/autodl-tmp/M1/scaling_fp32/converge_probe/checkpoints/train_transformer_s2.pt

========================================================================
SCALING TRAIN | WikiText-103 | 20000 steps | seeds [1, 2]
arch               params  stable     val_ppl (mean卤std)   n
mt_lnn        126,041,819    True       88.75 卤 0.19      2
transformer   142,051,520    True       93.89 卤 0.92      2

=======================================================================
END combined log
=======================================================================
