device=cuda dtype=torch.float32 mode=train d_model=832 n_layers=12 archs=['mt_lnn', 'transformer']

=== mt_lnn (train, seed 0) ===
'[Errno 101] Network is unreachable' thrown while requesting HEAD https://huggingface.co/datasets/Salesforce/wikitext/resolve/b08601e04326c79dfdd32d625aee71d232d685c3/wikitext.py
Retrying in 1s [Retry 1/5].
Using the latest cached version of the dataset since Salesforce/wikitext couldn't be found on the Hugging Face Hub
Found the latest cached dataset configuration 'wikitext-103-raw-v1' at /root/.cache/huggingface/datasets/Salesforce___wikitext/wikitext-103-raw-v1/0.0.0/b08601e04326c79dfdd32d625aee71d232d685c3 (last modified on Tue Jul 14 21:17:11 2026).
    [tokenize train] 100000/1165029 rows, 10.2M tokens, 5s
    [tokenize train] 200000/1165029 rows, 20.4M tokens, 11s
    [tokenize train] 300000/1165029 rows, 30.7M tokens, 16s
    [tokenize train] 400000/1165029 rows, 40.9M tokens, 21s
[transformers] Token indices sequence length is longer than the specified maximum sequence length for this model (1063 > 1024). Running this sequence through the model will result in indexing errors
    [tokenize train] 500000/1165029 rows, 51.0M tokens, 26s
    [tokenize train] 600000/1165029 rows, 61.5M tokens, 31s
    [tokenize train] 700000/1165029 rows, 71.6M tokens, 36s
    [tokenize train] 800000/1165029 rows, 81.9M tokens, 42s
    [tokenize train] 900000/1165029 rows, 92.1M tokens, 47s
    [tokenize train] 1000000/1165029 rows, 102.4M tokens, 52s
    [tokenize train] 1100000/1165029 rows, 112.6M tokens, 57s
    [tokenize train] done: 119.1M tokens -> 232588 chunks of 512 (60s)
'[Errno 101] Network is unreachable' thrown while requesting HEAD https://huggingface.co/datasets/Salesforce/wikitext/resolve/b08601e04326c79dfdd32d625aee71d232d685c3/wikitext.py
Retrying in 1s [Retry 1/5].
Using the latest cached version of the dataset since Salesforce/wikitext couldn't be found on the Hugging Face Hub
Found the latest cached dataset configuration 'wikitext-103-raw-v1' at /root/.cache/huggingface/datasets/Salesforce___wikitext/wikitext-103-raw-v1/0.0.0/b08601e04326c79dfdd32d625aee71d232d685c3 (last modified on Tue Jul 14 21:17:11 2026).
    [tokenize test] done: 0.3M tokens -> 558 chunks of 512 (0s)
  [mt_lnn] resumed checkpoint: step 10000/20000, cursor 40000
  [mt_lnn     ] 10100/20000 loss 5.0464 | 13718 tok/s
  [mt_lnn     ] 10200/20000 loss 5.0141 | 15192 tok/s
  [mt_lnn     ] 10300/20000 loss 5.1209 | 15281 tok/s
  [mt_lnn     ] 10400/20000 loss 4.2856 | 15137 tok/s
  [mt_lnn     ] 10500/20000 loss 4.5406 | 15243 tok/s
  [mt_lnn] checkpoint saved at step 10500: /root/autodl-tmp/M1/scaling_fp32/converge_probe/checkpoints/train_mt_lnn_s0.pt
  [mt_lnn     ] 10600/20000 loss 5.2133 | 13578 tok/s
  [mt_lnn     ] 10700/20000 loss 5.0398 | 15305 tok/s
  [mt_lnn     ] 10800/20000 loss 4.8413 | 15127 tok/s
  [mt_lnn     ] 10900/20000 loss 4.7350 | 15173 tok/s
  [mt_lnn     ] 11000/20000 loss 4.8426 | 15305 tok/s
  [mt_lnn] checkpoint saved at step 11000: /root/autodl-tmp/M1/scaling_fp32/converge_probe/checkpoints/train_mt_lnn_s0.pt
  [mt_lnn     ] 11100/20000 loss 4.4433 | 12230 tok/s
  [mt_lnn     ] 11200/20000 loss 4.8157 | 13829 tok/s
  [mt_lnn     ] 11300/20000 loss 4.6287 | 15209 tok/s
  [mt_lnn     ] 11400/20000 loss 5.0752 | 13020 tok/s
  [mt_lnn     ] 11500/20000 loss 4.9329 | 13804 tok/s
  [mt_lnn] checkpoint saved at step 11500: /root/autodl-tmp/M1/scaling_fp32/converge_probe/checkpoints/train_mt_lnn_s0.pt
  [mt_lnn     ] 11600/20000 loss 4.7352 | 11190 tok/s
  [mt_lnn     ] 11700/20000 loss 4.6227 | 14934 tok/s
  [mt_lnn     ] 11800/20000 loss 4.9544 | 15194 tok/s
  [mt_lnn     ] 11900/20000 loss 4.8770 | 15243 tok/s
  [mt_lnn     ] 12000/20000 loss 4.8383 | 15335 tok/s
  [mt_lnn] checkpoint saved at step 12000: /root/autodl-tmp/M1/scaling_fp32/converge_probe/checkpoints/train_mt_lnn_s0.pt
  [mt_lnn     ] 12100/20000 loss 5.1769 | 11247 tok/s
  [mt_lnn     ] 12200/20000 loss 4.7242 | 14288 tok/s
  [mt_lnn     ] 12300/20000 loss 4.9931 | 13931 tok/s
  [mt_lnn     ] 12400/20000 loss 4.6982 | 13827 tok/s
  [mt_lnn     ] 12500/20000 loss 4.2013 | 11633 tok/s
  [mt_lnn] checkpoint saved at step 12500: /root/autodl-tmp/M1/scaling_fp32/converge_probe/checkpoints/train_mt_lnn_s0.pt
  [mt_lnn     ] 12600/20000 loss 5.0400 | 12146 tok/s
  [mt_lnn     ] 12700/20000 loss 4.8565 | 12361 tok/s
  [mt_lnn     ] 12800/20000 loss 4.3300 | 11446 tok/s
  [mt_lnn     ] 12900/20000 loss 5.2911 | 10951 tok/s
  [mt_lnn     ] 13000/20000 loss 4.5656 | 11238 tok/s
  [mt_lnn] checkpoint saved at step 13000: /root/autodl-tmp/M1/scaling_fp32/converge_probe/checkpoints/train_mt_lnn_s0.pt
  [mt_lnn     ] 13100/20000 loss 4.6972 | 12952 tok/s
  [mt_lnn     ] 13200/20000 loss 4.2447 | 15255 tok/s
  [mt_lnn     ] 13300/20000 loss 4.8114 | 15166 tok/s
  [mt_lnn     ] 13400/20000 loss 4.9403 | 15267 tok/s
  [mt_lnn     ] 13500/20000 loss 4.5356 | 15207 tok/s
  [mt_lnn] checkpoint saved at step 13500: /root/autodl-tmp/M1/scaling_fp32/converge_probe/checkpoints/train_mt_lnn_s0.pt
  [mt_lnn     ] 13600/20000 loss 5.0781 | 13406 tok/s
  [mt_lnn     ] 13700/20000 loss 4.3431 | 15146 tok/s
  [mt_lnn     ] 13800/20000 loss 4.5096 | 15164 tok/s
  [mt_lnn     ] 13900/20000 loss 4.7688 | 15207 tok/s
  [mt_lnn     ] 14000/20000 loss 5.4608 | 15238 tok/s
  [mt_lnn] checkpoint saved at step 14000: /root/autodl-tmp/M1/scaling_fp32/converge_probe/checkpoints/train_mt_lnn_s0.pt
  [mt_lnn     ] 14100/20000 loss 4.9198 | 13473 tok/s
  [mt_lnn     ] 14200/20000 loss 4.9831 | 15258 tok/s
  [mt_lnn     ] 14300/20000 loss 3.9727 | 15266 tok/s
  [mt_lnn     ] 14400/20000 loss 4.9519 | 15265 tok/s
  [mt_lnn     ] 14500/20000 loss 4.7874 | 15249 tok/s
  [mt_lnn] checkpoint saved at step 14500: /root/autodl-tmp/M1/scaling_fp32/converge_probe/checkpoints/train_mt_lnn_s0.pt
  [mt_lnn     ] 14600/20000 loss 4.8487 | 13427 tok/s
  [mt_lnn     ] 14700/20000 loss 4.5583 | 15192 tok/s
  [mt_lnn     ] 14800/20000 loss 4.6402 | 15188 tok/s
  [mt_lnn     ] 14900/20000 loss 4.8395 | 15198 tok/s
  [mt_lnn     ] 15000/20000 loss 4.9858 | 14482 tok/s
  [mt_lnn] checkpoint saved at step 15000: /root/autodl-tmp/M1/scaling_fp32/converge_probe/checkpoints/train_mt_lnn_s0.pt
  [mt_lnn     ] 15100/20000 loss 4.5988 | 13077 tok/s
  [mt_lnn     ] 15200/20000 loss 5.2295 | 15222 tok/s
  [mt_lnn     ] 15300/20000 loss 4.6524 | 15144 tok/s
  [mt_lnn     ] 15400/20000 loss 4.8587 | 15244 tok/s
  [mt_lnn     ] 15500/20000 loss 4.9894 | 15190 tok/s
  [mt_lnn] checkpoint saved at step 15500: /root/autodl-tmp/M1/scaling_fp32/converge_probe/checkpoints/train_mt_lnn_s0.pt
  [mt_lnn     ] 15600/20000 loss 4.7874 | 13423 tok/s
  [mt_lnn     ] 15700/20000 loss 4.5338 | 15217 tok/s
  [mt_lnn     ] 15800/20000 loss 4.3302 | 15179 tok/s
  [mt_lnn     ] 15900/20000 loss 4.6102 | 15153 tok/s
  [mt_lnn     ] 16000/20000 loss 4.7517 | 15199 tok/s
  [mt_lnn] checkpoint saved at step 16000: /root/autodl-tmp/M1/scaling_fp32/converge_probe/checkpoints/train_mt_lnn_s0.pt
  [mt_lnn     ] 16100/20000 loss 4.2291 | 13459 tok/s
  [mt_lnn     ] 16200/20000 loss 4.8427 | 15209 tok/s
  [mt_lnn     ] 16300/20000 loss 4.5889 | 15226 tok/s
  [mt_lnn     ] 16400/20000 loss 4.7173 | 15269 tok/s
  [mt_lnn     ] 16500/20000 loss 5.0683 | 15266 tok/s
  [mt_lnn] checkpoint saved at step 16500: /root/autodl-tmp/M1/scaling_fp32/converge_probe/checkpoints/train_mt_lnn_s0.pt
  [mt_lnn     ] 16600/20000 loss 4.9629 | 13510 tok/s
  [mt_lnn     ] 16700/20000 loss 5.1567 | 15333 tok/s
  [mt_lnn     ] 16800/20000 loss 4.5760 | 15307 tok/s
  [mt_lnn     ] 16900/20000 loss 4.6997 | 15259 tok/s
  [mt_lnn     ] 17000/20000 loss 4.7835 | 15293 tok/s
  [mt_lnn] checkpoint saved at step 17000: /root/autodl-tmp/M1/scaling_fp32/converge_probe/checkpoints/train_mt_lnn_s0.pt
  [mt_lnn     ] 17100/20000 loss 5.1135 | 13546 tok/s
  [mt_lnn     ] 17200/20000 loss 5.1083 | 15142 tok/s
  [mt_lnn     ] 17300/20000 loss 5.1750 | 14084 tok/s
  [mt_lnn     ] 17400/20000 loss 4.6646 | 14484 tok/s
  [mt_lnn     ] 17500/20000 loss 4.9184 | 13631 tok/s
  [mt_lnn] checkpoint saved at step 17500: /root/autodl-tmp/M1/scaling_fp32/converge_probe/checkpoints/train_mt_lnn_s0.pt
  [mt_lnn     ] 17600/20000 loss 4.4352 | 13500 tok/s
  [mt_lnn     ] 17700/20000 loss 5.0059 | 15252 tok/s
  [mt_lnn     ] 17800/20000 loss 4.4554 | 15296 tok/s
  [mt_lnn     ] 17900/20000 loss 4.0607 | 15228 tok/s
  [mt_lnn     ] 18000/20000 loss 4.2785 | 15236 tok/s
  [mt_lnn] checkpoint saved at step 18000: /root/autodl-tmp/M1/scaling_fp32/converge_probe/checkpoints/train_mt_lnn_s0.pt
  [mt_lnn     ] 18100/20000 loss 4.8391 | 13166 tok/s
  [mt_lnn     ] 18200/20000 loss 4.7993 | 14695 tok/s
  [mt_lnn     ] 18300/20000 loss 4.7171 | 15277 tok/s
  [mt_lnn     ] 18400/20000 loss 4.7696 | 15295 tok/s
  [mt_lnn     ] 18500/20000 loss 4.4731 | 15311 tok/s
  [mt_lnn] checkpoint saved at step 18500: /root/autodl-tmp/M1/scaling_fp32/converge_probe/checkpoints/train_mt_lnn_s0.pt
  [mt_lnn     ] 18600/20000 loss 4.9089 | 13509 tok/s
  [mt_lnn     ] 18700/20000 loss 4.7987 | 15276 tok/s
  [mt_lnn     ] 18800/20000 loss 4.9156 | 15260 tok/s
  [mt_lnn     ] 18900/20000 loss 4.9216 | 15292 tok/s
  [mt_lnn     ] 19000/20000 loss 4.5262 | 15286 tok/s
  [mt_lnn] checkpoint saved at step 19000: /root/autodl-tmp/M1/scaling_fp32/converge_probe/checkpoints/train_mt_lnn_s0.pt
  [mt_lnn     ] 19100/20000 loss 4.4573 | 13532 tok/s
  [mt_lnn     ] 19200/20000 loss 5.0074 | 15297 tok/s
  [mt_lnn     ] 19300/20000 loss 4.1428 | 15224 tok/s
  [mt_lnn     ] 19400/20000 loss 4.5667 | 15252 tok/s
  [mt_lnn     ] 19500/20000 loss 4.6085 | 13334 tok/s
  [mt_lnn] checkpoint saved at step 19500: /root/autodl-tmp/M1/scaling_fp32/converge_probe/checkpoints/train_mt_lnn_s0.pt
  [mt_lnn     ] 19600/20000 loss 4.7666 | 13493 tok/s
  [mt_lnn     ] 19700/20000 loss 4.5327 | 15331 tok/s
  [mt_lnn     ] 19800/20000 loss 4.7239 | 15295 tok/s
  [mt_lnn     ] 19900/20000 loss 4.4865 | 15315 tok/s
  [mt_lnn     ] 20000/20000 loss 4.6431 | 15306 tok/s
  [mt_lnn] checkpoint saved at step 20000: /root/autodl-tmp/M1/scaling_fp32/converge_probe/checkpoints/train_mt_lnn_s0.pt
  [mt_lnn] checkpoint saved at step 20000: /root/autodl-tmp/M1/scaling_fp32/converge_probe/checkpoints/train_mt_lnn_s0.pt

=== transformer (train, seed 0) ===
'[Errno 101] Network is unreachable' thrown while requesting HEAD https://huggingface.co/datasets/Salesforce/wikitext/resolve/b08601e04326c79dfdd32d625aee71d232d685c3/wikitext.py
Retrying in 1s [Retry 1/5].
Using the latest cached version of the dataset since Salesforce/wikitext couldn't be found on the Hugging Face Hub
Found the latest cached dataset configuration 'wikitext-103-raw-v1' at /root/.cache/huggingface/datasets/Salesforce___wikitext/wikitext-103-raw-v1/0.0.0/b08601e04326c79dfdd32d625aee71d232d685c3 (last modified on Tue Jul 14 21:17:11 2026).
    [tokenize train] 100000/1165029 rows, 10.2M tokens, 5s
    [tokenize train] 200000/1165029 rows, 20.4M tokens, 10s
    [tokenize train] 300000/1165029 rows, 30.7M tokens, 15s
    [tokenize train] 400000/1165029 rows, 40.9M tokens, 20s
[transformers] Token indices sequence length is longer than the specified maximum sequence length for this model (1063 > 1024). Running this sequence through the model will result in indexing errors
    [tokenize train] 500000/1165029 rows, 51.0M tokens, 25s
    [tokenize train] 600000/1165029 rows, 61.5M tokens, 30s
    [tokenize train] 700000/1165029 rows, 71.6M tokens, 35s
    [tokenize train] 800000/1165029 rows, 81.9M tokens, 40s
    [tokenize train] 900000/1165029 rows, 92.1M tokens, 45s
    [tokenize train] 1000000/1165029 rows, 102.4M tokens, 50s
    [tokenize train] 1100000/1165029 rows, 112.6M tokens, 56s
    [tokenize train] done: 119.1M tokens -> 232588 chunks of 512 (59s)
'[Errno 101] Network is unreachable' thrown while requesting HEAD https://huggingface.co/datasets/Salesforce/wikitext/resolve/b08601e04326c79dfdd32d625aee71d232d685c3/wikitext.py
Retrying in 1s [Retry 1/5].
Using the latest cached version of the dataset since Salesforce/wikitext couldn't be found on the Hugging Face Hub
Found the latest cached dataset configuration 'wikitext-103-raw-v1' at /root/.cache/huggingface/datasets/Salesforce___wikitext/wikitext-103-raw-v1/0.0.0/b08601e04326c79dfdd32d625aee71d232d685c3 (last modified on Tue Jul 14 21:17:11 2026).
    [tokenize test] done: 0.3M tokens -> 558 chunks of 512 (0s)
  [transformer] 100/20000 loss 7.0874 | 21636 tok/s
  [transformer] 200/20000 loss 6.7562 | 21639 tok/s
  [transformer] 300/20000 loss 6.3799 | 21482 tok/s
  [transformer] 400/20000 loss 6.5023 | 21467 tok/s
  [transformer] 500/20000 loss 6.3216 | 21315 tok/s
  [transformer] checkpoint saved at step 500: /root/autodl-tmp/M1/scaling_fp32/converge_probe/checkpoints/train_transformer_s0.pt
  [transformer] 600/20000 loss 6.3994 | 18988 tok/s
  [transformer] 700/20000 loss 6.1031 | 21165 tok/s
  [transformer] 800/20000 loss 5.9695 | 21157 tok/s
  [transformer] 900/20000 loss 6.2591 | 21263 tok/s
  [transformer] 1000/20000 loss 6.1037 | 21215 tok/s
  [transformer] checkpoint saved at step 1000: /root/autodl-tmp/M1/scaling_fp32/converge_probe/checkpoints/train_transformer_s0.pt
  [transformer] 1100/20000 loss 6.0035 | 17533 tok/s
  [transformer] 1200/20000 loss 6.2042 | 21131 tok/s
  [transformer] 1300/20000 loss 6.1626 | 21260 tok/s
  [transformer] 1400/20000 loss 6.2146 | 21101 tok/s
  [transformer] 1500/20000 loss 6.0360 | 20959 tok/s
  [transformer] checkpoint saved at step 1500: /root/autodl-tmp/M1/scaling_fp32/converge_probe/checkpoints/train_transformer_s0.pt
  [transformer] 1600/20000 loss 6.1755 | 17497 tok/s
  [transformer] 1700/20000 loss 6.1349 | 21282 tok/s
  [transformer] 1800/20000 loss 6.2877 | 21280 tok/s
  [transformer] 1900/20000 loss 6.1117 | 21283 tok/s
  [transformer] 2000/20000 loss 5.8547 | 21246 tok/s
  [transformer] checkpoint saved at step 2000: /root/autodl-tmp/M1/scaling_fp32/converge_probe/checkpoints/train_transformer_s0.pt
  [transformer] 2100/20000 loss 6.1516 | 17433 tok/s
  [transformer] 2200/20000 loss 5.5008 | 21190 tok/s
  [transformer] 2300/20000 loss 5.8793 | 21055 tok/s
  [transformer] 2400/20000 loss 5.9215 | 21056 tok/s
  [transformer] 2500/20000 loss 6.2870 | 21134 tok/s
  [transformer] checkpoint saved at step 2500: /root/autodl-tmp/M1/scaling_fp32/converge_probe/checkpoints/train_transformer_s0.pt
  [transformer] 2600/20000 loss 5.6727 | 17328 tok/s
  [transformer] 2700/20000 loss 5.8324 | 20955 tok/s
  [transformer] 2800/20000 loss 5.7478 | 21062 tok/s
  [transformer] 2900/20000 loss 5.3306 | 21135 tok/s
  [transformer] 3000/20000 loss 5.6561 | 21160 tok/s
  [transformer] checkpoint saved at step 3000: /root/autodl-tmp/M1/scaling_fp32/converge_probe/checkpoints/train_transformer_s0.pt
  [transformer] 3100/20000 loss 5.8177 | 17327 tok/s
  [transformer] 3200/20000 loss 6.1689 | 21044 tok/s
  [transformer] 3300/20000 loss 6.1376 | 21100 tok/s
  [transformer] 3400/20000 loss 5.4741 | 21127 tok/s
  [transformer] 3500/20000 loss 6.0226 | 21132 tok/s
  [transformer] checkpoint saved at step 3500: /root/autodl-tmp/M1/scaling_fp32/converge_probe/checkpoints/train_transformer_s0.pt
  [transformer] 3600/20000 loss 5.4697 | 17508 tok/s
  [transformer] 3700/20000 loss 5.4582 | 21245 tok/s
  [transformer] 3800/20000 loss 5.5096 | 21141 tok/s
  [transformer] 3900/20000 loss 5.4665 | 21242 tok/s
  [transformer] 4000/20000 loss 5.9377 | 21089 tok/s
  [transformer] checkpoint saved at step 4000: /root/autodl-tmp/M1/scaling_fp32/converge_probe/checkpoints/train_transformer_s0.pt
  [transformer] 4100/20000 loss 5.9300 | 17627 tok/s
  [transformer] 4200/20000 loss 5.5330 | 21321 tok/s
  [transformer] 4300/20000 loss 5.5400 | 21293 tok/s
  [transformer] 4400/20000 loss 5.7953 | 21325 tok/s
  [transformer] 4500/20000 loss 5.5597 | 21319 tok/s
  [transformer] checkpoint saved at step 4500: /root/autodl-tmp/M1/scaling_fp32/converge_probe/checkpoints/train_transformer_s0.pt
  [transformer] 4600/20000 loss 5.8091 | 17566 tok/s
  [transformer] 4700/20000 loss 5.6693 | 21095 tok/s
  [transformer] 4800/20000 loss 5.4892 | 21268 tok/s
  [transformer] 4900/20000 loss 5.1318 | 21229 tok/s
  [transformer] 5000/20000 loss 5.3013 | 21242 tok/s
  [transformer] checkpoint saved at step 5000: /root/autodl-tmp/M1/scaling_fp32/converge_probe/checkpoints/train_transformer_s0.pt
  [transformer] 5100/20000 loss 5.7718 | 17391 tok/s
  [transformer] 5200/20000 loss 5.5215 | 21132 tok/s
  [transformer] 5300/20000 loss 5.4095 | 21148 tok/s
  [transformer] 5400/20000 loss 5.0573 | 21039 tok/s
  [transformer] 5500/20000 loss 5.5600 | 21023 tok/s
  [transformer] checkpoint saved at step 5500: /root/autodl-tmp/M1/scaling_fp32/converge_probe/checkpoints/train_transformer_s0.pt
  [transformer] 5600/20000 loss 5.3571 | 17615 tok/s
  [transformer] 5700/20000 loss 5.6716 | 21288 tok/s
  [transformer] 5800/20000 loss 5.6267 | 21122 tok/s
  [transformer] 5900/20000 loss 5.4179 | 21151 tok/s
  [transformer] 6000/20000 loss 5.3836 | 21311 tok/s
  [transformer] checkpoint saved at step 6000: /root/autodl-tmp/M1/scaling_fp32/converge_probe/checkpoints/train_transformer_s0.pt
  [transformer] 6100/20000 loss 5.2346 | 17528 tok/s
  [transformer] 6200/20000 loss 5.4779 | 21220 tok/s
  [transformer] 6300/20000 loss 5.4152 | 21106 tok/s
  [transformer] 6400/20000 loss 5.8747 | 21173 tok/s
  [transformer] 6500/20000 loss 5.1145 | 21221 tok/s
  [transformer] checkpoint saved at step 6500: /root/autodl-tmp/M1/scaling_fp32/converge_probe/checkpoints/train_transformer_s0.pt
  [transformer] 6600/20000 loss 5.1953 | 17433 tok/s
  [transformer] 6700/20000 loss 5.2639 | 20941 tok/s
  [transformer] 6800/20000 loss 5.0844 | 21135 tok/s
  [transformer] 6900/20000 loss 5.3703 | 21125 tok/s
  [transformer] 7000/20000 loss 5.2387 | 21025 tok/s
  [transformer] checkpoint saved at step 7000: /root/autodl-tmp/M1/scaling_fp32/converge_probe/checkpoints/train_transformer_s0.pt
  [transformer] 7100/20000 loss 5.1152 | 17461 tok/s
  [transformer] 7200/20000 loss 5.1288 | 21081 tok/s
  [transformer] 7300/20000 loss 4.7769 | 21025 tok/s
  [transformer] 7400/20000 loss 5.0355 | 21131 tok/s
  [transformer] 7500/20000 loss 5.8300 | 21128 tok/s
  [transformer] checkpoint saved at step 7500: /root/autodl-tmp/M1/scaling_fp32/converge_probe/checkpoints/train_transformer_s0.pt
  [transformer] 7600/20000 loss 5.1191 | 17423 tok/s
  [transformer] 7700/20000 loss 4.9499 | 21139 tok/s
  [transformer] 7800/20000 loss 5.5662 | 21070 tok/s
  [transformer] 7900/20000 loss 5.0956 | 21139 tok/s
  [transformer] 8000/20000 loss 4.8311 | 21058 tok/s
  [transformer] checkpoint saved at step 8000: /root/autodl-tmp/M1/scaling_fp32/converge_probe/checkpoints/train_transformer_s0.pt
  [transformer] 8100/20000 loss 5.0959 | 17370 tok/s
  [transformer] 8200/20000 loss 4.6651 | 21179 tok/s
  [transformer] 8300/20000 loss 4.8244 | 21324 tok/s
  [transformer] 8400/20000 loss 5.6337 | 21321 tok/s
  [transformer] 8500/20000 loss 5.3081 | 21266 tok/s
  [transformer] checkpoint saved at step 8500: /root/autodl-tmp/M1/scaling_fp32/converge_probe/checkpoints/train_transformer_s0.pt
  [transformer] 8600/20000 loss 5.1618 | 17297 tok/s
  [transformer] 8700/20000 loss 5.0651 | 21163 tok/s
  [transformer] 8800/20000 loss 4.8567 | 21254 tok/s
  [transformer] 8900/20000 loss 5.2259 | 21113 tok/s
  [transformer] 9000/20000 loss 4.6183 | 21252 tok/s
  [transformer] checkpoint saved at step 9000: /root/autodl-tmp/M1/scaling_fp32/converge_probe/checkpoints/train_transformer_s0.pt
  [transformer] 9100/20000 loss 5.2427 | 17382 tok/s
  [transformer] 9200/20000 loss 5.3355 | 21128 tok/s
  [transformer] 9300/20000 loss 5.1411 | 21015 tok/s
  [transformer] 9400/20000 loss 5.0857 | 21117 tok/s
  [transformer] 9500/20000 loss 5.0665 | 21001 tok/s
  [transformer] checkpoint saved at step 9500: /root/autodl-tmp/M1/scaling_fp32/converge_probe/checkpoints/train_transformer_s0.pt
  [transformer] 9600/20000 loss 5.1397 | 17348 tok/s
  [transformer] 9700/20000 loss 5.3766 | 21071 tok/s
  [transformer] 9800/20000 loss 5.0662 | 21108 tok/s
  [transformer] 9900/20000 loss 5.2128 | 21180 tok/s
  [transformer] 10000/20000 loss 4.8539 | 21215 tok/s
  [transformer] checkpoint saved at step 10000: /root/autodl-tmp/M1/scaling_fp32/converge_probe/checkpoints/train_transformer_s0.pt
  [transformer] 10100/20000 loss 5.2208 | 17450 tok/s
  [transformer] 10200/20000 loss 5.1245 | 21065 tok/s
  [transformer] 10300/20000 loss 5.3389 | 21104 tok/s
  [transformer] 10400/20000 loss 4.4698 | 21220 tok/s
  [transformer] 10500/20000 loss 4.7294 | 21116 tok/s
  [transformer] checkpoint saved at step 10500: /root/autodl-tmp/M1/scaling_fp32/converge_probe/checkpoints/train_transformer_s0.pt
  [transformer] 10600/20000 loss 5.3812 | 17306 tok/s
  [transformer] 10700/20000 loss 5.2246 | 21070 tok/s
  [transformer] 10800/20000 loss 5.0693 | 21083 tok/s
  [transformer] 10900/20000 loss 4.9493 | 21127 tok/s
  [transformer] 11000/20000 loss 5.0543 | 21205 tok/s
  [transformer] checkpoint saved at step 11000: /root/autodl-tmp/M1/scaling_fp32/converge_probe/checkpoints/train_transformer_s0.pt
  [transformer] 11100/20000 loss 4.6853 | 17454 tok/s
  [transformer] 11200/20000 loss 5.1442 | 21094 tok/s
  [transformer] 11300/20000 loss 4.8088 | 21039 tok/s
  [transformer] 11400/20000 loss 5.2889 | 21043 tok/s
  [transformer] 11500/20000 loss 5.1729 | 21162 tok/s
  [transformer] checkpoint saved at step 11500: /root/autodl-tmp/M1/scaling_fp32/converge_probe/checkpoints/train_transformer_s0.pt
  [transformer] 11600/20000 loss 4.9101 | 17486 tok/s
  [transformer] 11700/20000 loss 4.9217 | 21173 tok/s
  [transformer] 11800/20000 loss 5.0828 | 21100 tok/s
  [transformer] 11900/20000 loss 5.0626 | 21162 tok/s
  [transformer] 12000/20000 loss 4.9456 | 21109 tok/s
  [transformer] checkpoint saved at step 12000: /root/autodl-tmp/M1/scaling_fp32/converge_probe/checkpoints/train_transformer_s0.pt
  [transformer] 12100/20000 loss 5.3335 | 17339 tok/s
  [transformer] 12200/20000 loss 4.9226 | 21118 tok/s
  [transformer] 12300/20000 loss 5.2553 | 21130 tok/s
  [transformer] 12400/20000 loss 4.8971 | 21254 tok/s
  [transformer] 12500/20000 loss 4.4097 | 21116 tok/s
  [transformer] checkpoint saved at step 12500: /root/autodl-tmp/M1/scaling_fp32/converge_probe/checkpoints/train_transformer_s0.pt
  [transformer] 12600/20000 loss 5.1836 | 17549 tok/s
  [transformer] 12700/20000 loss 5.0577 | 21281 tok/s
  [transformer] 12800/20000 loss 4.4773 | 21297 tok/s
  [transformer] 12900/20000 loss 5.4988 | 21290 tok/s
  [transformer] 13000/20000 loss 4.7065 | 21269 tok/s
  [transformer] checkpoint saved at step 13000: /root/autodl-tmp/M1/scaling_fp32/converge_probe/checkpoints/train_transformer_s0.pt
  [transformer] 13100/20000 loss 4.7918 | 17227 tok/s
  [transformer] 13200/20000 loss 4.3770 | 21000 tok/s
  [transformer] 13300/20000 loss 4.9062 | 21129 tok/s
  [transformer] 13400/20000 loss 5.1193 | 21114 tok/s
  [transformer] 13500/20000 loss 4.7282 | 21131 tok/s
  [transformer] checkpoint saved at step 13500: /root/autodl-tmp/M1/scaling_fp32/converge_probe/checkpoints/train_transformer_s0.pt
  [transformer] 13600/20000 loss 5.1107 | 17189 tok/s
  [transformer] 13700/20000 loss 4.4629 | 21280 tok/s
  [transformer] 13800/20000 loss 4.7275 | 21249 tok/s
  [transformer] 13900/20000 loss 4.8883 | 21218 tok/s
  [transformer] 14000/20000 loss 5.6128 | 21236 tok/s
  [transformer] checkpoint saved at step 14000: /root/autodl-tmp/M1/scaling_fp32/converge_probe/checkpoints/train_transformer_s0.pt
  [transformer] 14100/20000 loss 5.0775 | 17570 tok/s
  [transformer] 14200/20000 loss 5.1160 | 21249 tok/s
  [transformer] 14300/20000 loss 4.0441 | 21261 tok/s
  [transformer] 14400/20000 loss 5.0315 | 21257 tok/s
  [transformer] 14500/20000 loss 5.0590 | 21237 tok/s
  [transformer] checkpoint saved at step 14500: /root/autodl-tmp/M1/scaling_fp32/converge_probe/checkpoints/train_transformer_s0.pt
  [transformer] 14600/20000 loss 4.9568 | 17547 tok/s
  [transformer] 14700/20000 loss 4.6747 | 21112 tok/s
  [transformer] 14800/20000 loss 4.7119 | 21021 tok/s
  [transformer] 14900/20000 loss 4.9586 | 21104 tok/s
  [transformer] 15000/20000 loss 5.0880 | 21087 tok/s
  [transformer] checkpoint saved at step 15000: /root/autodl-tmp/M1/scaling_fp32/converge_probe/checkpoints/train_transformer_s0.pt
  [transformer] 15100/20000 loss 4.7335 | 17372 tok/s
  [transformer] 15200/20000 loss 5.3202 | 21045 tok/s
  [transformer] 15300/20000 loss 4.6868 | 20974 tok/s
  [transformer] 15400/20000 loss 4.9030 | 21153 tok/s
  [transformer] 15500/20000 loss 5.1416 | 21141 tok/s
  [transformer] checkpoint saved at step 15500: /root/autodl-tmp/M1/scaling_fp32/converge_probe/checkpoints/train_transformer_s0.pt
  [transformer] 15600/20000 loss 4.8520 | 17397 tok/s
  [transformer] 15700/20000 loss 4.5268 | 21192 tok/s
  [transformer] 15800/20000 loss 4.4044 | 21045 tok/s
  [transformer] 15900/20000 loss 4.7114 | 21121 tok/s
  [transformer] 16000/20000 loss 4.8741 | 21251 tok/s
  [transformer] checkpoint saved at step 16000: /root/autodl-tmp/M1/scaling_fp32/converge_probe/checkpoints/train_transformer_s0.pt
  [transformer] 16100/20000 loss 4.3304 | 17443 tok/s
  [transformer] 16200/20000 loss 4.8742 | 21133 tok/s
  [transformer] 16300/20000 loss 4.7441 | 21108 tok/s
  [transformer] 16400/20000 loss 4.8136 | 21119 tok/s
  [transformer] 16500/20000 loss 5.1100 | 21125 tok/s
  [transformer] checkpoint saved at step 16500: /root/autodl-tmp/M1/scaling_fp32/converge_probe/checkpoints/train_transformer_s0.pt
  [transformer] 16600/20000 loss 5.0220 | 17557 tok/s
  [transformer] 16700/20000 loss 5.2621 | 21126 tok/s
  [transformer] 16800/20000 loss 4.6610 | 21000 tok/s
  [transformer] 16900/20000 loss 4.7566 | 21272 tok/s
  [transformer] 17000/20000 loss 4.8421 | 21237 tok/s
  [transformer] checkpoint saved at step 17000: /root/autodl-tmp/M1/scaling_fp32/converge_probe/checkpoints/train_transformer_s0.pt
  [transformer] 17100/20000 loss 5.1612 | 17359 tok/s
  [transformer] 17200/20000 loss 5.1233 | 21079 tok/s
  [transformer] 17300/20000 loss 5.2338 | 21150 tok/s
  [transformer] 17400/20000 loss 4.7644 | 21065 tok/s
  [transformer] 17500/20000 loss 4.9598 | 21100 tok/s
  [transformer] checkpoint saved at step 17500: /root/autodl-tmp/M1/scaling_fp32/converge_probe/checkpoints/train_transformer_s0.pt
  [transformer] 17600/20000 loss 4.4915 | 17302 tok/s
  [transformer] 17700/20000 loss 5.0281 | 21183 tok/s
  [transformer] 17800/20000 loss 4.5217 | 21222 tok/s
  [transformer] 17900/20000 loss 4.1525 | 21216 tok/s
  [transformer] 18000/20000 loss 4.3137 | 21237 tok/s
  [transformer] checkpoint saved at step 18000: /root/autodl-tmp/M1/scaling_fp32/converge_probe/checkpoints/train_transformer_s0.pt
  [transformer] 18100/20000 loss 4.9190 | 17517 tok/s
  [transformer] 18200/20000 loss 4.8534 | 21249 tok/s
  [transformer] 18300/20000 loss 4.7928 | 21253 tok/s
  [transformer] 18400/20000 loss 4.8270 | 21137 tok/s
  [transformer] 18500/20000 loss 4.5117 | 21230 tok/s
  [transformer] checkpoint saved at step 18500: /root/autodl-tmp/M1/scaling_fp32/converge_probe/checkpoints/train_transformer_s0.pt
  [transformer] 18600/20000 loss 4.9470 | 17290 tok/s
  [transformer] 18700/20000 loss 4.8493 | 21118 tok/s
  [transformer] 18800/20000 loss 5.0090 | 21195 tok/s
  [transformer] 18900/20000 loss 4.9429 | 21033 tok/s
  [transformer] 19000/20000 loss 4.5535 | 21122 tok/s
  [transformer] checkpoint saved at step 19000: /root/autodl-tmp/M1/scaling_fp32/converge_probe/checkpoints/train_transformer_s0.pt
  [transformer] 19100/20000 loss 4.4824 | 17371 tok/s
  [transformer] 19200/20000 loss 5.0104 | 21315 tok/s
  [transformer] 19300/20000 loss 4.1901 | 21264 tok/s
  [transformer] 19400/20000 loss 4.5857 | 21155 tok/s
  [transformer] 19500/20000 loss 4.6970 | 21255 tok/s
  [transformer] checkpoint saved at step 19500: /root/autodl-tmp/M1/scaling_fp32/converge_probe/checkpoints/train_transformer_s0.pt
  [transformer] 19600/20000 loss 4.7897 | 17595 tok/s
  [transformer] 19700/20000 loss 4.5390 | 21296 tok/s
  [transformer] 19800/20000 loss 4.7783 | 21280 tok/s
  [transformer] 19900/20000 loss 4.5041 | 21263 tok/s
  [transformer] 20000/20000 loss 4.6914 | 21254 tok/s
  [transformer] checkpoint saved at step 20000: /root/autodl-tmp/M1/scaling_fp32/converge_probe/checkpoints/train_transformer_s0.pt
  [transformer] checkpoint saved at step 20000: /root/autodl-tmp/M1/scaling_fp32/converge_probe/checkpoints/train_transformer_s0.pt

========================================================================
SCALING TRAIN | WikiText-103 | 20000 steps | seeds [0]
arch               params  stable     val_ppl (mean±std)   n
mt_lnn        126,041,819    True       89.28 ± 0.00      1
transformer   142,051,520    True       94.63 ± 0.00      1
