[plan] device=cpu steps=30000 待跑 2/2 配置
    step     0  loss 2.3720
    step  2500  loss 0.0186
    step  5000  loss 0.0053
    step  7500  loss 0.0001
    step  9999  loss 0.0445
    step     0  loss 0.0001
    step  5000  loss 0.0134
    step 10000  loss 0.0000
    step 15000  loss 0.0000
    step 19999  loss 0.0000
  [ladderoff_d1_s1] done mean_acc=1.0000 gated=False wall_s=15241.9
    step     0  loss 2.3720
    step  2500  loss 0.0186
    step  5000  loss 0.0053
    step  7500  loss 0.0001
    step  9999  loss 0.0445
    step     0  loss 0.0001
    step  5000  loss 0.0134
    step 10000  loss 0.0000
    step 15000  loss 0.0000
    step 19999  loss 0.0000
  [ladderon_d1_s1] done mean_acc=1.0000 gated=False wall_s=15257.2

[verdict] h_supported=False diagnosis=flat → /kaggle/working/results/tau_ladder_verdict.json
  gain_off=0.0 gain_on=0.0 delta=0.0 threshold=0.0
[plan] device=cpu steps=30000 待跑 2/2 配置
    step     0  loss 2.5320
    step  2500  loss 0.7302
    step  5000  loss 0.0002
    step  7500  loss 0.0001
    step  9999  loss 0.0001
    step     0  loss 0.0003
